=== Magic extract: BiasBranchnMasterx11 ===

Magic 8.3 revision 617 - Compiled on Tue Mar 10 07:41:29 PM EDT 2026.
Starting magic under Tcl interpreter
Using the terminal as the console.
WARNING: RLIMIT_NOFILE is above 1024 and Tcl_Version<9 this may cause runtime issues [rlim_cur=1048576]
Using NULL graphics device.
Processing system .magicrc file
Switching to WIRING tool.
Switching to NETLIST tool.
Switching to PICK tool.
Switching to BOX tool.
Sourcing design .magicrc for technology sky130B ...
2 Magic internal units = 1 Lambda
Input style sky130(): scaleFactor=2, multiplier=2
The following types are not handled by extraction and will be treated as non-electrical types:
    ubm 
Scaled tech values by 2 / 1 to match internal grid scaling
Loading sky130B Device Generator Menu ...
Loading "/home/alienfalcon/Projects/skywater/open_dvs_py312/open_dvs/git_dvs/openDVS-layout/BiasBranchnMasterx11_v9/run_magic_extract_biasbranchnmasterx11.tcl" from command line.
Input style sky130(): scaleFactor=2, multiplier=2
The following types are not handled by extraction and will be treated as non-electrical types:
    ubm 
Scaled tech values by 2 / 1 to match internal grid scaling
Warning: Calma reading is not undoable!  I hope that's OK.
Library written using GDS-II Release 6.0
Library name: BiasBranchnMasterx11
Reading "BiasDividerCell".
Reading "BiasMultiplierCell".
Reading "BiasDivider".
Reading "BiasMultiplier".
Reading "BiasDividerFineCell".
Reading "scs130hd_and2_1".
Reading "scs130hd_inv_1".
Reading "scs130hd_nor2_1".
Reading "BiasBranchBuffer_0".
Reading "BiasCoarseMBDivider".
Reading "BiasMasterBias".
Reading "BiasBranch_0".
Reading "BiasCoarseSel8to1".
Reading "BiasDividerFine".
Reading "BiasCoarseFineInterface".
Reading "BiasBuffers".
CIF file read warning: CIF style sky130(): units rescaled by factor of 5 / 1
Reading "BiasBranchBuffer".
Reading "BiasMasterCoarse".
Reading "BiasBranch".
Reading "BiasBranchnMasterx11".
Box must be present
=== Magic extract starting ===
Extracting BiasBranch_0 into BiasBranch_0.ext:
Extracting BiasCoarseSel8to1 into BiasCoarseSel8to1.ext:
Extracting BiasDividerFineCell into BiasDividerFineCell.ext:
Extracting BiasDividerFine into BiasDividerFine.ext:
Extracting BiasCoarseFineInterface into BiasCoarseFineInterface.ext:
Extracting scs130hd_and2_1 into scs130hd_and2_1.ext:
Extracting scs130hd_inv_1 into scs130hd_inv_1.ext:
Extracting scs130hd_nor2_1 into scs130hd_nor2_1.ext:
Extracting BiasBuffers into BiasBuffers.ext:
Extracting BiasBranch into BiasBranch.ext:
Extracting BiasDividerCell into BiasDividerCell.ext:
Extracting BiasDivider into BiasDivider.ext:
BiasDivider: 2 warnings
Extracting BiasMultiplierCell into BiasMultiplierCell.ext:
Extracting BiasMultiplier into BiasMultiplier.ext:
Extracting BiasCoarseMBDivider into BiasCoarseMBDivider.ext:
Extracting BiasMasterBias into BiasMasterBias.ext:
BiasMasterBias: 2 warnings
Extracting BiasMasterCoarse into BiasMasterCoarse.ext:
Extracting BiasBranchBuffer_0 into BiasBranchBuffer_0.ext:
Extracting BiasBranchBuffer into BiasBranchBuffer.ext:
Extracting BiasBranchnMasterx11 into BiasBranchnMasterx11.ext:
Total of 4 warnings.
exttospice finished.
=== Wrote layout extract: /home/alienfalcon/Projects/skywater/open_dvs_py312/open_dvs/git_dvs/openDVS-layout/BiasBranchnMasterx11_v9/BiasBranchnMasterx11_layout.spice ===
=== Netgen LVS ===
Netgen 1.5.305 compiled on Tue Nov  4 12:45:24 PM EST 2025
Warning: netgen command 'format' use fully-qualified name '::netgen::format'
Warning: netgen command 'global' use fully-qualified name '::netgen::global'
Reading netlist file /home/alienfalcon/Projects/skywater/open_dvs_py312/open_dvs/git_dvs/openDVS-layout/BiasBranchnMasterx11_v9/BiasBranchnMasterx11_layout.spice
Call to undefined subcircuit sky130_fd_pr__nfet_01v8_lvt
Creating placeholder cell definition.
Call to undefined subcircuit sky130_fd_pr__nfet_01v8
Creating placeholder cell definition.
Call to undefined subcircuit sky130_fd_pr__pfet_01v8
Creating placeholder cell definition.
Call to undefined subcircuit sky130_fd_pr__pfet_01v8_hvt
Creating placeholder cell definition.
Call to undefined subcircuit sky130_fd_pr__pfet_01v8_lvt
Creating placeholder cell definition.
Reading netlist file /home/alienfalcon/.xschem/simulations/BiasBranchnMasterx11.spice
Call to undefined subcircuit BiasBranch
Creating placeholder cell definition.
Call to undefined subcircuit BiasMasternCoarse
Creating placeholder cell definition.
Call to undefined subcircuit BiasBranchBuffer
Creating placeholder cell definition.
Call to undefined subcircuit BiasCoarseFineInterface
Creating placeholder cell definition.
Call to undefined subcircuit BiasDividerFine
Creating placeholder cell definition.
Call to undefined subcircuit BiasBuffers
Creating placeholder cell definition.
Call to undefined subcircuit BiasCoarseSel8to1
Creating placeholder cell definition.
Call to undefined subcircuit BiasMasterBias
Creating placeholder cell definition.
Call to undefined subcircuit BiasCoarseMBDivider
Creating placeholder cell definition.
Call to undefined subcircuit sky130_fd_pr__cap_mim_m3_1
Creating placeholder cell definition.
Call to undefined subcircuit sky130_fd_pr__pfet_01v8_lvt
Creating placeholder cell definition.
Call to undefined subcircuit sky130_fd_pr__nfet_01v8_lvt
Creating placeholder cell definition.
Call to undefined subcircuit sky130_fd_pr__pfet_01v8
Creating placeholder cell definition.
Call to undefined subcircuit sky130_fd_pr__nfet_01v8
Creating placeholder cell definition.
Call to undefined subcircuit sky130_fd_pr__pfet_01v8_hvt
Creating placeholder cell definition.
Call to undefined subcircuit BiasDividerFineCell
Creating placeholder cell definition.
Call to undefined subcircuit sky130_fd_sc_hd__nor2_1
Creating placeholder cell definition.
Call to undefined subcircuit sky130_fd_sc_hd__and2_1
Creating placeholder cell definition.
Call to undefined subcircuit sky130_fd_sc_hd__inv_1
Creating placeholder cell definition.
Call to undefined subcircuit BiasDivider
Creating placeholder cell definition.
Call to undefined subcircuit BiasMultiplier
Creating placeholder cell definition.
Call to undefined subcircuit BiasDividerCell
Creating placeholder cell definition.
Call to undefined subcircuit BiasMultiplierCell
Creating placeholder cell definition.

Reading setup file /home/alienfalcon/.ciel/ciel/sky130/versions/7b70722e33c03fcb5dabcf4d479fb0822d9251c9/sky130B/libs.tech/netgen/sky130B_setup.tcl

Model sky130_fd_pr__nfet_01v8 pin 1 == 3
No property mult found for device sky130_fd_pr__nfet_01v8
No property sa found for device sky130_fd_pr__nfet_01v8
No property sb found for device sky130_fd_pr__nfet_01v8
No property sd found for device sky130_fd_pr__nfet_01v8
No property nf found for device sky130_fd_pr__nfet_01v8
No property nrd found for device sky130_fd_pr__nfet_01v8
No property nrs found for device sky130_fd_pr__nfet_01v8
No property area found for device sky130_fd_pr__nfet_01v8
No property perim found for device sky130_fd_pr__nfet_01v8
No property topography found for device sky130_fd_pr__nfet_01v8
Model sky130_fd_pr__nfet_01v8 pin 1 == 3
No property as found for device sky130_fd_pr__nfet_01v8
No property ad found for device sky130_fd_pr__nfet_01v8
No property ps found for device sky130_fd_pr__nfet_01v8
No property pd found for device sky130_fd_pr__nfet_01v8
No property mult found for device sky130_fd_pr__nfet_01v8
No property sa found for device sky130_fd_pr__nfet_01v8
No property sb found for device sky130_fd_pr__nfet_01v8
No property sd found for device sky130_fd_pr__nfet_01v8
No property nrd found for device sky130_fd_pr__nfet_01v8
No property nrs found for device sky130_fd_pr__nfet_01v8
No property area found for device sky130_fd_pr__nfet_01v8
No property perim found for device sky130_fd_pr__nfet_01v8
No property topography found for device sky130_fd_pr__nfet_01v8
Model sky130_fd_pr__nfet_01v8_lvt pin 1 == 3
No property mult found for device sky130_fd_pr__nfet_01v8_lvt
No property sa found for device sky130_fd_pr__nfet_01v8_lvt
No property sb found for device sky130_fd_pr__nfet_01v8_lvt
No property sd found for device sky130_fd_pr__nfet_01v8_lvt
No property nf found for device sky130_fd_pr__nfet_01v8_lvt
No property nrd found for device sky130_fd_pr__nfet_01v8_lvt
No property nrs found for device sky130_fd_pr__nfet_01v8_lvt
No property area found for device sky130_fd_pr__nfet_01v8_lvt
No property perim found for device sky130_fd_pr__nfet_01v8_lvt
No property topography found for device sky130_fd_pr__nfet_01v8_lvt
Model sky130_fd_pr__nfet_01v8_lvt pin 1 == 3
No property as found for device sky130_fd_pr__nfet_01v8_lvt
No property ad found for device sky130_fd_pr__nfet_01v8_lvt
No property ps found for device sky130_fd_pr__nfet_01v8_lvt
No property pd found for device sky130_fd_pr__nfet_01v8_lvt
No property mult found for device sky130_fd_pr__nfet_01v8_lvt
No property sa found for device sky130_fd_pr__nfet_01v8_lvt
No property sb found for device sky130_fd_pr__nfet_01v8_lvt
No property sd found for device sky130_fd_pr__nfet_01v8_lvt
No property nrd found for device sky130_fd_pr__nfet_01v8_lvt
No property nrs found for device sky130_fd_pr__nfet_01v8_lvt
No property area found for device sky130_fd_pr__nfet_01v8_lvt
No property perim found for device sky130_fd_pr__nfet_01v8_lvt
No property topography found for device sky130_fd_pr__nfet_01v8_lvt
Model sky130_fd_pr__pfet_01v8 pin 1 == 3
No property mult found for device sky130_fd_pr__pfet_01v8
No property sa found for device sky130_fd_pr__pfet_01v8
No property sb found for device sky130_fd_pr__pfet_01v8
No property sd found for device sky130_fd_pr__pfet_01v8
No property nf found for device sky130_fd_pr__pfet_01v8
No property nrd found for device sky130_fd_pr__pfet_01v8
No property nrs found for device sky130_fd_pr__pfet_01v8
No property area found for device sky130_fd_pr__pfet_01v8
No property perim found for device sky130_fd_pr__pfet_01v8
No property topography found for device sky130_fd_pr__pfet_01v8
Model sky130_fd_pr__pfet_01v8 pin 1 == 3
No property as found for device sky130_fd_pr__pfet_01v8
No property ad found for device sky130_fd_pr__pfet_01v8
No property ps found for device sky130_fd_pr__pfet_01v8
No property pd found for device sky130_fd_pr__pfet_01v8
No property mult found for device sky130_fd_pr__pfet_01v8
No property sa found for device sky130_fd_pr__pfet_01v8
No property sb found for device sky130_fd_pr__pfet_01v8
No property sd found for device sky130_fd_pr__pfet_01v8
No property nrd found for device sky130_fd_pr__pfet_01v8
No property nrs found for device sky130_fd_pr__pfet_01v8
No property area found for device sky130_fd_pr__pfet_01v8
No property perim found for device sky130_fd_pr__pfet_01v8
No property topography found for device sky130_fd_pr__pfet_01v8
Model sky130_fd_pr__pfet_01v8_lvt pin 1 == 3
No property mult found for device sky130_fd_pr__pfet_01v8_lvt
No property sa found for device sky130_fd_pr__pfet_01v8_lvt
No property sb found for device sky130_fd_pr__pfet_01v8_lvt
No property sd found for device sky130_fd_pr__pfet_01v8_lvt
No property nf found for device sky130_fd_pr__pfet_01v8_lvt
No property nrd found for device sky130_fd_pr__pfet_01v8_lvt
No property nrs found for device sky130_fd_pr__pfet_01v8_lvt
No property area found for device sky130_fd_pr__pfet_01v8_lvt
No property perim found for device sky130_fd_pr__pfet_01v8_lvt
No property topography found for device sky130_fd_pr__pfet_01v8_lvt
Model sky130_fd_pr__pfet_01v8_lvt pin 1 == 3
No property as found for device sky130_fd_pr__pfet_01v8_lvt
No property ad found for device sky130_fd_pr__pfet_01v8_lvt
No property ps found for device sky130_fd_pr__pfet_01v8_lvt
No property pd found for device sky130_fd_pr__pfet_01v8_lvt
No property mult found for device sky130_fd_pr__pfet_01v8_lvt
No property sa found for device sky130_fd_pr__pfet_01v8_lvt
No property sb found for device sky130_fd_pr__pfet_01v8_lvt
No property sd found for device sky130_fd_pr__pfet_01v8_lvt
No property nrd found for device sky130_fd_pr__pfet_01v8_lvt
No property nrs found for device sky130_fd_pr__pfet_01v8_lvt
No property area found for device sky130_fd_pr__pfet_01v8_lvt
No property perim found for device sky130_fd_pr__pfet_01v8_lvt
No property topography found for device sky130_fd_pr__pfet_01v8_lvt
Model sky130_fd_pr__pfet_01v8_hvt pin 1 == 3
No property mult found for device sky130_fd_pr__pfet_01v8_hvt
No property sa found for device sky130_fd_pr__pfet_01v8_hvt
No property sb found for device sky130_fd_pr__pfet_01v8_hvt
No property sd found for device sky130_fd_pr__pfet_01v8_hvt
No property nf found for device sky130_fd_pr__pfet_01v8_hvt
No property nrd found for device sky130_fd_pr__pfet_01v8_hvt
No property nrs found for device sky130_fd_pr__pfet_01v8_hvt
No property area found for device sky130_fd_pr__pfet_01v8_hvt
No property perim found for device sky130_fd_pr__pfet_01v8_hvt
No property topography found for device sky130_fd_pr__pfet_01v8_hvt
Model sky130_fd_pr__pfet_01v8_hvt pin 1 == 3
No property as found for device sky130_fd_pr__pfet_01v8_hvt
No property ad found for device sky130_fd_pr__pfet_01v8_hvt
No property ps found for device sky130_fd_pr__pfet_01v8_hvt
No property pd found for device sky130_fd_pr__pfet_01v8_hvt
No property mult found for device sky130_fd_pr__pfet_01v8_hvt
No property sa found for device sky130_fd_pr__pfet_01v8_hvt
No property sb found for device sky130_fd_pr__pfet_01v8_hvt
No property sd found for device sky130_fd_pr__pfet_01v8_hvt
No property nrd found for device sky130_fd_pr__pfet_01v8_hvt
No property nrs found for device sky130_fd_pr__pfet_01v8_hvt
No property area found for device sky130_fd_pr__pfet_01v8_hvt
No property perim found for device sky130_fd_pr__pfet_01v8_hvt
No property topography found for device sky130_fd_pr__pfet_01v8_hvt
No property area found for device sky130_fd_pr__cap_mim_m3_1
No property value found for device sky130_fd_pr__cap_mim_m3_1
No property mult found for device sky130_fd_pr__cap_mim_m3_1
No property perim found for device sky130_fd_pr__cap_mim_m3_1
No property mf found for device sky130_fd_pr__cap_mim_m3_1
Comparison output logged to file /home/alienfalcon/Projects/skywater/open_dvs_py312/open_dvs/git_dvs/openDVS-layout/BiasBranchnMasterx11_v9/BiasBranchnMasterx11_netgen.report
Logging to file "/home/alienfalcon/Projects/skywater/open_dvs_py312/open_dvs/git_dvs/openDVS-layout/BiasBranchnMasterx11_v9/BiasBranchnMasterx11_netgen.report" enabled
Circuit sky130_fd_pr__pfet_01v8 contains no devices.
Circuit sky130_fd_pr__pfet_01v8_hvt contains no devices.
Circuit sky130_fd_pr__nfet_01v8 contains no devices.
Circuit sky130_fd_pr__pfet_01v8_lvt contains no devices.

Contents of circuit 1:  Circuit: 'BiasMultiplierCell'
Circuit BiasMultiplierCell contains 15 device instances.
  Class: sky130_fd_pr__pfet_01v8 instances:  15
Circuit contains 4 nets.
Contents of circuit 2:  Circuit: 'BiasMultiplierCell'
Circuit BiasMultiplierCell contains 2 device instances.
  Class: sky130_fd_pr__pfet_01v8 instances:   2
Circuit contains 4 nets.

Circuit was modified by parallel/series device merging.
New circuit summary:

Contents of circuit 1:  Circuit: 'BiasMultiplierCell'
Circuit BiasMultiplierCell contains 2 device instances.
  Class: sky130_fd_pr__pfet_01v8 instances:   2
Circuit contains 4 nets.
Contents of circuit 2:  Circuit: 'BiasMultiplierCell'
Circuit BiasMultiplierCell contains 2 device instances.
  Class: sky130_fd_pr__pfet_01v8 instances:   2
Circuit contains 4 nets.

Circuit 1 contains 2 devices, Circuit 2 contains 2 devices.
Circuit 1 contains 4 nets,    Circuit 2 contains 4 nets.


Contents of circuit 1:  Circuit: 'BiasDividerCell'
Circuit BiasDividerCell contains 15 device instances.
  Class: sky130_fd_pr__pfet_01v8 instances:  15
Circuit contains 4 nets.
Contents of circuit 2:  Circuit: 'BiasDividerCell'
Circuit BiasDividerCell contains 2 device instances.
  Class: sky130_fd_pr__pfet_01v8 instances:   2
Circuit contains 4 nets.

Circuit was modified by parallel/series device merging.
New circuit summary:

Contents of circuit 1:  Circuit: 'BiasDividerCell'
Circuit BiasDividerCell contains 2 device instances.
  Class: sky130_fd_pr__pfet_01v8 instances:   2
Circuit contains 4 nets.
Contents of circuit 2:  Circuit: 'BiasDividerCell'
Circuit BiasDividerCell contains 2 device instances.
  Class: sky130_fd_pr__pfet_01v8 instances:   2
Circuit contains 4 nets.

Circuit 1 contains 2 devices, Circuit 2 contains 2 devices.
Circuit 1 contains 4 nets,    Circuit 2 contains 4 nets.

Circuit sky130_fd_pr__nfet_01v8_lvt contains no devices.

Contents of circuit 1:  Circuit: 'BiasDividerFineCell'
Circuit BiasDividerFineCell contains 8 device instances.
  Class: sky130_fd_pr__pfet_01v8_hvt instances:   2
  Class: sky130_fd_pr__pfet_01v8_lvt instances:   6
Circuit contains 10 nets.
Contents of circuit 2:  Circuit: 'BiasDividerFineCell'
Circuit BiasDividerFineCell contains 5 device instances.
  Class: sky130_fd_pr__pfet_01v8_hvt instances:   2
  Class: sky130_fd_pr__pfet_01v8_lvt instances:   3
Circuit contains 10 nets.

Circuit was modified by parallel/series device merging.
New circuit summary:

Contents of circuit 1:  Circuit: 'BiasDividerFineCell'
Circuit BiasDividerFineCell contains 5 device instances.
  Class: sky130_fd_pr__pfet_01v8_hvt instances:   2
  Class: sky130_fd_pr__pfet_01v8_lvt instances:   3
Circuit contains 10 nets.
Contents of circuit 2:  Circuit: 'BiasDividerFineCell'
Circuit BiasDividerFineCell contains 5 device instances.
  Class: sky130_fd_pr__pfet_01v8_hvt instances:   2
  Class: sky130_fd_pr__pfet_01v8_lvt instances:   3
Circuit contains 10 nets.

Circuit 1 contains 5 devices, Circuit 2 contains 5 devices.
Circuit 1 contains 10 nets,    Circuit 2 contains 10 nets.


Contents of circuit 1:  Circuit: 'BiasMultiplier'
Circuit BiasMultiplier contains 17 device instances.
  Class: sky130_fd_pr__pfet_01v8 instances:  15
  Class: BiasMultiplierCell    instances:   2
Circuit contains 7 nets, and 1 disconnected pin.
Contents of circuit 2:  Circuit: 'BiasMultiplier'
Circuit BiasMultiplier contains 4 device instances.
  Class: sky130_fd_pr__pfet_01v8 instances:   2
  Class: BiasMultiplierCell    instances:   2
Circuit contains 7 nets.

Circuit was modified by parallel/series device merging.
New circuit summary:

Contents of circuit 1:  Circuit: 'BiasMultiplier'
Circuit BiasMultiplier contains 4 device instances.
  Class: sky130_fd_pr__pfet_01v8 instances:   2
  Class: BiasMultiplierCell    instances:   2
Circuit contains 7 nets, and 1 disconnected pin.
Contents of circuit 2:  Circuit: 'BiasMultiplier'
Circuit BiasMultiplier contains 4 device instances.
  Class: sky130_fd_pr__pfet_01v8 instances:   2
  Class: BiasMultiplierCell    instances:   2
Circuit contains 7 nets.

Circuit 1 contains 4 devices, Circuit 2 contains 4 devices.
Circuit 1 contains 7 nets,    Circuit 2 contains 7 nets.


Contents of circuit 1:  Circuit: 'BiasDivider'
Circuit BiasDivider contains 21 device instances.
  Class: BiasDividerCell       instances:   6
  Class: sky130_fd_pr__pfet_01v8 instances:  15
Circuit contains 14 nets.
Contents of circuit 2:  Circuit: 'BiasDivider'
Circuit BiasDivider contains 8 device instances.
  Class: BiasDividerCell       instances:   6
  Class: sky130_fd_pr__pfet_01v8 instances:   2
Circuit contains 14 nets.

Circuit was modified by parallel/series device merging.
New circuit summary:

Contents of circuit 1:  Circuit: 'BiasDivider'
Circuit BiasDivider contains 8 device instances.
  Class: BiasDividerCell       instances:   6
  Class: sky130_fd_pr__pfet_01v8 instances:   2
Circuit contains 14 nets.
Contents of circuit 2:  Circuit: 'BiasDivider'
Circuit BiasDivider contains 8 device instances.
  Class: BiasDividerCell       instances:   6
  Class: sky130_fd_pr__pfet_01v8 instances:   2
Circuit contains 14 nets.

Circuit 1 contains 8 devices, Circuit 2 contains 8 devices.
Circuit 1 contains 14 nets,    Circuit 2 contains 14 nets.


Contents of circuit 1:  Circuit: 'BiasCoarseSel8to1'
Circuit BiasCoarseSel8to1 contains 57 device instances.
  Class: sky130_fd_pr__nfet_01v8 instances:  12
  Class: sky130_fd_pr__nfet_01v8_lvt instances:  41
  Class: sky130_fd_pr__pfet_01v8 instances:   4
Circuit contains 51 nets.
Contents of circuit 2:  Circuit: 'BiasCoarseSel8to1'
Circuit BiasCoarseSel8to1 contains 43 device instances.
  Class: sky130_fd_pr__nfet_01v8 instances:  12
  Class: sky130_fd_pr__nfet_01v8_lvt instances:  27
  Class: sky130_fd_pr__pfet_01v8 instances:   4
Circuit contains 51 nets.

Circuit was modified by parallel/series device merging.
New circuit summary:

Contents of circuit 1:  Circuit: 'BiasCoarseSel8to1'
Circuit BiasCoarseSel8to1 contains 43 device instances.
  Class: sky130_fd_pr__nfet_01v8 instances:  12
  Class: sky130_fd_pr__nfet_01v8_lvt instances:  27
  Class: sky130_fd_pr__pfet_01v8 instances:   4
Circuit contains 51 nets.
Contents of circuit 2:  Circuit: 'BiasCoarseSel8to1'
Circuit BiasCoarseSel8to1 contains 43 device instances.
  Class: sky130_fd_pr__nfet_01v8 instances:  12
  Class: sky130_fd_pr__nfet_01v8_lvt instances:  27
  Class: sky130_fd_pr__pfet_01v8 instances:   4
Circuit contains 51 nets.

Circuit 1 contains 43 devices, Circuit 2 contains 43 devices.
Circuit 1 contains 51 nets,    Circuit 2 contains 51 nets.


Contents of circuit 1:  Circuit: 'BiasCoarseFineInterface'
Circuit BiasCoarseFineInterface contains 66 device instances.
  Class: sky130_fd_pr__nfet_01v8 instances:   2
  Class: sky130_fd_pr__pfet_01v8_hvt instances:  16
  Class: sky130_fd_pr__pfet_01v8 instances:  42
  Class: sky130_fd_pr__pfet_01v8_lvt instances:   6
Circuit contains 14 nets.
Contents of circuit 2:  Circuit: 'BiasCoarseFineInterface'
Circuit BiasCoarseFineInterface contains 15 device instances.
  Class: sky130_fd_pr__nfet_01v8 instances:   2
  Class: sky130_fd_pr__pfet_01v8_hvt instances:   2
  Class: sky130_fd_pr__pfet_01v8 instances:   8
  Class: sky130_fd_pr__pfet_01v8_lvt instances:   3
Circuit contains 14 nets.

Circuit was modified by parallel/series device merging.
New circuit summary:

Contents of circuit 1:  Circuit: 'BiasCoarseFineInterface'
Circuit BiasCoarseFineInterface contains 15 device instances.
  Class: sky130_fd_pr__nfet_01v8 instances:   2
  Class: sky130_fd_pr__pfet_01v8_hvt instances:   2
  Class: sky130_fd_pr__pfet_01v8 instances:   8
  Class: sky130_fd_pr__pfet_01v8_lvt instances:   3
Circuit contains 14 nets.
Contents of circuit 2:  Circuit: 'BiasCoarseFineInterface'
Circuit BiasCoarseFineInterface contains 15 device instances.
  Class: sky130_fd_pr__nfet_01v8 instances:   2
  Class: sky130_fd_pr__pfet_01v8_hvt instances:   2
  Class: sky130_fd_pr__pfet_01v8 instances:   8
  Class: sky130_fd_pr__pfet_01v8_lvt instances:   3
Circuit contains 14 nets.

Circuit 1 contains 15 devices, Circuit 2 contains 15 devices.
Circuit 1 contains 14 nets,    Circuit 2 contains 14 nets.


Contents of circuit 1:  Circuit: 'BiasBuffers'
Circuit BiasBuffers contains 76 device instances.
  Class: sky130_fd_pr__nfet_01v8 instances:  20
  Class: sky130_fd_pr__nfet_01v8_lvt instances:  27
  Class: sky130_fd_pr__pfet_01v8_hvt instances:   9
  Class: sky130_fd_pr__pfet_01v8 instances:  11
  Class: sky130_fd_pr__pfet_01v8_lvt instances:   9
Circuit contains 31 nets.
Contents of circuit 2:  Circuit: 'BiasBuffers'
Circuit BiasBuffers contains 45 device instances.
  Class: sky130_fd_pr__nfet_01v8 instances:  20
  Class: sky130_fd_pr__nfet_01v8_lvt instances:   3
  Class: sky130_fd_pr__pfet_01v8_hvt instances:   9
  Class: sky130_fd_pr__pfet_01v8 instances:  10
  Class: sky130_fd_pr__pfet_01v8_lvt instances:   3
Circuit contains 31 nets.

Circuit was modified by parallel/series device merging.
New circuit summary:

Contents of circuit 1:  Circuit: 'BiasBuffers'
Circuit BiasBuffers contains 45 device instances.
  Class: sky130_fd_pr__nfet_01v8 instances:  20
  Class: sky130_fd_pr__nfet_01v8_lvt instances:   3
  Class: sky130_fd_pr__pfet_01v8_hvt instances:   9
  Class: sky130_fd_pr__pfet_01v8 instances:  10
  Class: sky130_fd_pr__pfet_01v8_lvt instances:   3
Circuit contains 31 nets.
Contents of circuit 2:  Circuit: 'BiasBuffers'
Circuit BiasBuffers contains 45 device instances.
  Class: sky130_fd_pr__nfet_01v8 instances:  20
  Class: sky130_fd_pr__nfet_01v8_lvt instances:   3
  Class: sky130_fd_pr__pfet_01v8_hvt instances:   9
  Class: sky130_fd_pr__pfet_01v8 instances:  10
  Class: sky130_fd_pr__pfet_01v8_lvt instances:   3
Circuit contains 31 nets.

Circuit 1 contains 45 devices, Circuit 2 contains 45 devices.
Circuit 1 contains 31 nets,    Circuit 2 contains 31 nets.


Contents of circuit 1:  Circuit: 'BiasDividerFine'
Circuit BiasDividerFine contains 11 device instances.
  Class: sky130_fd_pr__nfet_01v8_lvt instances:   1
  Class: BiasDividerFineCell   instances:   8
  Class: sky130_fd_pr__pfet_01v8_lvt instances:   2
Circuit contains 30 nets.
Contents of circuit 2:  Circuit: 'BiasDividerFine'
Circuit BiasDividerFine contains 10 device instances.
  Class: sky130_fd_pr__nfet_01v8_lvt instances:   1
  Class: BiasDividerFineCell   instances:   8
  Class: sky130_fd_pr__pfet_01v8_lvt instances:   1
Circuit contains 30 nets.

Circuit was modified by parallel/series device merging.
New circuit summary:

Contents of circuit 1:  Circuit: 'BiasDividerFine'
Circuit BiasDividerFine contains 10 device instances.
  Class: sky130_fd_pr__nfet_01v8_lvt instances:   1
  Class: BiasDividerFineCell   instances:   8
  Class: sky130_fd_pr__pfet_01v8_lvt instances:   1
Circuit contains 30 nets.
Contents of circuit 2:  Circuit: 'BiasDividerFine'
Circuit BiasDividerFine contains 10 device instances.
  Class: sky130_fd_pr__nfet_01v8_lvt instances:   1
  Class: BiasDividerFineCell   instances:   8
  Class: sky130_fd_pr__pfet_01v8_lvt instances:   1
Circuit contains 30 nets.

Circuit 1 contains 10 devices, Circuit 2 contains 10 devices.
Circuit 1 contains 30 nets,    Circuit 2 contains 30 nets.


Contents of circuit 1:  Circuit: 'BiasMasterBias'
Circuit BiasMasterBias contains 81 device instances.
  Class: sky130_fd_pr__nfet_01v8 instances:   2
  Class: sky130_fd_pr__nfet_01v8_lvt instances:  61
  Class: sky130_fd_pr__pfet_01v8 instances:  18
Circuit contains 13 nets.
Contents of circuit 2:  Circuit: 'BiasMasterBias'
Circuit BiasMasterBias contains 15 device instances.
  Class: sky130_fd_pr__nfet_01v8 instances:   2
  Class: sky130_fd_pr__nfet_01v8_lvt instances:   9
  Class: sky130_fd_pr__pfet_01v8 instances:   4
Circuit contains 13 nets.

Circuit was modified by parallel/series device merging.
New circuit summary:

Contents of circuit 1:  Circuit: 'BiasMasterBias'
Circuit BiasMasterBias contains 15 device instances.
  Class: sky130_fd_pr__nfet_01v8 instances:   2
  Class: sky130_fd_pr__nfet_01v8_lvt instances:   9
  Class: sky130_fd_pr__pfet_01v8 instances:   4
Circuit contains 13 nets.
Contents of circuit 2:  Circuit: 'BiasMasterBias'
Circuit BiasMasterBias contains 15 device instances.
  Class: sky130_fd_pr__nfet_01v8 instances:   2
  Class: sky130_fd_pr__nfet_01v8_lvt instances:   9
  Class: sky130_fd_pr__pfet_01v8 instances:   4
Circuit contains 13 nets.

Circuit 1 contains 15 devices, Circuit 2 contains 15 devices.
Circuit 1 contains 13 nets,    Circuit 2 contains 13 nets.


Contents of circuit 1:  Circuit: 'BiasCoarseMBDivider'
Circuit BiasCoarseMBDivider contains 66 device instances.
  Class: BiasDivider           instances:   1
  Class: sky130_fd_pr__nfet_01v8_lvt instances:  64
  Class: BiasMultiplier        instances:   1
Circuit contains 54 nets, and 1 disconnected pin.
Contents of circuit 2:  Circuit: 'BiasCoarseMBDivider'
Circuit BiasCoarseMBDivider contains 52 device instances.
  Class: BiasDivider           instances:   1
  Class: sky130_fd_pr__nfet_01v8_lvt instances:  50
  Class: BiasMultiplier        instances:   1
Circuit contains 54 nets.

Circuit was modified by parallel/series device merging.
New circuit summary:

Contents of circuit 1:  Circuit: 'BiasCoarseMBDivider'
Circuit BiasCoarseMBDivider contains 52 device instances.
  Class: BiasDivider           instances:   1
  Class: sky130_fd_pr__nfet_01v8_lvt instances:  50
  Class: BiasMultiplier        instances:   1
Circuit contains 54 nets, and 1 disconnected pin.
Contents of circuit 2:  Circuit: 'BiasCoarseMBDivider'
Circuit BiasCoarseMBDivider contains 52 device instances.
  Class: BiasDivider           instances:   1
  Class: sky130_fd_pr__nfet_01v8_lvt instances:  50
  Class: BiasMultiplier        instances:   1
Circuit contains 54 nets.

Circuit 1 contains 52 devices, Circuit 2 contains 52 devices.
Circuit 1 contains 54 nets,    Circuit 2 contains 54 nets.


Contents of circuit 1:  Circuit: 'BiasBranch'
Circuit BiasBranch contains 4 device instances.
  Class: BiasCoarseFineInterface instances:   1
  Class: BiasBuffers           instances:   1
  Class: BiasCoarseSel8to1     instances:   1
  Class: BiasDividerFine       instances:   1
Circuit contains 49 nets.
Contents of circuit 2:  Circuit: 'BiasBranch'
Circuit BiasBranch contains 4 device instances.
  Class: BiasCoarseFineInterface instances:   1
  Class: BiasBuffers           instances:   1
  Class: BiasCoarseSel8to1     instances:   1
  Class: BiasDividerFine       instances:   1
Circuit contains 49 nets.

Circuit 1 contains 4 devices, Circuit 2 contains 4 devices.
Circuit 1 contains 49 nets,    Circuit 2 contains 49 nets.


Contents of circuit 1:  Circuit: 'BiasBranchBuffer'
Circuit BiasBranchBuffer contains 37 device instances.
  Class: BiasCoarseFineInterface instances:   1
  Class: sky130_fd_pr__nfet_01v8_lvt instances:  32
  Class: sky130_fd_pr__pfet_01v8_lvt instances:   2
  Class: BiasCoarseSel8to1     instances:   1
  Class: BiasDividerFine       instances:   1
Circuit contains 41 nets.
Contents of circuit 2:  Circuit: 'BiasBranchBuffer'
Circuit BiasBranchBuffer contains 6 device instances.
  Class: BiasCoarseFineInterface instances:   1
  Class: sky130_fd_pr__nfet_01v8_lvt instances:   2
  Class: sky130_fd_pr__pfet_01v8_lvt instances:   1
  Class: BiasCoarseSel8to1     instances:   1
  Class: BiasDividerFine       instances:   1
Circuit contains 41 nets.

Circuit was modified by parallel/series device merging.
New circuit summary:

Contents of circuit 1:  Circuit: 'BiasBranchBuffer'
Circuit BiasBranchBuffer contains 6 device instances.
  Class: BiasCoarseFineInterface instances:   1
  Class: sky130_fd_pr__nfet_01v8_lvt instances:   2
  Class: sky130_fd_pr__pfet_01v8_lvt instances:   1
  Class: BiasCoarseSel8to1     instances:   1
  Class: BiasDividerFine       instances:   1
Circuit contains 41 nets.
Contents of circuit 2:  Circuit: 'BiasBranchBuffer'
Circuit BiasBranchBuffer contains 6 device instances.
  Class: BiasCoarseFineInterface instances:   1
  Class: sky130_fd_pr__nfet_01v8_lvt instances:   2
  Class: sky130_fd_pr__pfet_01v8_lvt instances:   1
  Class: BiasCoarseSel8to1     instances:   1
  Class: BiasDividerFine       instances:   1
Circuit contains 41 nets.

Circuit 1 contains 6 devices, Circuit 2 contains 6 devices.
Circuit 1 contains 41 nets,    Circuit 2 contains 41 nets.


Contents of circuit 1:  Circuit: 'BiasBranchnMasterx11'
Circuit BiasBranchnMasterx11 contains 14 device instances.
  Class: BiasMasterBias        instances:   1
  Class: BiasBranch            instances:  11
  Class: BiasBranchBuffer      instances:   1
  Class: BiasCoarseMBDivider   instances:   1
Circuit contains 419 nets.
Contents of circuit 2:  Circuit: 'BiasBranchnMasterx11'
Circuit BiasBranchnMasterx11 contains 18 device instances.
  Class: sky130_fd_pr__cap_mim_m3_1 instances:   4
  Class: BiasMasterBias        instances:   1
  Class: BiasBranch            instances:  11
  Class: BiasBranchBuffer      instances:   1
  Class: BiasCoarseMBDivider   instances:   1
Circuit contains 419 nets, and 276 disconnected pins.

Circuit was modified by parallel/series device merging.
New circuit summary:

Contents of circuit 1:  Circuit: 'BiasBranchnMasterx11'
Circuit BiasBranchnMasterx11 contains 14 device instances.
  Class: BiasMasterBias        instances:   1
  Class: BiasBranch            instances:  11
  Class: BiasBranchBuffer      instances:   1
  Class: BiasCoarseMBDivider   instances:   1
Circuit contains 419 nets.
Contents of circuit 2:  Circuit: 'BiasBranchnMasterx11'
Circuit BiasBranchnMasterx11 contains 15 device instances.
  Class: sky130_fd_pr__cap_mim_m3_1 instances:   1
  Class: BiasMasterBias        instances:   1
  Class: BiasBranch            instances:  11
  Class: BiasBranchBuffer      instances:   1
  Class: BiasCoarseMBDivider   instances:   1
Circuit contains 419 nets, and 276 disconnected pins.

Circuit 1 contains 14 devices, Circuit 2 contains 15 devices. *** MISMATCH ***
Circuit 1 contains 419 nets,    Circuit 2 contains 419 nets.


Final result: 
Top level cell failed pin matching.

Logging to file "/home/alienfalcon/Projects/skywater/open_dvs_py312/open_dvs/git_dvs/openDVS-layout/BiasBranchnMasterx11_v9/BiasBranchnMasterx11_netgen.report" disabled
LVS Done.

Report: /home/alienfalcon/Projects/skywater/open_dvs_py312/open_dvs/git_dvs/openDVS-layout/BiasBranchnMasterx11_v9/BiasBranchnMasterx11_netgen.report
PBiasEn[8]                                 |PBiasEn[1] **Mismatch**                    
PBiasEn[10]                                |PBiasEn[0] **Mismatch**                    
PowerDown[9]                               |PowerDown[10] **Mismatch**                 
PowerDown[1]                               |PowerDown[9] **Mismatch**                  
PowerDown[6]                               |PowerDown[8] **Mismatch**                  
PowerDown[3]                               |PowerDown[6] **Mismatch**                  
PowerDown[2]                               |PowerDown[5] **Mismatch**                  
PowerDown[5]                               |PowerDown[3] **Mismatch**                  
PowerDown[0]                               |PowerDown[2] **Mismatch**                  
PowerDown[8]                               |PowerDown[1] **Mismatch**                  
PowerDown[10]                              |PowerDown[0] **Mismatch**                  
BIT0[9]                                    |BIT0[10] **Mismatch**                      
BIT0[1]                                    |BIT0[9] **Mismatch**                       
BIT0[6]                                    |BIT0[8] **Mismatch**                       
BIT0[3]                                    |BIT0[6] **Mismatch**                       
BIT0[2]                                    |BIT0[5] **Mismatch**                       
BIT0[5]                                    |BIT0[3] **Mismatch**                       
BIT0[0]                                    |BIT0[2] **Mismatch**                       
BIT0[8]                                    |BIT0[1] **Mismatch**                       
BIT0[10]                                   |BIT0[0] **Mismatch**                       
NBiasEn[9]                                 |NBiasEn[10] **Mismatch**                   
NBiasEn[1]                                 |NBiasEn[9] **Mismatch**                    
NBiasEn[6]                                 |NBiasEn[8] **Mismatch**                    
NBiasEn[3]                                 |NBiasEn[6] **Mismatch**                    
NBiasEn[2]                                 |NBiasEn[5] **Mismatch**                    
NBiasEn[5]                                 |NBiasEn[3] **Mismatch**                    
NBiasEn[0]                                 |NBiasEn[2] **Mismatch**                    
NBiasEn[8]                                 |NBiasEn[1] **Mismatch**                    
NBiasEn[10]                                |NBiasEn[0] **Mismatch**                    
Final result: Top level cell failed pin matching.
