========================================================================
Synchronizing met3:drawing with met3:pin on West edge of: pixel_4tile
West X Cutoff: <= 100.000um | Core Interface Overlap: +0.50um
Max pin width filter: 80um (skipped 10)
========================================================================
Found 266 formal met3:pin shapes to synchronize.
[SYNCED] Net: row_on_detect_top<26>     | met3:drawing updated to Y: [1263.290, 1263.590]
[SYNCED] Net: row_on_detect_top<2>      | met3:drawing updated to Y: [1551.610, 1551.910]
[SYNCED] Net: row_on_detect_top<23>     | met3:drawing updated to Y: [1310.890, 1311.190]
[SYNCED] Net: row_off_detect_top<9>     | met3:drawing updated to Y: [1477.490, 1477.790]
[SYNCED] Net: row_off_detect_top<10>    | met3:drawing updated to Y: [1456.410, 1456.710]
[SYNCED] Net: row_off_detect_top<3>     | met3:drawing updated to Y: [1549.570, 1549.870]
[SYNCED] Net: row_off_detect_top<4>     | met3:drawing updated to Y: [1528.490, 1528.790]
[SYNCED] Net: row_off_detect_top<24>    | met3:drawing updated to Y: [1288.450, 1288.750]
[SYNCED] Net: row_off_detect_top<21>    | met3:drawing updated to Y: [1333.330, 1333.630]
[SYNCED] Net: row_off_detect_top<22>    | met3:drawing updated to Y: [1312.930, 1313.230]
[SYNCED] Net: row_off_detect_top<17>    | met3:drawing updated to Y: [1381.610, 1381.910]
[SYNCED] Net: row_off_detect_top<18>    | met3:drawing updated to Y: [1360.530, 1360.830]
[SYNCED] Net: row_off_detect_top<16>    | met3:drawing updated to Y: [1385.010, 1385.310]
[SYNCED] Net: row_on_detect_top<17>     | met3:drawing updated to Y: [1382.290, 1382.590]
[SYNCED] Net: row_on_detect_top<18>     | met3:drawing updated to Y: [1359.850, 1360.150]
[SYNCED] Net: row_on_detect_top<15>     | met3:drawing updated to Y: [1406.090, 1406.390]
[SYNCED] Net: row_on_detect_top<15>     | met3:drawing updated to Y: [1406.090, 1406.390]
[SYNCED] Net: row_on_detect_top<25>     | met3:drawing updated to Y: [1286.410, 1286.710]
[SYNCED] Net: row_on_detect_top<24>     | met3:drawing updated to Y: [1287.770, 1288.070]
[SYNCED] Net: row_off_detect_top<19>    | met3:drawing updated to Y: [1357.130, 1357.430]
[SYNCED] Net: row_off_detect_top<20>    | met3:drawing updated to Y: [1336.730, 1337.030]
[SYNCED] Net: row_on_detect_top<13>     | met3:drawing updated to Y: [1430.570, 1430.870]
[SYNCED] Net: row_on_detect_top<14>     | met3:drawing updated to Y: [1407.450, 1407.750]
[SYNCED] Net: row_off_detect_top<23>    | met3:drawing updated to Y: [1309.530, 1309.830]
[SYNCED] Net: row_on_detect_top<9>      | met3:drawing updated to Y: [1478.850, 1479.150]
[SYNCED] Net: row_on_detect_top<10>     | met3:drawing updated to Y: [1455.730, 1456.030]
[SYNCED] Net: row_off_detect_top<15>    | met3:drawing updated to Y: [1405.410, 1405.710]
[SYNCED] Net: ndetect_pulse_global_top_left | met3:drawing updated to Y: [1627.075, 1628.435]
[SYNCED] Net: row_on_detect_top<11>     | met3:drawing updated to Y: [1454.370, 1454.670]
[SYNCED] Net: row_on_detect_top<12>     | met3:drawing updated to Y: [1431.250, 1431.550]
[SYNCED] Net: row_on_detect_top<16>     | met3:drawing updated to Y: [1383.650, 1383.950]
[SYNCED] Net: row_off_detect_top<1>     | met3:drawing updated to Y: [1573.370, 1573.670]
[SYNCED] Net: row_off_detect_top<2>     | met3:drawing updated to Y: [1552.970, 1553.270]
[SYNCED] Net: row_on_detect_top<5>      | met3:drawing updated to Y: [1526.450, 1526.750]
[SYNCED] Net: row_on_detect_top<6>      | met3:drawing updated to Y: [1503.330, 1503.630]
[SYNCED] Net: row_off_detect_top<5>     | met3:drawing updated to Y: [1525.090, 1525.390]
[SYNCED] Net: row_off_detect_top<6>     | met3:drawing updated to Y: [1504.690, 1504.990]
[SYNCED] Net: row_off_detect_top<7>     | met3:drawing updated to Y: [1501.290, 1501.590]
[SYNCED] Net: row_off_detect_top<8>     | met3:drawing updated to Y: [1480.890, 1481.190]
[SYNCED] Net: row_off_detect_top<13>    | met3:drawing updated to Y: [1429.210, 1429.510]
[SYNCED] Net: row_off_detect_top<14>    | met3:drawing updated to Y: [1408.810, 1409.110]
[SYNCED] Net: row_on_detect_top<7>      | met3:drawing updated to Y: [1502.650, 1502.950]
[SYNCED] Net: row_on_detect_top<8>      | met3:drawing updated to Y: [1479.530, 1479.830]
[SYNCED] Net: unnamed                   | met3:drawing updated to Y: [1697.955, 1707.955]
[SYNCED] Net: row_off_detect_top<26>    | met3:drawing updated to Y: [1264.650, 1264.950]
[SYNCED] Net: row_on_detect_top<21>     | met3:drawing updated to Y: [1334.690, 1334.990]
[SYNCED] Net: row_on_detect_top<22>     | met3:drawing updated to Y: [1311.570, 1311.870]
[SYNCED] Net: pre_charge_global_top_left | met3:drawing updated to Y: [1607.355, 1608.715]
[SYNCED] Net: row_on_detect_top<3>      | met3:drawing updated to Y: [1550.930, 1551.230]
[SYNCED] Net: row_on_detect_top<4>      | met3:drawing updated to Y: [1527.810, 1528.110]
[SYNCED] Net: detect_pulse_global_top_left | met3:drawing updated to Y: [1618.905, 1620.305]
[SYNCED] Net: unnamed                   | met3:drawing updated to Y: [1658.440, 1668.440]
[SYNCED] Net: row_on_detect_top<20>     | met3:drawing updated to Y: [1336.050, 1336.350]
[SYNCED] Net: row_on_detect_top<20>     | met3:drawing updated to Y: [1336.050, 1336.350]
[SYNCED] Net: row_off_detect_top<0>     | met3:drawing updated to Y: [1576.770, 1577.070]
[SYNCED] Net: row_off_detect_top<11>    | met3:drawing updated to Y: [1453.690, 1453.990]
[SYNCED] Net: row_off_detect_top<25>    | met3:drawing updated to Y: [1285.730, 1286.030]
[SYNCED] Net: row_on_detect_top<19>     | met3:drawing updated to Y: [1358.490, 1358.790]
[SYNCED] Net: row_on_detect_top<1>      | met3:drawing updated to Y: [1574.730, 1575.030]
[SYNCED] Net: row_off_detect_top<12>    | met3:drawing updated to Y: [1432.610, 1432.910]
[SYNCED] Net: row_on_detect_top<0>      | met3:drawing updated to Y: [1575.410, 1575.710]
[SYNCED] Net: row_on_detect_top<34>     | met3:drawing updated to Y: [1167.410, 1167.710]
[SYNCED] Net: row_on_detect_top<28>     | met3:drawing updated to Y: [1239.490, 1239.790]
[SYNCED] Net: row_off_detect_top<58>    | met3:drawing updated to Y: [880.450, 880.750]
[SYNCED] Net: row_off_detect_top<59>    | met3:drawing updated to Y: [877.730, 878.030]
[SYNCED] Net: row_off_detect_top<38>    | met3:drawing updated to Y: [1120.490, 1120.790]
[SYNCED] Net: row_on_detect_top<48>     | met3:drawing updated to Y: [999.450, 999.750]
[SYNCED] Net: row_on_detect_top<59>     | met3:drawing updated to Y: [878.410, 878.710]
[SYNCED] Net: row_on_detect_top<60>     | met3:drawing updated to Y: [855.290, 855.590]
[SYNCED] Net: row_off_detect_top<62>    | met3:drawing updated to Y: [832.850, 833.150]
[SYNCED] Net: row_off_detect_top<34>    | met3:drawing updated to Y: [1168.770, 1169.070]
[SYNCED] Net: row_off_detect_top<53>    | met3:drawing updated to Y: [949.130, 949.430]
[SYNCED] Net: row_off_detect_top<54>    | met3:drawing updated to Y: [928.730, 929.030]
[SYNCED] Net: row_off_detect_top<36>    | met3:drawing updated to Y: [1144.970, 1145.270]
[SYNCED] Net: row_off_detect_top<60>    | met3:drawing updated to Y: [856.650, 856.950]
[SYNCED] Net: row_off_detect_top<44>    | met3:drawing updated to Y: [1048.410, 1048.710]
[SYNCED] Net: row_off_detect_top<31>    | met3:drawing updated to Y: [1213.650, 1213.950]
[SYNCED] Net: row_off_detect_top<52>    | met3:drawing updated to Y: [952.530, 952.830]
[SYNCED] Net: row_on_detect_top<63>     | met3:drawing updated to Y: [830.810, 831.110]
[SYNCED] Net: row_off_detect_top<29>    | met3:drawing updated to Y: [1237.450, 1237.750]
[SYNCED] Net: row_on_detect_top<42>     | met3:drawing updated to Y: [1071.530, 1071.830]
[SYNCED] Net: row_off_detect_top<32>    | met3:drawing updated to Y: [1192.570, 1192.870]
[SYNCED] Net: row_off_detect_top<40>    | met3:drawing updated to Y: [1096.690, 1096.990]
[SYNCED] Net: row_on_detect_top<57>     | met3:drawing updated to Y: [902.890, 903.190]
[SYNCED] Net: row_on_detect_top<56>     | met3:drawing updated to Y: [903.570, 903.870]
[SYNCED] Net: row_on_detect_top<40>     | met3:drawing updated to Y: [1095.330, 1095.630]
[SYNCED] Net: row_off_detect_top<41>    | met3:drawing updated to Y: [1093.290, 1093.590]
[SYNCED] Net: row_on_detect_top<35>     | met3:drawing updated to Y: [1166.730, 1167.030]
[SYNCED] Net: row_on_detect_top<36>     | met3:drawing updated to Y: [1143.610, 1143.910]
[SYNCED] Net: row_off_detect_top<42>    | met3:drawing updated to Y: [1072.890, 1073.190]
[SYNCED] Net: row_off_detect_top<47>    | met3:drawing updated to Y: [1021.210, 1021.510]
[SYNCED] Net: row_on_detect_top<33>     | met3:drawing updated to Y: [1190.530, 1190.830]
[SYNCED] Net: row_on_detect_top<31>     | met3:drawing updated to Y: [1214.330, 1214.630]
[SYNCED] Net: row_on_detect_top<32>     | met3:drawing updated to Y: [1191.210, 1191.510]
[SYNCED] Net: row_off_detect_top<57>    | met3:drawing updated to Y: [901.530, 901.830]
[SYNCED] Net: row_on_detect_top<47>     | met3:drawing updated to Y: [1022.570, 1022.870]
[SYNCED] Net: row_on_detect_top<43>     | met3:drawing updated to Y: [1070.850, 1071.150]
[SYNCED] Net: row_off_detect_top<55>    | met3:drawing updated to Y: [925.330, 925.630]
[SYNCED] Net: row_off_detect_top<56>    | met3:drawing updated to Y: [904.930, 905.230]
[SYNCED] Net: row_off_detect_top<61>    | met3:drawing updated to Y: [853.250, 853.550]
[SYNCED] Net: row_on_detect_top<49>     | met3:drawing updated to Y: [998.090, 998.390]
[SYNCED] Net: row_on_detect_top<49>     | met3:drawing updated to Y: [998.090, 998.390]
[SYNCED] Net: row_on_detect_top<50>     | met3:drawing updated to Y: [975.650, 975.950]
[SYNCED] Net: row_on_detect_top<53>     | met3:drawing updated to Y: [950.490, 950.790]
[SYNCED] Net: row_on_detect_top<54>     | met3:drawing updated to Y: [928.050, 928.350]
[SYNCED] Net: row_on_detect_top<54>     | met3:drawing updated to Y: [928.050, 928.350]
[SYNCED] Net: row_off_detect_top<43>    | met3:drawing updated to Y: [1069.490, 1069.790]
[SYNCED] Net: row_off_detect_top<33>    | met3:drawing updated to Y: [1189.170, 1189.470]
[SYNCED] Net: row_off_detect_top<35>    | met3:drawing updated to Y: [1165.370, 1165.670]
[SYNCED] Net: row_off_detect_top<37>    | met3:drawing updated to Y: [1141.570, 1141.870]
[SYNCED] Net: row_off_detect_top<45>    | met3:drawing updated to Y: [1045.690, 1045.990]
[SYNCED] Net: row_off_detect_top<46>    | met3:drawing updated to Y: [1024.610, 1024.910]
[SYNCED] Net: row_on_detect_top<45>     | met3:drawing updated to Y: [1046.370, 1046.670]
[SYNCED] Net: row_on_detect_top<46>     | met3:drawing updated to Y: [1023.250, 1023.550]
[SYNCED] Net: row_off_detect_top<63>    | met3:drawing updated to Y: [829.450, 829.750]
[SYNCED] Net: row_off_detect_top<27>    | met3:drawing updated to Y: [1261.250, 1261.550]
[SYNCED] Net: row_off_detect_top<28>    | met3:drawing updated to Y: [1240.850, 1241.150]
[SYNCED] Net: row_on_detect_top<61>     | met3:drawing updated to Y: [854.610, 854.910]
[SYNCED] Net: row_on_detect_top<62>     | met3:drawing updated to Y: [831.490, 831.790]
[SYNCED] Net: row_on_detect_top<29>     | met3:drawing updated to Y: [1238.810, 1239.110]
[SYNCED] Net: row_on_detect_top<30>     | met3:drawing updated to Y: [1215.690, 1215.990]
[SYNCED] Net: row_off_detect_top<51>    | met3:drawing updated to Y: [973.610, 973.910]
[SYNCED] Net: row_on_detect_top<51>     | met3:drawing updated to Y: [974.290, 974.590]
[SYNCED] Net: row_on_detect_top<52>     | met3:drawing updated to Y: [951.850, 952.150]
[SYNCED] Net: row_off_detect_top<30>    | met3:drawing updated to Y: [1216.370, 1216.670]
[SYNCED] Net: row_on_detect_top<41>     | met3:drawing updated to Y: [1094.650, 1094.950]
[SYNCED] Net: row_on_detect_top<55>     | met3:drawing updated to Y: [926.690, 926.990]
[SYNCED] Net: row_on_detect_top<44>     | met3:drawing updated to Y: [1047.730, 1048.030]
[SYNCED] Net: row_on_detect_top<27>     | met3:drawing updated to Y: [1262.610, 1262.910]
[SYNCED] Net: row_off_detect_top<39>    | met3:drawing updated to Y: [1117.090, 1117.390]
[SYNCED] Net: row_on_detect_top<39>     | met3:drawing updated to Y: [1118.450, 1118.750]
[SYNCED] Net: row_off_detect_top<48>    | met3:drawing updated to Y: [1000.810, 1001.110]
[SYNCED] Net: row_on_detect_top<58>     | met3:drawing updated to Y: [879.770, 880.070]
[SYNCED] Net: row_off_detect_top<49>    | met3:drawing updated to Y: [997.410, 997.710]
[SYNCED] Net: row_off_detect_top<50>    | met3:drawing updated to Y: [977.010, 977.310]
[SYNCED] Net: row_on_detect_top<37>     | met3:drawing updated to Y: [1142.930, 1143.230]
[SYNCED] Net: row_on_detect_top<38>     | met3:drawing updated to Y: [1119.810, 1120.110]
[SYNCED] Net: row_on_detect_bot<26>     | met3:drawing updated to Y: [495.570, 495.870]
[SYNCED] Net: row_on_detect_bot<21>     | met3:drawing updated to Y: [566.290, 566.590]
[SYNCED] Net: row_on_detect_bot<29>     | met3:drawing updated to Y: [470.410, 470.710]
[SYNCED] Net: row_on_detect_bot<27>     | met3:drawing updated to Y: [494.890, 495.190]
[SYNCED] Net: row_on_detect_bot<30>     | met3:drawing updated to Y: [447.290, 447.590]
[SYNCED] Net: row_on_detect_bot<20>     | met3:drawing updated to Y: [567.650, 567.950]
[SYNCED] Net: row_on_detect_bot<12>     | met3:drawing updated to Y: [663.530, 663.830]
[SYNCED] Net: row_off_detect_bot<0>     | met3:drawing updated to Y: [808.370, 808.670]
[SYNCED] Net: row_off_detect_bot<23>    | met3:drawing updated to Y: [541.130, 541.430]
[SYNCED] Net: row_off_detect_bot<22>    | met3:drawing updated to Y: [544.530, 544.830]
[SYNCED] Net: row_off_detect_bot<16>    | met3:drawing updated to Y: [616.610, 616.910]
[SYNCED] Net: row_off_detect_bot<30>    | met3:drawing updated to Y: [448.650, 448.950]
[SYNCED] Net: row_off_detect_bot<13>    | met3:drawing updated to Y: [661.490, 661.790]
[SYNCED] Net: row_off_detect_bot<7>     | met3:drawing updated to Y: [733.570, 733.870]
[SYNCED] Net: row_on_detect_bot<17>     | met3:drawing updated to Y: [614.570, 614.870]
[SYNCED] Net: row_on_detect_bot<18>     | met3:drawing updated to Y: [591.450, 591.750]
[SYNCED] Net: row_on_detect_bot<19>     | met3:drawing updated to Y: [590.090, 590.390]
[SYNCED] Net: row_on_detect_bot<19>     | met3:drawing updated to Y: [590.090, 590.390]
[SYNCED] Net: row_on_detect_bot<32>     | met3:drawing updated to Y: [423.490, 423.790]
[SYNCED] Net: row_on_detect_bot<1>      | met3:drawing updated to Y: [806.330, 806.630]
[SYNCED] Net: row_off_detect_bot<1>     | met3:drawing updated to Y: [805.650, 805.950]
[SYNCED] Net: row_on_detect_bot<34>     | met3:drawing updated to Y: [399.690, 399.990]
[SYNCED] Net: row_on_detect_bot<13>     | met3:drawing updated to Y: [662.850, 663.150]
[SYNCED] Net: row_on_detect_bot<14>     | met3:drawing updated to Y: [639.730, 640.030]
[SYNCED] Net: row_off_detect_bot<25>    | met3:drawing updated to Y: [517.330, 517.630]
[SYNCED] Net: row_off_detect_bot<24>    | met3:drawing updated to Y: [520.730, 521.030]
[SYNCED] Net: row_off_detect_bot<19>    | met3:drawing updated to Y: [589.410, 589.710]
[SYNCED] Net: row_off_detect_bot<18>    | met3:drawing updated to Y: [592.810, 593.110]
[SYNCED] Net: row_off_detect_bot<15>    | met3:drawing updated to Y: [637.690, 637.990]
[SYNCED] Net: row_off_detect_bot<14>    | met3:drawing updated to Y: [640.410, 640.710]
[SYNCED] Net: row_off_detect_bot<9>     | met3:drawing updated to Y: [709.090, 709.390]
[SYNCED] Net: row_off_detect_bot<8>     | met3:drawing updated to Y: [712.490, 712.790]
[SYNCED] Net: row_on_detect_bot<15>     | met3:drawing updated to Y: [638.370, 638.670]
[SYNCED] Net: row_on_detect_bot<16>     | met3:drawing updated to Y: [615.250, 615.550]
[SYNCED] Net: row_on_detect_bot<31>     | met3:drawing updated to Y: [446.610, 446.910]
[SYNCED] Net: row_on_detect_bot<33>     | met3:drawing updated to Y: [422.810, 423.110]
[SYNCED] Net: row_on_detect_bot<35>     | met3:drawing updated to Y: [398.330, 398.630]
[SYNCED] Net: row_on_detect_bot<25>     | met3:drawing updated to Y: [518.690, 518.990]
[SYNCED] Net: row_on_detect_bot<5>      | met3:drawing updated to Y: [758.730, 759.030]
[SYNCED] Net: row_on_detect_bot<6>      | met3:drawing updated to Y: [735.610, 735.910]
[SYNCED] Net: row_off_detect_bot<32>    | met3:drawing updated to Y: [424.850, 425.150]
[SYNCED] Net: row_off_detect_bot<33>    | met3:drawing updated to Y: [421.450, 421.750]
[SYNCED] Net: row_on_detect_bot<11>     | met3:drawing updated to Y: [686.650, 686.950]
[SYNCED] Net: row_on_detect_bot<23>     | met3:drawing updated to Y: [542.490, 542.790]
[SYNCED] Net: row_on_detect_bot<24>     | met3:drawing updated to Y: [519.730, 520.350]
[SYNCED] Net: row_on_detect_bot<24>     | met3:drawing updated to Y: [519.730, 520.350]
[SYNCED] Net: row_off_detect_bot<2>     | met3:drawing updated to Y: [784.570, 784.870]
[SYNCED] Net: row_off_detect_bot<3>     | met3:drawing updated to Y: [781.170, 781.470]
[SYNCED] Net: row_off_detect_bot<4>     | met3:drawing updated to Y: [760.770, 761.070]
[SYNCED] Net: row_off_detect_bot<21>    | met3:drawing updated to Y: [565.610, 565.910]
[SYNCED] Net: row_on_detect_bot<0>      | met3:drawing updated to Y: [807.690, 807.990]
[SYNCED] Net: row_off_detect_bot<20>    | met3:drawing updated to Y: [569.010, 569.310]
[SYNCED] Net: row_off_detect_bot<17>    | met3:drawing updated to Y: [613.210, 613.510]
[SYNCED] Net: row_off_detect_bot<12>    | met3:drawing updated to Y: [664.890, 665.190]
[SYNCED] Net: row_off_detect_bot<11>    | met3:drawing updated to Y: [685.290, 685.590]
[SYNCED] Net: row_off_detect_bot<10>    | met3:drawing updated to Y: [688.690, 688.990]
[SYNCED] Net: row_off_detect_bot<6>     | met3:drawing updated to Y: [736.970, 737.270]
[SYNCED] Net: row_off_detect_bot<27>    | met3:drawing updated to Y: [493.530, 493.830]
[SYNCED] Net: row_off_detect_bot<31>    | met3:drawing updated to Y: [445.250, 445.550]
[SYNCED] Net: row_off_detect_bot<5>     | met3:drawing updated to Y: [757.370, 757.670]
[SYNCED] Net: row_on_detect_bot<9>      | met3:drawing updated to Y: [710.450, 710.750]
[SYNCED] Net: row_on_detect_bot<10>     | met3:drawing updated to Y: [687.330, 687.630]
[SYNCED] Net: row_off_detect_bot<26>    | met3:drawing updated to Y: [496.930, 497.230]
[SYNCED] Net: row_on_detect_bot<22>     | met3:drawing updated to Y: [543.700, 544.150]
[SYNCED] Net: row_on_detect_bot<7>      | met3:drawing updated to Y: [734.930, 735.230]
[SYNCED] Net: row_on_detect_bot<8>      | met3:drawing updated to Y: [711.810, 712.110]
[SYNCED] Net: row_on_detect_bot<36>     | met3:drawing updated to Y: [375.210, 375.510]
[SYNCED] Net: row_on_detect_bot<37>     | met3:drawing updated to Y: [374.530, 374.830]
[SYNCED] Net: row_off_detect_bot<36>    | met3:drawing updated to Y: [376.570, 376.870]
[SYNCED] Net: row_on_detect_bot<3>      | met3:drawing updated to Y: [782.530, 782.830]
[SYNCED] Net: row_on_detect_bot<4>      | met3:drawing updated to Y: [759.410, 759.710]
[SYNCED] Net: row_off_detect_bot<29>    | met3:drawing updated to Y: [469.730, 470.030]
[SYNCED] Net: row_off_detect_bot<28>    | met3:drawing updated to Y: [472.450, 472.750]
[SYNCED] Net: row_on_detect_bot<2>      | met3:drawing updated to Y: [783.210, 783.510]
[SYNCED] Net: row_on_detect_bot<28>     | met3:drawing updated to Y: [471.770, 472.070]
[SYNCED] Net: row_off_detect_bot<34>    | met3:drawing updated to Y: [400.370, 400.670]
[SYNCED] Net: row_off_detect_bot<35>    | met3:drawing updated to Y: [397.650, 397.950]
[SYNCED] Net: row_on_detect_bot<40>     | met3:drawing updated to Y: [327.610, 327.910]
[SYNCED] Net: row_off_detect_bot<37>    | met3:drawing updated to Y: [373.170, 373.470]
[SYNCED] Net: row_off_detect_bot<60>    | met3:drawing updated to Y: [88.930, 89.230]
[SYNCED] Net: row_on_detect_bot<42>     | met3:drawing updated to Y: [303.810, 304.110]
[SYNCED] Net: row_on_detect_bot<49>     | met3:drawing updated to Y: [230.370, 230.670]
[SYNCED] Net: row_on_detect_bot<50>     | met3:drawing updated to Y: [207.250, 207.550]
[SYNCED] Net: row_off_detect_bot<42>    | met3:drawing updated to Y: [304.490, 304.790]
[SYNCED] Net: row_on_detect_bot<43>     | met3:drawing updated to Y: [302.450, 302.750]
[SYNCED] Net: row_off_detect_bot<58>    | met3:drawing updated to Y: [112.730, 113.030]
[SYNCED] Net: row_off_detect_bot<59>    | met3:drawing updated to Y: [109.330, 109.630]
[SYNCED] Net: row_off_detect_bot<46>    | met3:drawing updated to Y: [256.890, 257.190]
[SYNCED] Net: row_off_detect_bot<47>    | met3:drawing updated to Y: [253.490, 253.790]
[SYNCED] Net: row_on_detect_bot<51>     | met3:drawing updated to Y: [206.570, 206.870]
[SYNCED] Net: row_on_detect_bot<52>     | met3:drawing updated to Y: [183.450, 183.750]
[SYNCED] Net: row_off_detect_bot<38>    | met3:drawing updated to Y: [352.770, 353.070]
[SYNCED] Net: row_off_detect_bot<39>    | met3:drawing updated to Y: [349.370, 349.670]
[SYNCED] Net: row_off_detect_bot<40>    | met3:drawing updated to Y: [328.970, 329.270]
[SYNCED] Net: row_on_detect_bot<47>     | met3:drawing updated to Y: [254.850, 255.150]
[SYNCED] Net: row_on_detect_bot<48>     | met3:drawing updated to Y: [231.730, 232.030]
[SYNCED] Net: row_off_detect_bot<63>    | met3:drawing updated to Y: [61.730, 62.030]
[SYNCED] Net: row_on_detect_bot<54>     | met3:drawing updated to Y: [159.650, 159.950]
[SYNCED] Net: row_on_detect_bot<60>     | met3:drawing updated to Y: [87.570, 87.870]
[SYNCED] Net: row_off_detect_bot<53>    | met3:drawing updated to Y: [181.410, 181.710]
[SYNCED] Net: row_on_detect_bot<39>     | met3:drawing updated to Y: [350.730, 351.030]
[SYNCED] Net: row_on_detect_bot<44>     | met3:drawing updated to Y: [279.330, 279.630]
[SYNCED] Net: row_on_detect_bot<61>     | met3:drawing updated to Y: [86.890, 87.190]
[SYNCED] Net: row_off_detect_bot<61>    | met3:drawing updated to Y: [85.530, 85.830]
[SYNCED] Net: row_off_detect_bot<54>    | met3:drawing updated to Y: [161.010, 161.310]
[SYNCED] Net: row_off_detect_bot<43>    | met3:drawing updated to Y: [301.090, 301.390]
[SYNCED] Net: row_off_detect_bot<44>    | met3:drawing updated to Y: [280.690, 280.990]
[SYNCED] Net: row_off_detect_bot<45>    | met3:drawing updated to Y: [277.290, 277.590]
[SYNCED] Net: row_on_detect_bot<62>     | met3:drawing updated to Y: [63.770, 64.070]
[SYNCED] Net: detect_pulse_global_bot_left | met3:drawing updated to Y: [18.225, 19.585]
[SYNCED] Net: row_off_detect_bot<41>    | met3:drawing updated to Y: [325.570, 325.870]
[SYNCED] Net: row_off_detect_bot<48>    | met3:drawing updated to Y: [232.410, 232.710]
[SYNCED] Net: row_off_detect_bot<49>    | met3:drawing updated to Y: [229.690, 229.990]
[SYNCED] Net: row_off_detect_bot<50>    | met3:drawing updated to Y: [208.610, 208.910]
[SYNCED] Net: row_off_detect_bot<51>    | met3:drawing updated to Y: [205.210, 205.510]
[SYNCED] Net: row_on_detect_bot<58>     | met3:drawing updated to Y: [111.730, 112.350]
[SYNCED] Net: row_on_detect_bot<58>     | met3:drawing updated to Y: [111.730, 112.350]
[SYNCED] Net: row_on_detect_bot<41>     | met3:drawing updated to Y: [326.930, 327.230]
[SYNCED] Net: row_on_detect_bot<55>     | met3:drawing updated to Y: [158.290, 158.590]
[SYNCED] Net: row_on_detect_bot<56>     | met3:drawing updated to Y: [135.700, 136.150]
[SYNCED] Net: row_on_detect_bot<57>     | met3:drawing updated to Y: [134.490, 134.790]
[SYNCED] Net: ndetect_pulse_global_bot_left | met3:drawing updated to Y: [9.385, 10.775]
[SYNCED] Net: row_on_detect_bot<45>     | met3:drawing updated to Y: [278.650, 278.950]
[SYNCED] Net: pre_charge_global_bot_left | met3:drawing updated to Y: [29.755, 31.115]
[SYNCED] Net: row_on_detect_bot<59>     | met3:drawing updated to Y: [110.690, 110.990]
[SYNCED] Net: row_on_detect_bot<46>     | met3:drawing updated to Y: [255.530, 255.830]
[SYNCED] Net: row_off_detect_bot<62>    | met3:drawing updated to Y: [64.450, 64.750]
[SYNCED] Net: unnamed                   | met3:drawing updated to Y: [-50.000, -40.000]
[SYNCED] Net: unnamed                   | met3:drawing updated to Y: [-70.000, -60.000]
[SYNCED] Net: row_off_detect_bot<56>    | met3:drawing updated to Y: [136.530, 136.830]
[SYNCED] Net: row_off_detect_bot<55>    | met3:drawing updated to Y: [157.610, 157.910]
[SYNCED] Net: row_off_detect_bot<57>    | met3:drawing updated to Y: [133.130, 133.430]
[SYNCED] Net: row_on_detect_bot<38>     | met3:drawing updated to Y: [351.410, 351.710]
[SYNCED] Net: row_off_detect_bot<52>    | met3:drawing updated to Y: [184.810, 185.110]
[SYNCED] Net: row_on_detect_bot<63>     | met3:drawing updated to Y: [62.410, 62.710]
[SYNCED] Net: row_on_detect_bot<53>     | met3:drawing updated to Y: [182.090, 182.680]
[SYNCED] Net: row_on_detect_bot<53>     | met3:drawing updated to Y: [182.090, 182.680]
========================================================================
SUCCESS: 274 drawing shapes synchronized, 0 created to enclose pins.
Wrote: /home/alienfalcon/Projects/skywater/open_dvs_py312/open_dvs/git_dvs/nic2025_openDVS/analog/magic/pixel_4tile/pixel_4tile_mag_met3_sync.gds
========================================================================
