ERROR: :/built-in-pymacros/xschem_bridge.py:290: AttributeError: 'NoneType' object has no attribute 'menu'
  :/built-in-pymacros/xschem_bridge.py:290
  :/built-in-pymacros/xschem_bridge.lym:3 (class AttributeError)
top cells: user_project_wrapper user_project_wrapper | cells: 308 305
layer 65/20: 32824 xor polygons, area 31020.3778 um2: ['(1509.425,1077.64;1511.525,1079.14)', '(1509.875,1079.14;1511.375,1079.835)', '(1507.625,1070.63;1509.725,1072.13)', '(1507.775,1069.935;1509.275,1070.63)', '(1509.425,1070.63;1511.525,1072.13)', '(1509.875,1069.935;1511.375,1070.63)']
layer 65/44: 16426 xor polygons, area 19110.6327 um2: ['(1511.24,1082.965;1511.65,1085.8)', '(1507.5,1063.97;1507.91,1066.805)', '(1511.24,1063.97;1511.65,1066.805)', '(1507.5,1082.965;1507.91,1085.8)', '(1415.24,1058.965;1415.65,1061.8)', '(1411.5,1039.97;1411.91,1042.805)']
layer 66/20: 114716 xor polygons, area 42095.0362 um2: ['(1510.08,1085.62;1510.205,1085.955)', '(1510.375,1085.62;1510.5,1085.955)', '(1509.725,1079.555;1511.225,1079.67)', '(1509.725,1078.055;1509.735,1079.555)', '(1509.725,1077.44;1511.225,1078.055)', '(1510.205,1085.005;1511.27,1085.62)']
layer 66/44: 573624 xor polygons, area 15630.5072 um2: ['(1510.93,1079.42;1511.1,1079.59)', '(1509.85,1079.42;1510.02,1079.59)', '(1511.29,1078.845;1511.46,1079.015)', '(1510.93,1076.98;1511.1,1077.15)', '(1509.49,1078.845;1509.66,1079.015)', '(1509.49,1077.765;1509.66,1077.935)']
layer 67/20: 327758 xor polygons, area 59661.4091 um2: ['(1511.24,1085.27;1511.7,1086.225)', '(1511.29,1077.685;1511.46,1079.095)', '(1510.82,1076.98;1511.18,1077.15)', '(1510.135,1085.7;1510.465,1085.87)', '(1509.77,1079.42;1511.18,1079.59)', '(1510.565,1086.08;1510.815,1086.41)']
layer 67/44: 245820 xor polygons, area 6625.3284 um2: ['(1510.565,1086.275;1510.735,1086.445)', '(1510.215,1085.7;1510.385,1085.87)', '(1519.185,1078.19;1519.355,1078.36)', '(1519.185,1077.83;1519.355,1078)', '(1510.57,1079.42;1510.74,1079.59)', '(1511.29,1078.05;1511.46,1078.22)']
layer 68/20: 1122596 xor polygons, area 116577.0853 um2: ['(1977.575,1505.675;1977.895,1506.075)', '(1977.255,1506.405;1977.895,1507.365)', '(1977.255,1530.405;1977.895,1531.365)', '(1977.575,1531.695;1977.895,1532.095)', '(1977.255,1578.405;1977.895,1579.365)', '(1977.255,1602.405;1977.895,1603.365)']
layer 68/44: 475640 xor polygons, area 8782.5818 um2: ['(1209.66,737.73;1209.81,737.88)', '(1209.66,738.05;1209.81,738.2)', '(1207.085,738.63;1207.235,738.78)', '(1207.085,738.99;1207.235,739.14)', '(1209.66,739.57;1209.81,739.72)', '(1209.66,739.89;1209.81,740.04)']
layer 69/16: 90638 xor polygons, area 2683.9696 um2: ['(1209.575,1436.215;1209.835,1436.255)', '(1209.575,1291.595;1209.835,1291.855)', '(1209.575,1409.915;1209.835,1410.175)', '(1209.575,1171.595;1209.835,1171.855)', '(1209.575,1433.915;1209.835,1434.175)', '(1209.575,1219.595;1209.835,1219.855)']
layer 69/20: 821340 xor polygons, area 251060.9280 um2: ['(403.4,2622.28;403.77,2622.56)', '(2745.575,2202.675;2745.885,2202.815)', '(2745.575,2131.235;2745.885,2131.365)', '(2745.575,2227.235;2745.885,2227.365)', '(2745.575,2178.955;2745.885,2179.095)', '(2745.575,2107.235;2745.885,2107.365)']
layer 69/44: 49165 xor polygons, area 786.6640 um2: ['(403.485,2622.32;403.685,2622.52)', '(1416.115,1054.315;1416.135,1054.515)', '(1415.915,1054.315;1415.935,1054.515)', '(1423.635,1056.755;1423.835,1056.955)', '(1411.015,1047.255;1411.035,1047.455)', '(1411.215,1047.255;1411.235,1047.455)']
layer 70/20: 327760 xor polygons, area 145492.6640 um2: ['(1402.355,1060.995;1402.685,1061.295)', '(1401.725,1060.995;1402.055,1061.295)', '(1424.465,1052.985;1424.795,1053.285)', '(1401.725,1052.985;1402.055,1053.285)', '(1425.095,1051.615;1425.425,1052.255)', '(1425.095,1060.995;1425.425,1061.295)']
layer 70/44: 262208 xor polygons, area 7952.2770 um2: ['(1415.87,1054.26;1416.07,1054.46)', '(1416.855,1052.355;1417.055,1052.425)', '(1417.255,1052.355;1417.455,1052.425)', '(1417.255,1051.825;1417.455,1052.025)', '(1416.855,1051.825;1417.055,1052.025)', '(1417.255,1052.155;1417.455,1052.225)']
layer 71/16: 16388 xor polygons, area 226624.8200 um2: ['(1400.45,1038.885;1402.7,1062.885)', '(1424.45,1038.885;1426.695,1062.885)', '(1403.165,1050.655;1403.665,1051.115)', '(1423.485,1050.655;1423.985,1051.115)', '(1424.45,1038.885;1426.7,1062.885)', '(1448.45,1038.885;1450.695,1062.885)']
layer 71/20: 258378 xor polygons, area 192937.4861 um2: ['(2491.84,2263.715;2493.44,2379.41)', '(1723.84,2263.715;1725.44,2379.41)', '(1416.64,2261.605;1418.24,2262.055)', '(2491.84,2251.435;2492.45,2254.95)', '(2491.84,2246.82;2492.45,2250.335)', '(2184.64,2261.605;2186.24,2262.055)']
layer 72/20: 20 xor polygons, area 531.2000 um2: ['(1190.29,1728.21;1206.885,1729.81)', '(1190.29,1421.85;1206.885,1423.45)', '(1190.29,1268.67;1206.885,1270.27)', '(1190.29,1115.49;1206.885,1117.09)', '(1190.29,809.13;1206.885,810.73)', '(1190.29,1575.03;1206.885,1576.63)']
layer 89/44: 32776 xor polygons, area 10816.0800 um2: ['(1416.655,1051.625;1417.655,1051.955)', '(1416.655,1052.625;1417.655,1052.955)', '(1409.495,1049.815;1410.495,1050.145)', '(1409.495,1048.815;1410.495,1049.145)', '(1416.655,1049.815;1417.655,1050.145)', '(1416.655,1048.815;1417.655,1049.145)']
layer 93/44: 16388 xor polygons, area 30661.4749 um2: ['(1415.115,1058.84;1415.775,1061.675)', '(1411.375,1040.095;1412.035,1042.93)', '(1415.115,1040.095;1415.775,1042.93)', '(1411.375,1058.84;1412.035,1061.675)', '(1439.115,1058.84;1439.775,1061.675)', '(1435.375,1040.095;1436.035,1042.93)']
layer 94/20: 16398 xor polygons, area 27950.0180 um2: ['(1413.3,1055.265;1416.01,1055.965)', '(1411.14,1045.805;1413.85,1046.505)', '(1413.3,1045.805;1416.01,1046.505)', '(1411.14,1055.265;1413.85,1055.965)', '(1437.3,1055.265;1440.01,1055.965)', '(1435.14,1045.805;1437.85,1046.505)']
layer 95/20: 65680 xor polygons, area 17737.1472 um2: ['(1414.115,1061.6;1414.485,1061.97)', '(1413.75,1055.32;1415.2,1055.69)', '(1415.525,1054.605;1415.895,1055.335)', '(1414.92,1060.985;1415.29,1061.355)', '(1412.665,1039.8;1413.035,1040.17)', '(1411.95,1046.08;1413.4,1046.45)']
layer 68/5: label difference 2101765 vs 2085377
layer 69/5: label difference 89506 vs 89506
layer 71/5: label difference 16809 vs 16809
layers compared: 65 | total xor polygons: 4866543
