
Circuit 1 cell sky130_fd_pr__nfet_01v8 and Circuit 2 cell sky130_fd_pr__nfet_01v8 are black boxes.
Warning: Equate pins:  cell sky130_fd_pr__nfet_01v8 is a placeholder, treated as a black box.
Warning: Equate pins:  cell sky130_fd_pr__nfet_01v8 is a placeholder, treated as a black box.

Subcircuit pins:
Circuit 1: sky130_fd_pr__nfet_01v8         |Circuit 2: sky130_fd_pr__nfet_01v8         
-------------------------------------------|-------------------------------------------
1                                          |1                                          
2                                          |2                                          
3                                          |3                                          
4                                          |4                                          
---------------------------------------------------------------------------------------
Cell pin lists are equivalent.
Device classes sky130_fd_pr__nfet_01v8 and sky130_fd_pr__nfet_01v8 are equivalent.

Circuit 1 cell sky130_fd_pr__pfet_01v8 and Circuit 2 cell sky130_fd_pr__pfet_01v8 are black boxes.
Warning: Equate pins:  cell sky130_fd_pr__pfet_01v8 is a placeholder, treated as a black box.
Warning: Equate pins:  cell sky130_fd_pr__pfet_01v8 is a placeholder, treated as a black box.

Subcircuit pins:
Circuit 1: sky130_fd_pr__pfet_01v8         |Circuit 2: sky130_fd_pr__pfet_01v8         
-------------------------------------------|-------------------------------------------
1                                          |1                                          
2                                          |2                                          
3                                          |3                                          
4                                          |4                                          
---------------------------------------------------------------------------------------
Cell pin lists are equivalent.
Device classes sky130_fd_pr__pfet_01v8 and sky130_fd_pr__pfet_01v8 are equivalent.

Circuit 1 cell sky130_fd_pr__pfet_01v8_hvt and Circuit 2 cell sky130_fd_pr__pfet_01v8_hvt are black boxes.
Warning: Equate pins:  cell sky130_fd_pr__pfet_01v8_hvt is a placeholder, treated as a black box.
Warning: Equate pins:  cell sky130_fd_pr__pfet_01v8_hvt is a placeholder, treated as a black box.

Subcircuit pins:
Circuit 1: sky130_fd_pr__pfet_01v8_hvt     |Circuit 2: sky130_fd_pr__pfet_01v8_hvt     
-------------------------------------------|-------------------------------------------
1                                          |1                                          
2                                          |2                                          
3                                          |3                                          
4                                          |4                                          
---------------------------------------------------------------------------------------
Cell pin lists are equivalent.
Device classes sky130_fd_pr__pfet_01v8_hvt and sky130_fd_pr__pfet_01v8_hvt are equivalent.

Circuit 1 cell sky130_fd_pr__cap_mim_m3_1 and Circuit 2 cell sky130_fd_pr__cap_mim_m3_1 are black boxes.
Warning: Equate pins:  cell sky130_fd_pr__cap_mim_m3_1 is a placeholder, treated as a black box.
Warning: Equate pins:  cell sky130_fd_pr__cap_mim_m3_1 is a placeholder, treated as a black box.

Subcircuit pins:
Circuit 1: sky130_fd_pr__cap_mim_m3_1      |Circuit 2: sky130_fd_pr__cap_mim_m3_1      
-------------------------------------------|-------------------------------------------
1                                          |1                                          
2                                          |2                                          
---------------------------------------------------------------------------------------
Cell pin lists are equivalent.
Device classes sky130_fd_pr__cap_mim_m3_1 and sky130_fd_pr__cap_mim_m3_1 are equivalent.
Flattening unmatched subcell PixelPhotoreceptor in circuit openDVS_pixel (1)(1 instance)
Flattening unmatched subcell PixelSourceFollower in circuit openDVS_pixel (1)(1 instance)
Flattening unmatched subcell PixelChangeAmplifier in circuit openDVS_pixel (1)(1 instance)
Flattening unmatched subcell PixelComparators in circuit openDVS_pixel (1)(1 instance)
Flattening unmatched subcell PixelHandshake in circuit openDVS_pixel (1)(1 instance)
Flattening unmatched subcell PixelResetGen in circuit openDVS_pixel (1)(1 instance)

Cell openDVS_pixel (0) disconnected node: m2_32_2198#
Cell openDVS_pixel (0) disconnected node: m2_298_1861#
Cell openDVS_pixel (0) disconnected node: m3_2210_26#
Cell openDVS_pixel (0) disconnected node: m2_196_1392#
Cell openDVS_pixel (0) disconnected node: m5_n506_n512#
Cell openDVS_pixel (0) disconnected node: m2_32_2482#
Cell openDVS_pixel (0) disconnected node: m2_32_2254#
Cell openDVS_pixel (0) disconnected node: m3_2462_26#
Cell openDVS_pixel (0) disconnected node: m2_372_2398#
Cell openDVS_pixel (0) disconnected node: m3_2084_26#
Cell openDVS_pixel (0) disconnected node: m3_2714_26#
Cell openDVS_pixel (0) disconnected node: m3_2336_26#
Cell openDVS_pixel (0) disconnected node: m3_2588_26#
Class openDVS_pixel (0):  Merged 1 parallel devices.
Class openDVS_pixel (1):  Merged 1 parallel devices.
Cell openDVS_pixel (0) disconnected node: m2_32_2198#
Cell openDVS_pixel (0) disconnected node: m2_298_1861#
Cell openDVS_pixel (0) disconnected node: m3_2210_26#
Cell openDVS_pixel (0) disconnected node: m2_196_1392#
Cell openDVS_pixel (0) disconnected node: m5_n506_n512#
Cell openDVS_pixel (0) disconnected node: m2_32_2482#
Cell openDVS_pixel (0) disconnected node: m2_32_2254#
Cell openDVS_pixel (0) disconnected node: m3_2462_26#
Cell openDVS_pixel (0) disconnected node: m2_372_2398#
Cell openDVS_pixel (0) disconnected node: m3_2084_26#
Cell openDVS_pixel (0) disconnected node: m3_2714_26#
Cell openDVS_pixel (0) disconnected node: m3_2336_26#
Cell openDVS_pixel (0) disconnected node: m3_2588_26#
Subcircuit summary:
Circuit 1: openDVS_pixel                   |Circuit 2: openDVS_pixel                   
-------------------------------------------|-------------------------------------------
sky130_fd_pr__nfet_01v8 (11)               |sky130_fd_pr__nfet_01v8 (11)               
sky130_fd_pr__pfet_01v8 (7)                |sky130_fd_pr__pfet_01v8 (7)                
sky130_fd_pr__cap_mim_m3_1 (3->2)          |sky130_fd_pr__cap_mim_m3_1 (3->2)          
sky130_fd_pr__pfet_01v8_hvt (2)            |sky130_fd_pr__pfet_01v8_hvt (2)            
sky130_fd_pr__model__parasitic__diode_ps2d |sky130_fd_pr__model__parasitic__diode_ps2d 
Number of devices: 23                      |Number of devices: 23                      
Number of nets: 24                         |Number of nets: 24                         
---------------------------------------------------------------------------------------
Netlists match uniquely with port and property errors.
sky130_fd_pr__cap_mim_m3_1:9 vs. PixelChangeAmplifier:chAmp/sky130_fd_pr__cap_mim_m3_1:C1b:
 w circuit1: 3.985   circuit2: 2.27   (delta=54.8%, cutoff=1%)
 l circuit1: 2.27   circuit2: 3.985   (delta=54.8%, cutoff=1%)

Subcircuit pins:
Circuit 1: openDVS_pixel                   |Circuit 2: openDVS_pixel                   
-------------------------------------------|-------------------------------------------
PrSFBp                                     |RefrBp **Mismatch**                        
DiffBn                                     |DiffBn                                     
OnBn                                       |OffBn **Mismatch**                         
OffBn                                      |OnBn **Mismatch**                          
rowReadOFF                                 |rowReadOFF                                 
pixRst                                     |pixRst                                     
RefrBp                                     |PrSFBp **Mismatch**                        
PrBp                                       |PrBp                                       
VddA18                                     |VddA18                                     
GndA                                       |GndA                                       
vpd                                        |vpd                                        
rowReadON                                  |rowReadON                                  
readLine                                   |readLine                                   
GndD                                       |GndD                                       
m2_32_2198#                                |(no matching pin)                          
m2_298_1861#                               |(no matching pin)                          
m3_2210_26#                                |(no matching pin)                          
m2_196_1392#                               |(no matching pin)                          
m5_n506_n512#                              |(no matching pin)                          
m2_32_2482#                                |(no matching pin)                          
m2_32_2254#                                |(no matching pin)                          
m3_2462_26#                                |(no matching pin)                          
m2_372_2398#                               |(no matching pin)                          
m3_2084_26#                                |(no matching pin)                          
m3_2714_26#                                |(no matching pin)                          
m3_2336_26#                                |(no matching pin)                          
m3_2588_26#                                |(no matching pin)                          
---------------------------------------------------------------------------------------
Cell pin lists for openDVS_pixel and openDVS_pixel altered to match.
Device classes openDVS_pixel and openDVS_pixel are equivalent.
Flattening unmatched subcell nmos_MAG_784910779141 in circuit col_periphery (0)(16 instances)
Flattening unmatched subcell pmos_MAG_784910779140 in circuit col_periphery (0)(8 instances)
Flattening unmatched subcell dyn_comp_v1 in circuit col_periphery (0)(1 instance)
Flattening unmatched subcell sky130_fd_pr__nfet_01v8_9ZWGZ9 in circuit col_periphery (0)(10 instances)
Flattening unmatched subcell sky130_fd_pr__pfet_01v8_D48SMA in circuit col_periphery (0)(2 instances)
Flattening unmatched subcell sky130_fd_pr__nfet_01v8_ML4XRG in circuit col_periphery (0)(2 instances)
Flattening unmatched subcell sky130_fd_pr__nfet_01v8_V52S8A in circuit col_periphery (0)(2 instances)
Flattening unmatched subcell sky130_fd_pr__pfet_01v8_U2XPXD in circuit col_periphery (0)(1 instance)
Flattening unmatched subcell sky130_fd_pr__pfet_01v8_KDZMJM in circuit col_periphery (0)(4 instances)
Flattening unmatched subcell sky130_fd_pr__nfet_01v8_9ZAZEB in circuit col_periphery (0)(1 instance)
Flattening unmatched subcell dyn_comp in circuit col_periphery (1)(1 instance)
Flattening unmatched subcell col_amp in circuit col_periphery (1)(1 instance)

Cell col_periphery (0) disconnected node: pixRst
Cell col_periphery (1) disconnected node: pixRst
Class col_periphery (0):  Merged 28 parallel devices.
Cell col_periphery (0) disconnected node: pixRst
Cell col_periphery (1) disconnected node: pixRst
Subcircuit summary:
Circuit 1: col_periphery                   |Circuit 2: col_periphery                   
-------------------------------------------|-------------------------------------------
sky130_fd_pr__nfet_01v8 (31->10)           |sky130_fd_pr__nfet_01v8 (31->10)           
sky130_fd_pr__pfet_01v8 (15->8)            |sky130_fd_pr__pfet_01v8 (15->8)            
Number of devices: 18                      |Number of devices: 18                      
Number of nets: 16                         |Number of nets: 16                         
---------------------------------------------------------------------------------------
Netlists match uniquely with port errors.

Subcircuit pins:
Circuit 1: col_periphery                   |Circuit 2: col_periphery                   
-------------------------------------------|-------------------------------------------
voutn                                      |voutn                                      
DETECT                                     |DETECT                                     
VDD                                        |VDD                                        
VTHRESH                                    |VTHRESH                                    
nDETECT                                    |nDETECT                                    
NCHARGE                                    |nCHARGE                                    
COL_LINE                                   |readLine **Mismatch**                      
GND                                        |GND                                        
dyn_comp_v1_0/vp                           |(no pin, node is net1)                     
pixRst                                     |pixRst                                     
---------------------------------------------------------------------------------------
Cell pin lists for col_periphery and col_periphery altered to match.
Device classes col_periphery and col_periphery are equivalent.
Flattening unmatched subcell openDVS_pixel2x2 in circuit openDVS_pixel2x2_bot (1)(1 instance)

Subcircuit summary:
Circuit 1: openDVS_pixel2x2_bot            |Circuit 2: openDVS_pixel2x2_bot            
-------------------------------------------|-------------------------------------------
openDVS_pixel (4)                          |openDVS_pixel (4)                          
Number of devices: 4                       |Number of devices: 4                       
Number of nets: 21                         |Number of nets: 21                         
---------------------------------------------------------------------------------------
Resolving symmetries by property value.
Resolving symmetries by pin name.
Netlists match uniquely with port errors.

Subcircuit pins:
Circuit 1: openDVS_pixel2x2_bot            |Circuit 2: openDVS_pixel2x2_bot            
-------------------------------------------|-------------------------------------------
vpd[3]                                     |(no pin, node is net1_3)                   
vpd[2]                                     |(no pin, node is net1_2)                   
vpd[1]                                     |(no pin, node is net1_1)                   
vpd[0]                                     |(no pin, node is net1_0)                   
pixRst[0]                                  |pixRst[0]                                  
pixRst[1]                                  |pixRst[1]                                  
rowReadON[0]                               |rowReadON[0]                               
rowReadON[1]                               |rowReadON[1]                               
rowReadOFF[0]                              |rowReadOFF[0]                              
rowReadOFF[1]                              |rowReadOFF[1]                              
readLine[0]                                |readLine[0]                                
readLine[1]                                |readLine[1]                                
VddA18                                     |VddA18                                     
GndA                                       |GndA                                       
GndD                                       |GndD                                       
OnBn                                       |OnBn                                       
OffBn                                      |OffBn                                      
DiffBn                                     |DiffBn                                     
PrSFBp                                     |PrSFBp                                     
RefrBp                                     |RefrBp                                     
PrBp                                       |PrBp                                       
---------------------------------------------------------------------------------------
Cell pin lists for openDVS_pixel2x2_bot and openDVS_pixel2x2_bot altered to match.
Device classes openDVS_pixel2x2_bot and openDVS_pixel2x2_bot are equivalent.
Flattening unmatched subcell openDVS_pixel2x2 in circuit openDVS_pixel2x2_top (1)(1 instance)

Subcircuit summary:
Circuit 1: openDVS_pixel2x2_top            |Circuit 2: openDVS_pixel2x2_top            
-------------------------------------------|-------------------------------------------
openDVS_pixel (4)                          |openDVS_pixel (4)                          
Number of devices: 4                       |Number of devices: 4                       
Number of nets: 21                         |Number of nets: 21                         
---------------------------------------------------------------------------------------
Resolving symmetries by property value.
Resolving symmetries by pin name.
Netlists match uniquely with port errors.

Subcircuit pins:
Circuit 1: openDVS_pixel2x2_top            |Circuit 2: openDVS_pixel2x2_top            
-------------------------------------------|-------------------------------------------
vpd[3]                                     |(no pin, node is net1_3)                   
vpd[2]                                     |(no pin, node is net1_2)                   
vpd[1]                                     |(no pin, node is net1_1)                   
vpd[0]                                     |(no pin, node is net1_0)                   
pixRst[0]                                  |pixRst[0]                                  
pixRst[1]                                  |pixRst[1]                                  
rowReadON[0]                               |rowReadON[0]                               
rowReadON[1]                               |rowReadON[1]                               
rowReadOFF[0]                              |rowReadOFF[0]                              
rowReadOFF[1]                              |rowReadOFF[1]                              
readLine[0]                                |readLine[0]                                
readLine[1]                                |readLine[1]                                
VddA18                                     |VddA18                                     
GndA                                       |GndA                                       
GndD                                       |GndD                                       
OnBn                                       |OnBn                                       
OffBn                                      |OffBn                                      
DiffBn                                     |DiffBn                                     
PrSFBp                                     |PrSFBp                                     
RefrBp                                     |RefrBp                                     
PrBp                                       |PrBp                                       
---------------------------------------------------------------------------------------
Cell pin lists for openDVS_pixel2x2_top and openDVS_pixel2x2_top altered to match.
Device classes openDVS_pixel2x2_top and openDVS_pixel2x2_top are equivalent.
Flattening unmatched subcell pixel_layout_tile_bot in circuit pixel_4tile_layout (0)(2 instances)
Flattening unmatched subcell col_periphery_1x2 in circuit pixel_4tile_layout (0)(64 instances)
Flattening unmatched subcell pixel_layout_tile in circuit pixel_4tile_layout (0)(2 instances)
Flattening unmatched subcell col_periphery_1x2 in circuit pixel_4tile_layout (0)(64 instances)
Flattening unmatched subcell col_amp_2x1 in circuit pixel_4tile (1)(128 instances)

Subcircuit summary:
Circuit 1: pixel_4tile_layout              |Circuit 2: pixel_4tile                     
-------------------------------------------|-------------------------------------------
openDVS_pixel2x2_bot (2048)                |openDVS_pixel2x2_bot (2048)                
col_periphery (256)                        |col_periphery (256)                        
openDVS_pixel2x2_top (2048)                |openDVS_pixel2x2_top (2048)                
Number of devices: 4352                    |Number of devices: 4352                    
Number of nets: 17680                      |Number of nets: 17680                      
---------------------------------------------------------------------------------------
Resolving symmetries by property value.
Resolving symmetries by pin name.
Netlists match uniquely.

Subcircuit pins:
Circuit 1: pixel_4tile_layout              |Circuit 2: pixel_4tile                     
-------------------------------------------|-------------------------------------------
dac_config_6                               |dac_config_6                               
vdda1                                      |vdda1                                      
vssa1                                      |vssa1                                      
col_event_rst_top_left<63>                 |col_event_rst_top_left[63]                 
col_event_rst_top_left<61>                 |col_event_rst_top_left[61]                 
col_event_rst_top_left<59>                 |col_event_rst_top_left[59]                 
col_event_rst_top_left<57>                 |col_event_rst_top_left[57]                 
col_event_rst_top_left<55>                 |col_event_rst_top_left[55]                 
col_event_rst_top_left<53>                 |col_event_rst_top_left[53]                 
col_event_rst_top_left<51>                 |col_event_rst_top_left[51]                 
col_event_rst_top_left<49>                 |col_event_rst_top_left[49]                 
col_event_rst_top_left<47>                 |col_event_rst_top_left[47]                 
col_event_rst_top_left<45>                 |col_event_rst_top_left[45]                 
col_event_rst_top_left<43>                 |col_event_rst_top_left[43]                 
col_event_rst_top_left<41>                 |col_event_rst_top_left[41]                 
col_event_rst_top_left<39>                 |col_event_rst_top_left[39]                 
col_event_rst_top_left<37>                 |col_event_rst_top_left[37]                 
col_event_rst_top_left<35>                 |col_event_rst_top_left[35]                 
col_event_rst_top_left<33>                 |col_event_rst_top_left[33]                 
col_event_rst_top_left<31>                 |col_event_rst_top_left[31]                 
col_event_rst_top_left<29>                 |col_event_rst_top_left[29]                 
col_event_rst_top_left<27>                 |col_event_rst_top_left[27]                 
col_event_rst_top_left<25>                 |col_event_rst_top_left[25]                 
col_event_rst_top_left<23>                 |col_event_rst_top_left[23]                 
col_event_rst_top_left<21>                 |col_event_rst_top_left[21]                 
col_event_rst_top_left<19>                 |col_event_rst_top_left[19]                 
col_event_rst_top_left<17>                 |col_event_rst_top_left[17]                 
col_event_rst_top_left<15>                 |col_event_rst_top_left[15]                 
col_event_rst_top_left<13>                 |col_event_rst_top_left[13]                 
col_event_rst_top_left<11>                 |col_event_rst_top_left[11]                 
col_event_rst_top_left<9>                  |col_event_rst_top_left[9]                  
col_event_rst_top_left<7>                  |col_event_rst_top_left[7]                  
col_event_rst_top_left<5>                  |col_event_rst_top_left[5]                  
col_event_rst_top_left<3>                  |col_event_rst_top_left[3]                  
col_event_rst_top_left<1>                  |col_event_rst_top_left[1]                  
col_event_rst_top_right<63>                |col_event_rst_top_right[63]                
col_event_rst_top_right<61>                |col_event_rst_top_right[61]                
col_event_rst_top_right<59>                |col_event_rst_top_right[59]                
col_event_rst_top_right<57>                |col_event_rst_top_right[57]                
col_event_rst_top_right<55>                |col_event_rst_top_right[55]                
col_event_rst_top_right<53>                |col_event_rst_top_right[53]                
col_event_rst_top_right<51>                |col_event_rst_top_right[51]                
col_event_rst_top_right<49>                |col_event_rst_top_right[49]                
col_event_rst_top_right<47>                |col_event_rst_top_right[47]                
col_event_rst_top_right<45>                |col_event_rst_top_right[45]                
col_event_rst_top_right<43>                |col_event_rst_top_right[43]                
col_event_rst_top_right<41>                |col_event_rst_top_right[41]                
col_event_rst_top_right<39>                |col_event_rst_top_right[39]                
col_event_rst_top_right<37>                |col_event_rst_top_right[37]                
col_event_rst_top_right<35>                |col_event_rst_top_right[35]                
col_event_rst_top_right<33>                |col_event_rst_top_right[33]                
col_event_rst_top_right<31>                |col_event_rst_top_right[31]                
col_event_rst_top_right<29>                |col_event_rst_top_right[29]                
col_event_rst_top_right<27>                |col_event_rst_top_right[27]                
col_event_rst_top_right<25>                |col_event_rst_top_right[25]                
col_event_rst_top_right<23>                |col_event_rst_top_right[23]                
col_event_rst_top_right<21>                |col_event_rst_top_right[21]                
col_event_rst_top_right<19>                |col_event_rst_top_right[19]                
col_event_rst_top_right<17>                |col_event_rst_top_right[17]                
col_event_rst_top_right<15>                |col_event_rst_top_right[15]                
col_event_rst_top_right<13>                |col_event_rst_top_right[13]                
col_event_rst_top_right<11>                |col_event_rst_top_right[11]                
col_event_rst_top_right<9>                 |col_event_rst_top_right[9]                 
col_event_rst_top_right<7>                 |col_event_rst_top_right[7]                 
col_event_rst_top_right<5>                 |col_event_rst_top_right[5]                 
col_event_rst_top_right<3>                 |col_event_rst_top_right[3]                 
col_event_rst_top_right<1>                 |col_event_rst_top_right[1]                 
col_event_rst_top_left<62>                 |col_event_rst_top_left[62]                 
col_event_rst_top_left<60>                 |col_event_rst_top_left[60]                 
col_event_rst_top_left<58>                 |col_event_rst_top_left[58]                 
col_event_rst_top_left<56>                 |col_event_rst_top_left[56]                 
col_event_rst_top_left<54>                 |col_event_rst_top_left[54]                 
col_event_rst_top_left<52>                 |col_event_rst_top_left[52]                 
col_event_rst_top_left<50>                 |col_event_rst_top_left[50]                 
col_event_rst_top_left<48>                 |col_event_rst_top_left[48]                 
col_event_rst_top_left<46>                 |col_event_rst_top_left[46]                 
col_event_rst_top_left<44>                 |col_event_rst_top_left[44]                 
col_event_rst_top_left<42>                 |col_event_rst_top_left[42]                 
col_event_rst_top_left<40>                 |col_event_rst_top_left[40]                 
col_event_rst_top_left<38>                 |col_event_rst_top_left[38]                 
col_event_rst_top_left<36>                 |col_event_rst_top_left[36]                 
col_event_rst_top_left<34>                 |col_event_rst_top_left[34]                 
col_event_rst_top_left<32>                 |col_event_rst_top_left[32]                 
col_event_rst_top_left<30>                 |col_event_rst_top_left[30]                 
col_event_rst_top_left<28>                 |col_event_rst_top_left[28]                 
col_event_rst_top_left<26>                 |col_event_rst_top_left[26]                 
col_event_rst_top_left<24>                 |col_event_rst_top_left[24]                 
col_event_rst_top_left<22>                 |col_event_rst_top_left[22]                 
col_event_rst_top_left<20>                 |col_event_rst_top_left[20]                 
col_event_rst_top_left<18>                 |col_event_rst_top_left[18]                 
col_event_rst_top_left<16>                 |col_event_rst_top_left[16]                 
col_event_rst_top_left<14>                 |col_event_rst_top_left[14]                 
col_event_rst_top_left<12>                 |col_event_rst_top_left[12]                 
col_event_rst_top_left<10>                 |col_event_rst_top_left[10]                 
col_event_rst_top_left<8>                  |col_event_rst_top_left[8]                  
col_event_rst_top_left<6>                  |col_event_rst_top_left[6]                  
col_event_rst_top_left<4>                  |col_event_rst_top_left[4]                  
col_event_rst_top_left<2>                  |col_event_rst_top_left[2]                  
col_event_rst_top_left<0>                  |col_event_rst_top_left[0]                  
col_event_rst_top_right<62>                |col_event_rst_top_right[62]                
col_event_rst_top_right<60>                |col_event_rst_top_right[60]                
col_event_rst_top_right<58>                |col_event_rst_top_right[58]                
col_event_rst_top_right<56>                |col_event_rst_top_right[56]                
col_event_rst_top_right<54>                |col_event_rst_top_right[54]                
col_event_rst_top_right<52>                |col_event_rst_top_right[52]                
col_event_rst_top_right<50>                |col_event_rst_top_right[50]                
col_event_rst_top_right<48>                |col_event_rst_top_right[48]                
col_event_rst_top_right<46>                |col_event_rst_top_right[46]                
col_event_rst_top_right<44>                |col_event_rst_top_right[44]                
col_event_rst_top_right<42>                |col_event_rst_top_right[42]                
col_event_rst_top_right<40>                |col_event_rst_top_right[40]                
col_event_rst_top_right<38>                |col_event_rst_top_right[38]                
col_event_rst_top_right<36>                |col_event_rst_top_right[36]                
col_event_rst_top_right<34>                |col_event_rst_top_right[34]                
col_event_rst_top_right<32>                |col_event_rst_top_right[32]                
col_event_rst_top_right<30>                |col_event_rst_top_right[30]                
col_event_rst_top_right<28>                |col_event_rst_top_right[28]                
col_event_rst_top_right<26>                |col_event_rst_top_right[26]                
col_event_rst_top_right<24>                |col_event_rst_top_right[24]                
col_event_rst_top_right<22>                |col_event_rst_top_right[22]                
col_event_rst_top_right<20>                |col_event_rst_top_right[20]                
col_event_rst_top_right<18>                |col_event_rst_top_right[18]                
col_event_rst_top_right<16>                |col_event_rst_top_right[16]                
col_event_rst_top_right<14>                |col_event_rst_top_right[14]                
col_event_rst_top_right<12>                |col_event_rst_top_right[12]                
col_event_rst_top_right<10>                |col_event_rst_top_right[10]                
col_event_rst_top_right<8>                 |col_event_rst_top_right[8]                 
col_event_rst_top_right<6>                 |col_event_rst_top_right[6]                 
col_event_rst_top_right<4>                 |col_event_rst_top_right[4]                 
col_event_rst_top_right<2>                 |col_event_rst_top_right[2]                 
col_event_rst_top_right<0>                 |col_event_rst_top_right[0]                 
col_event_rst_bot_left<62>                 |col_event_rst_bot_left[62]                 
col_event_rst_bot_left<60>                 |col_event_rst_bot_left[60]                 
col_event_rst_bot_left<58>                 |col_event_rst_bot_left[58]                 
col_event_rst_bot_left<56>                 |col_event_rst_bot_left[56]                 
col_event_rst_bot_left<54>                 |col_event_rst_bot_left[54]                 
col_event_rst_bot_left<52>                 |col_event_rst_bot_left[52]                 
col_event_rst_bot_left<50>                 |col_event_rst_bot_left[50]                 
col_event_rst_bot_left<48>                 |col_event_rst_bot_left[48]                 
col_event_rst_bot_left<46>                 |col_event_rst_bot_left[46]                 
col_event_rst_bot_left<44>                 |col_event_rst_bot_left[44]                 
col_event_rst_bot_left<42>                 |col_event_rst_bot_left[42]                 
col_event_rst_bot_left<40>                 |col_event_rst_bot_left[40]                 
col_event_rst_bot_left<38>                 |col_event_rst_bot_left[38]                 
col_event_rst_bot_left<36>                 |col_event_rst_bot_left[36]                 
col_event_rst_bot_left<34>                 |col_event_rst_bot_left[34]                 
col_event_rst_bot_left<32>                 |col_event_rst_bot_left[32]                 
col_event_rst_bot_left<30>                 |col_event_rst_bot_left[30]                 
col_event_rst_bot_left<28>                 |col_event_rst_bot_left[28]                 
col_event_rst_bot_left<26>                 |col_event_rst_bot_left[26]                 
col_event_rst_bot_left<24>                 |col_event_rst_bot_left[24]                 
col_event_rst_bot_left<22>                 |col_event_rst_bot_left[22]                 
col_event_rst_bot_left<20>                 |col_event_rst_bot_left[20]                 
col_event_rst_bot_left<18>                 |col_event_rst_bot_left[18]                 
col_event_rst_bot_left<16>                 |col_event_rst_bot_left[16]                 
col_event_rst_bot_left<14>                 |col_event_rst_bot_left[14]                 
col_event_rst_bot_left<12>                 |col_event_rst_bot_left[12]                 
col_event_rst_bot_left<10>                 |col_event_rst_bot_left[10]                 
col_event_rst_bot_left<8>                  |col_event_rst_bot_left[8]                  
col_event_rst_bot_left<6>                  |col_event_rst_bot_left[6]                  
col_event_rst_bot_left<4>                  |col_event_rst_bot_left[4]                  
col_event_rst_bot_left<2>                  |col_event_rst_bot_left[2]                  
col_event_rst_bot_left<0>                  |col_event_rst_bot_left[0]                  
col_event_rst_bot_right<62>                |col_event_rst_bot_right[62]                
col_event_rst_bot_right<60>                |col_event_rst_bot_right[60]                
col_event_rst_bot_right<58>                |col_event_rst_bot_right[58]                
col_event_rst_bot_right<56>                |col_event_rst_bot_right[56]                
col_event_rst_bot_right<54>                |col_event_rst_bot_right[54]                
col_event_rst_bot_right<52>                |col_event_rst_bot_right[52]                
col_event_rst_bot_right<50>                |col_event_rst_bot_right[50]                
col_event_rst_bot_right<48>                |col_event_rst_bot_right[48]                
col_event_rst_bot_right<46>                |col_event_rst_bot_right[46]                
col_event_rst_bot_right<44>                |col_event_rst_bot_right[44]                
col_event_rst_bot_right<42>                |col_event_rst_bot_right[42]                
col_event_rst_bot_right<40>                |col_event_rst_bot_right[40]                
col_event_rst_bot_right<38>                |col_event_rst_bot_right[38]                
col_event_rst_bot_right<36>                |col_event_rst_bot_right[36]                
col_event_rst_bot_right<34>                |col_event_rst_bot_right[34]                
col_event_rst_bot_right<32>                |col_event_rst_bot_right[32]                
col_event_rst_bot_right<30>                |col_event_rst_bot_right[30]                
col_event_rst_bot_right<28>                |col_event_rst_bot_right[28]                
col_event_rst_bot_right<26>                |col_event_rst_bot_right[26]                
col_event_rst_bot_right<24>                |col_event_rst_bot_right[24]                
col_event_rst_bot_right<22>                |col_event_rst_bot_right[22]                
col_event_rst_bot_right<20>                |col_event_rst_bot_right[20]                
col_event_rst_bot_right<18>                |col_event_rst_bot_right[18]                
col_event_rst_bot_right<16>                |col_event_rst_bot_right[16]                
col_event_rst_bot_right<14>                |col_event_rst_bot_right[14]                
col_event_rst_bot_right<12>                |col_event_rst_bot_right[12]                
col_event_rst_bot_right<10>                |col_event_rst_bot_right[10]                
col_event_rst_bot_right<8>                 |col_event_rst_bot_right[8]                 
col_event_rst_bot_right<6>                 |col_event_rst_bot_right[6]                 
col_event_rst_bot_right<4>                 |col_event_rst_bot_right[4]                 
col_event_rst_bot_right<2>                 |col_event_rst_bot_right[2]                 
col_event_rst_bot_right<0>                 |col_event_rst_bot_right[0]                 
col_event_rst_bot_left<63>                 |col_event_rst_bot_left[63]                 
col_event_rst_bot_left<61>                 |col_event_rst_bot_left[61]                 
col_event_rst_bot_left<59>                 |col_event_rst_bot_left[59]                 
col_event_rst_bot_left<57>                 |col_event_rst_bot_left[57]                 
col_event_rst_bot_left<55>                 |col_event_rst_bot_left[55]                 
col_event_rst_bot_left<53>                 |col_event_rst_bot_left[53]                 
col_event_rst_bot_left<51>                 |col_event_rst_bot_left[51]                 
col_event_rst_bot_left<49>                 |col_event_rst_bot_left[49]                 
col_event_rst_bot_left<47>                 |col_event_rst_bot_left[47]                 
col_event_rst_bot_left<45>                 |col_event_rst_bot_left[45]                 
col_event_rst_bot_left<43>                 |col_event_rst_bot_left[43]                 
col_event_rst_bot_left<41>                 |col_event_rst_bot_left[41]                 
col_event_rst_bot_left<39>                 |col_event_rst_bot_left[39]                 
col_event_rst_bot_left<37>                 |col_event_rst_bot_left[37]                 
col_event_rst_bot_left<35>                 |col_event_rst_bot_left[35]                 
col_event_rst_bot_left<33>                 |col_event_rst_bot_left[33]                 
col_event_rst_bot_left<31>                 |col_event_rst_bot_left[31]                 
col_event_rst_bot_left<29>                 |col_event_rst_bot_left[29]                 
col_event_rst_bot_left<27>                 |col_event_rst_bot_left[27]                 
col_event_rst_bot_left<25>                 |col_event_rst_bot_left[25]                 
col_event_rst_bot_left<23>                 |col_event_rst_bot_left[23]                 
col_event_rst_bot_left<21>                 |col_event_rst_bot_left[21]                 
col_event_rst_bot_left<19>                 |col_event_rst_bot_left[19]                 
col_event_rst_bot_left<17>                 |col_event_rst_bot_left[17]                 
col_event_rst_bot_left<15>                 |col_event_rst_bot_left[15]                 
col_event_rst_bot_left<13>                 |col_event_rst_bot_left[13]                 
col_event_rst_bot_left<11>                 |col_event_rst_bot_left[11]                 
col_event_rst_bot_left<9>                  |col_event_rst_bot_left[9]                  
col_event_rst_bot_left<7>                  |col_event_rst_bot_left[7]                  
col_event_rst_bot_left<5>                  |col_event_rst_bot_left[5]                  
col_event_rst_bot_left<3>                  |col_event_rst_bot_left[3]                  
col_event_rst_bot_left<1>                  |col_event_rst_bot_left[1]                  
col_event_rst_bot_right<63>                |col_event_rst_bot_right[63]                
col_event_rst_bot_right<61>                |col_event_rst_bot_right[61]                
col_event_rst_bot_right<59>                |col_event_rst_bot_right[59]                
col_event_rst_bot_right<57>                |col_event_rst_bot_right[57]                
col_event_rst_bot_right<55>                |col_event_rst_bot_right[55]                
col_event_rst_bot_right<53>                |col_event_rst_bot_right[53]                
col_event_rst_bot_right<51>                |col_event_rst_bot_right[51]                
col_event_rst_bot_right<49>                |col_event_rst_bot_right[49]                
col_event_rst_bot_right<47>                |col_event_rst_bot_right[47]                
col_event_rst_bot_right<45>                |col_event_rst_bot_right[45]                
col_event_rst_bot_right<43>                |col_event_rst_bot_right[43]                
col_event_rst_bot_right<41>                |col_event_rst_bot_right[41]                
col_event_rst_bot_right<39>                |col_event_rst_bot_right[39]                
col_event_rst_bot_right<37>                |col_event_rst_bot_right[37]                
col_event_rst_bot_right<35>                |col_event_rst_bot_right[35]                
col_event_rst_bot_right<33>                |col_event_rst_bot_right[33]                
col_event_rst_bot_right<31>                |col_event_rst_bot_right[31]                
col_event_rst_bot_right<29>                |col_event_rst_bot_right[29]                
col_event_rst_bot_right<27>                |col_event_rst_bot_right[27]                
col_event_rst_bot_right<25>                |col_event_rst_bot_right[25]                
col_event_rst_bot_right<23>                |col_event_rst_bot_right[23]                
col_event_rst_bot_right<21>                |col_event_rst_bot_right[21]                
col_event_rst_bot_right<19>                |col_event_rst_bot_right[19]                
col_event_rst_bot_right<17>                |col_event_rst_bot_right[17]                
col_event_rst_bot_right<15>                |col_event_rst_bot_right[15]                
col_event_rst_bot_right<13>                |col_event_rst_bot_right[13]                
col_event_rst_bot_right<11>                |col_event_rst_bot_right[11]                
col_event_rst_bot_right<9>                 |col_event_rst_bot_right[9]                 
col_event_rst_bot_right<7>                 |col_event_rst_bot_right[7]                 
col_event_rst_bot_right<5>                 |col_event_rst_bot_right[5]                 
col_event_rst_bot_right<3>                 |col_event_rst_bot_right[3]                 
col_event_rst_bot_right<1>                 |col_event_rst_bot_right[1]                 
array_col_top_left<63>                     |array_col_top_left[63]                     
array_col_top_left<61>                     |array_col_top_left[61]                     
array_col_top_left<59>                     |array_col_top_left[59]                     
array_col_top_left<57>                     |array_col_top_left[57]                     
array_col_top_left<55>                     |array_col_top_left[55]                     
array_col_top_left<53>                     |array_col_top_left[53]                     
array_col_top_left<51>                     |array_col_top_left[51]                     
array_col_top_left<49>                     |array_col_top_left[49]                     
array_col_top_left<47>                     |array_col_top_left[47]                     
array_col_top_left<45>                     |array_col_top_left[45]                     
array_col_top_left<43>                     |array_col_top_left[43]                     
array_col_top_left<41>                     |array_col_top_left[41]                     
array_col_top_left<39>                     |array_col_top_left[39]                     
array_col_top_left<37>                     |array_col_top_left[37]                     
array_col_top_left<35>                     |array_col_top_left[35]                     
array_col_top_left<33>                     |array_col_top_left[33]                     
array_col_top_left<31>                     |array_col_top_left[31]                     
array_col_top_left<29>                     |array_col_top_left[29]                     
array_col_top_left<27>                     |array_col_top_left[27]                     
array_col_top_left<25>                     |array_col_top_left[25]                     
array_col_top_left<23>                     |array_col_top_left[23]                     
array_col_top_left<21>                     |array_col_top_left[21]                     
array_col_top_left<19>                     |array_col_top_left[19]                     
array_col_top_left<17>                     |array_col_top_left[17]                     
array_col_top_left<15>                     |array_col_top_left[15]                     
array_col_top_left<13>                     |array_col_top_left[13]                     
array_col_top_left<11>                     |array_col_top_left[11]                     
array_col_top_left<9>                      |array_col_top_left[9]                      
array_col_top_left<7>                      |array_col_top_left[7]                      
array_col_top_left<5>                      |array_col_top_left[5]                      
array_col_top_left<3>                      |array_col_top_left[3]                      
array_col_top_left<1>                      |array_col_top_left[1]                      
array_col_top_right<63>                    |array_col_top_right[63]                    
array_col_top_right<61>                    |array_col_top_right[61]                    
array_col_top_right<59>                    |array_col_top_right[59]                    
array_col_top_right<57>                    |array_col_top_right[57]                    
array_col_top_right<55>                    |array_col_top_right[55]                    
array_col_top_right<53>                    |array_col_top_right[53]                    
array_col_top_right<51>                    |array_col_top_right[51]                    
array_col_top_right<49>                    |array_col_top_right[49]                    
array_col_top_right<47>                    |array_col_top_right[47]                    
array_col_top_right<45>                    |array_col_top_right[45]                    
array_col_top_right<43>                    |array_col_top_right[43]                    
array_col_top_right<41>                    |array_col_top_right[41]                    
array_col_top_right<39>                    |array_col_top_right[39]                    
array_col_top_right<37>                    |array_col_top_right[37]                    
array_col_top_right<35>                    |array_col_top_right[35]                    
array_col_top_right<33>                    |array_col_top_right[33]                    
array_col_top_right<31>                    |array_col_top_right[31]                    
array_col_top_right<29>                    |array_col_top_right[29]                    
array_col_top_right<27>                    |array_col_top_right[27]                    
array_col_top_right<25>                    |array_col_top_right[25]                    
array_col_top_right<23>                    |array_col_top_right[23]                    
array_col_top_right<21>                    |array_col_top_right[21]                    
array_col_top_right<19>                    |array_col_top_right[19]                    
array_col_top_right<17>                    |array_col_top_right[17]                    
array_col_top_right<15>                    |array_col_top_right[15]                    
array_col_top_right<13>                    |array_col_top_right[13]                    
array_col_top_right<11>                    |array_col_top_right[11]                    
array_col_top_right<9>                     |array_col_top_right[9]                     
array_col_top_right<7>                     |array_col_top_right[7]                     
array_col_top_right<5>                     |array_col_top_right[5]                     
array_col_top_right<3>                     |array_col_top_right[3]                     
array_col_top_right<1>                     |array_col_top_right[1]                     
array_col_top_left<62>                     |array_col_top_left[62]                     
array_col_top_left<60>                     |array_col_top_left[60]                     
array_col_top_left<58>                     |array_col_top_left[58]                     
array_col_top_left<56>                     |array_col_top_left[56]                     
array_col_top_left<54>                     |array_col_top_left[54]                     
array_col_top_left<52>                     |array_col_top_left[52]                     
array_col_top_left<50>                     |array_col_top_left[50]                     
array_col_top_left<48>                     |array_col_top_left[48]                     
array_col_top_left<46>                     |array_col_top_left[46]                     
array_col_top_left<44>                     |array_col_top_left[44]                     
array_col_top_left<42>                     |array_col_top_left[42]                     
array_col_top_left<40>                     |array_col_top_left[40]                     
array_col_top_left<38>                     |array_col_top_left[38]                     
array_col_top_left<36>                     |array_col_top_left[36]                     
array_col_top_left<34>                     |array_col_top_left[34]                     
array_col_top_left<32>                     |array_col_top_left[32]                     
array_col_top_left<30>                     |array_col_top_left[30]                     
array_col_top_left<28>                     |array_col_top_left[28]                     
array_col_top_left<26>                     |array_col_top_left[26]                     
array_col_top_left<24>                     |array_col_top_left[24]                     
array_col_top_left<22>                     |array_col_top_left[22]                     
array_col_top_left<20>                     |array_col_top_left[20]                     
array_col_top_left<18>                     |array_col_top_left[18]                     
array_col_top_left<16>                     |array_col_top_left[16]                     
array_col_top_left<14>                     |array_col_top_left[14]                     
array_col_top_left<12>                     |array_col_top_left[12]                     
array_col_top_left<10>                     |array_col_top_left[10]                     
array_col_top_left<8>                      |array_col_top_left[8]                      
array_col_top_left<6>                      |array_col_top_left[6]                      
array_col_top_left<4>                      |array_col_top_left[4]                      
array_col_top_left<2>                      |array_col_top_left[2]                      
array_col_top_left<0>                      |array_col_top_left[0]                      
array_col_top_right<62>                    |array_col_top_right[62]                    
array_col_top_right<60>                    |array_col_top_right[60]                    
array_col_top_right<58>                    |array_col_top_right[58]                    
array_col_top_right<56>                    |array_col_top_right[56]                    
array_col_top_right<54>                    |array_col_top_right[54]                    
array_col_top_right<52>                    |array_col_top_right[52]                    
array_col_top_right<50>                    |array_col_top_right[50]                    
array_col_top_right<48>                    |array_col_top_right[48]                    
array_col_top_right<46>                    |array_col_top_right[46]                    
array_col_top_right<44>                    |array_col_top_right[44]                    
array_col_top_right<42>                    |array_col_top_right[42]                    
array_col_top_right<40>                    |array_col_top_right[40]                    
array_col_top_right<38>                    |array_col_top_right[38]                    
array_col_top_right<36>                    |array_col_top_right[36]                    
array_col_top_right<34>                    |array_col_top_right[34]                    
array_col_top_right<32>                    |array_col_top_right[32]                    
array_col_top_right<30>                    |array_col_top_right[30]                    
array_col_top_right<28>                    |array_col_top_right[28]                    
array_col_top_right<26>                    |array_col_top_right[26]                    
array_col_top_right<24>                    |array_col_top_right[24]                    
array_col_top_right<22>                    |array_col_top_right[22]                    
array_col_top_right<20>                    |array_col_top_right[20]                    
array_col_top_right<18>                    |array_col_top_right[18]                    
array_col_top_right<16>                    |array_col_top_right[16]                    
array_col_top_right<14>                    |array_col_top_right[14]                    
array_col_top_right<12>                    |array_col_top_right[12]                    
array_col_top_right<10>                    |array_col_top_right[10]                    
array_col_top_right<8>                     |array_col_top_right[8]                     
array_col_top_right<6>                     |array_col_top_right[6]                     
array_col_top_right<4>                     |array_col_top_right[4]                     
array_col_top_right<2>                     |array_col_top_right[2]                     
array_col_top_right<0>                     |array_col_top_right[0]                     
array_col_bot_left<63>                     |array_col_bot_left[63]                     
array_col_bot_left<61>                     |array_col_bot_left[61]                     
array_col_bot_left<59>                     |array_col_bot_left[59]                     
array_col_bot_left<57>                     |array_col_bot_left[57]                     
array_col_bot_left<55>                     |array_col_bot_left[55]                     
array_col_bot_left<53>                     |array_col_bot_left[53]                     
array_col_bot_left<51>                     |array_col_bot_left[51]                     
array_col_bot_left<49>                     |array_col_bot_left[49]                     
array_col_bot_left<47>                     |array_col_bot_left[47]                     
array_col_bot_left<45>                     |array_col_bot_left[45]                     
array_col_bot_left<43>                     |array_col_bot_left[43]                     
array_col_bot_left<41>                     |array_col_bot_left[41]                     
array_col_bot_left<39>                     |array_col_bot_left[39]                     
array_col_bot_left<37>                     |array_col_bot_left[37]                     
array_col_bot_left<35>                     |array_col_bot_left[35]                     
array_col_bot_left<33>                     |array_col_bot_left[33]                     
array_col_bot_left<31>                     |array_col_bot_left[31]                     
array_col_bot_left<29>                     |array_col_bot_left[29]                     
array_col_bot_left<27>                     |array_col_bot_left[27]                     
array_col_bot_left<25>                     |array_col_bot_left[25]                     
array_col_bot_left<23>                     |array_col_bot_left[23]                     
array_col_bot_left<21>                     |array_col_bot_left[21]                     
array_col_bot_left<19>                     |array_col_bot_left[19]                     
array_col_bot_left<17>                     |array_col_bot_left[17]                     
array_col_bot_left<15>                     |array_col_bot_left[15]                     
array_col_bot_left<13>                     |array_col_bot_left[13]                     
array_col_bot_left<11>                     |array_col_bot_left[11]                     
array_col_bot_left<9>                      |array_col_bot_left[9]                      
array_col_bot_left<7>                      |array_col_bot_left[7]                      
array_col_bot_left<5>                      |array_col_bot_left[5]                      
array_col_bot_left<3>                      |array_col_bot_left[3]                      
array_col_bot_left<1>                      |array_col_bot_left[1]                      
array_col_bot_right<63>                    |array_col_bot_right[63]                    
array_col_bot_right<61>                    |array_col_bot_right[61]                    
array_col_bot_right<59>                    |array_col_bot_right[59]                    
array_col_bot_right<57>                    |array_col_bot_right[57]                    
array_col_bot_right<55>                    |array_col_bot_right[55]                    
array_col_bot_right<53>                    |array_col_bot_right[53]                    
array_col_bot_right<51>                    |array_col_bot_right[51]                    
array_col_bot_right<49>                    |array_col_bot_right[49]                    
array_col_bot_right<47>                    |array_col_bot_right[47]                    
array_col_bot_right<45>                    |array_col_bot_right[45]                    
array_col_bot_right<43>                    |array_col_bot_right[43]                    
array_col_bot_right<41>                    |array_col_bot_right[41]                    
array_col_bot_right<39>                    |array_col_bot_right[39]                    
array_col_bot_right<37>                    |array_col_bot_right[37]                    
array_col_bot_right<35>                    |array_col_bot_right[35]                    
array_col_bot_right<33>                    |array_col_bot_right[33]                    
array_col_bot_right<31>                    |array_col_bot_right[31]                    
array_col_bot_right<29>                    |array_col_bot_right[29]                    
array_col_bot_right<27>                    |array_col_bot_right[27]                    
array_col_bot_right<25>                    |array_col_bot_right[25]                    
array_col_bot_right<23>                    |array_col_bot_right[23]                    
array_col_bot_right<21>                    |array_col_bot_right[21]                    
array_col_bot_right<19>                    |array_col_bot_right[19]                    
array_col_bot_right<17>                    |array_col_bot_right[17]                    
array_col_bot_right<15>                    |array_col_bot_right[15]                    
array_col_bot_right<13>                    |array_col_bot_right[13]                    
array_col_bot_right<11>                    |array_col_bot_right[11]                    
array_col_bot_right<9>                     |array_col_bot_right[9]                     
array_col_bot_right<7>                     |array_col_bot_right[7]                     
array_col_bot_right<5>                     |array_col_bot_right[5]                     
array_col_bot_right<3>                     |array_col_bot_right[3]                     
array_col_bot_right<1>                     |array_col_bot_right[1]                     
array_col_bot_left<62>                     |array_col_bot_left[62]                     
array_col_bot_left<60>                     |array_col_bot_left[60]                     
array_col_bot_left<58>                     |array_col_bot_left[58]                     
array_col_bot_left<56>                     |array_col_bot_left[56]                     
array_col_bot_left<54>                     |array_col_bot_left[54]                     
array_col_bot_left<52>                     |array_col_bot_left[52]                     
array_col_bot_left<50>                     |array_col_bot_left[50]                     
array_col_bot_left<48>                     |array_col_bot_left[48]                     
array_col_bot_left<46>                     |array_col_bot_left[46]                     
array_col_bot_left<44>                     |array_col_bot_left[44]                     
array_col_bot_left<42>                     |array_col_bot_left[42]                     
array_col_bot_left<40>                     |array_col_bot_left[40]                     
array_col_bot_left<38>                     |array_col_bot_left[38]                     
array_col_bot_left<36>                     |array_col_bot_left[36]                     
array_col_bot_left<34>                     |array_col_bot_left[34]                     
array_col_bot_left<32>                     |array_col_bot_left[32]                     
array_col_bot_left<30>                     |array_col_bot_left[30]                     
array_col_bot_left<28>                     |array_col_bot_left[28]                     
array_col_bot_left<26>                     |array_col_bot_left[26]                     
array_col_bot_left<24>                     |array_col_bot_left[24]                     
array_col_bot_left<22>                     |array_col_bot_left[22]                     
array_col_bot_left<20>                     |array_col_bot_left[20]                     
array_col_bot_left<18>                     |array_col_bot_left[18]                     
array_col_bot_left<16>                     |array_col_bot_left[16]                     
array_col_bot_left<14>                     |array_col_bot_left[14]                     
array_col_bot_left<12>                     |array_col_bot_left[12]                     
array_col_bot_left<10>                     |array_col_bot_left[10]                     
array_col_bot_left<8>                      |array_col_bot_left[8]                      
array_col_bot_left<6>                      |array_col_bot_left[6]                      
array_col_bot_left<4>                      |array_col_bot_left[4]                      
array_col_bot_left<2>                      |array_col_bot_left[2]                      
array_col_bot_left<0>                      |array_col_bot_left[0]                      
array_col_bot_right<62>                    |array_col_bot_right[62]                    
array_col_bot_right<60>                    |array_col_bot_right[60]                    
array_col_bot_right<58>                    |array_col_bot_right[58]                    
array_col_bot_right<56>                    |array_col_bot_right[56]                    
array_col_bot_right<54>                    |array_col_bot_right[54]                    
array_col_bot_right<52>                    |array_col_bot_right[52]                    
array_col_bot_right<50>                    |array_col_bot_right[50]                    
array_col_bot_right<48>                    |array_col_bot_right[48]                    
array_col_bot_right<46>                    |array_col_bot_right[46]                    
array_col_bot_right<44>                    |array_col_bot_right[44]                    
array_col_bot_right<42>                    |array_col_bot_right[42]                    
array_col_bot_right<40>                    |array_col_bot_right[40]                    
array_col_bot_right<38>                    |array_col_bot_right[38]                    
array_col_bot_right<36>                    |array_col_bot_right[36]                    
array_col_bot_right<34>                    |array_col_bot_right[34]                    
array_col_bot_right<32>                    |array_col_bot_right[32]                    
array_col_bot_right<30>                    |array_col_bot_right[30]                    
array_col_bot_right<28>                    |array_col_bot_right[28]                    
array_col_bot_right<26>                    |array_col_bot_right[26]                    
array_col_bot_right<24>                    |array_col_bot_right[24]                    
array_col_bot_right<22>                    |array_col_bot_right[22]                    
array_col_bot_right<20>                    |array_col_bot_right[20]                    
array_col_bot_right<18>                    |array_col_bot_right[18]                    
array_col_bot_right<16>                    |array_col_bot_right[16]                    
array_col_bot_right<14>                    |array_col_bot_right[14]                    
array_col_bot_right<12>                    |array_col_bot_right[12]                    
array_col_bot_right<10>                    |array_col_bot_right[10]                    
array_col_bot_right<8>                     |array_col_bot_right[8]                     
array_col_bot_right<6>                     |array_col_bot_right[6]                     
array_col_bot_right<4>                     |array_col_bot_right[4]                     
array_col_bot_right<2>                     |array_col_bot_right[2]                     
array_col_bot_right<0>                     |array_col_bot_right[0]                     
detect_pulse_global_top_left               |detect_pulse_global_top_left               
detect_pulse_global_bot_left               |detect_pulse_global_bot_left               
ndetect_pulse_global_top_left              |ndetect_pulse_global_top_left              
ndetect_pulse_global_bot_left              |ndetect_pulse_global_bot_left              
pre_charge_global_top_left                 |pre_charge_global_top_left                 
pre_charge_global_bot_left                 |pre_charge_global_bot_left                 
dac_config_3                               |dac_config_3                               
dac_config_5                               |dac_config_5                               
dac_config_4                               |dac_config_4                               
dac_config_0                               |dac_config_0                               
dac_config_1                               |dac_config_1                               
dac_config_2                               |dac_config_2                               
vssc1                                      |vssc1                                      
row_on_detect_top<1>                       |row_on_detect_top[1]                       
row_on_detect_top<3>                       |row_on_detect_top[3]                       
row_on_detect_top<5>                       |row_on_detect_top[5]                       
row_on_detect_top<7>                       |row_on_detect_top[7]                       
row_on_detect_top<9>                       |row_on_detect_top[9]                       
row_on_detect_top<11>                      |row_on_detect_top[11]                      
row_on_detect_top<13>                      |row_on_detect_top[13]                      
row_on_detect_top<15>                      |row_on_detect_top[15]                      
row_on_detect_top<17>                      |row_on_detect_top[17]                      
row_on_detect_top<19>                      |row_on_detect_top[19]                      
row_on_detect_top<21>                      |row_on_detect_top[21]                      
row_on_detect_top<23>                      |row_on_detect_top[23]                      
row_on_detect_top<25>                      |row_on_detect_top[25]                      
row_on_detect_top<27>                      |row_on_detect_top[27]                      
row_on_detect_top<29>                      |row_on_detect_top[29]                      
row_on_detect_top<31>                      |row_on_detect_top[31]                      
row_on_detect_top<33>                      |row_on_detect_top[33]                      
row_on_detect_top<35>                      |row_on_detect_top[35]                      
row_on_detect_top<37>                      |row_on_detect_top[37]                      
row_on_detect_top<39>                      |row_on_detect_top[39]                      
row_on_detect_top<41>                      |row_on_detect_top[41]                      
row_on_detect_top<43>                      |row_on_detect_top[43]                      
row_on_detect_top<45>                      |row_on_detect_top[45]                      
row_on_detect_top<47>                      |row_on_detect_top[47]                      
row_on_detect_top<49>                      |row_on_detect_top[49]                      
row_on_detect_top<51>                      |row_on_detect_top[51]                      
row_on_detect_top<53>                      |row_on_detect_top[53]                      
row_on_detect_top<55>                      |row_on_detect_top[55]                      
row_on_detect_top<57>                      |row_on_detect_top[57]                      
row_on_detect_top<59>                      |row_on_detect_top[59]                      
row_on_detect_top<61>                      |row_on_detect_top[61]                      
row_on_detect_top<63>                      |row_on_detect_top[63]                      
row_off_detect_top<0>                      |row_off_detect_top[0]                      
row_off_detect_top<2>                      |row_off_detect_top[2]                      
row_off_detect_top<4>                      |row_off_detect_top[4]                      
row_off_detect_top<6>                      |row_off_detect_top[6]                      
row_off_detect_top<8>                      |row_off_detect_top[8]                      
row_off_detect_top<10>                     |row_off_detect_top[10]                     
row_off_detect_top<12>                     |row_off_detect_top[12]                     
row_off_detect_top<14>                     |row_off_detect_top[14]                     
row_off_detect_top<16>                     |row_off_detect_top[16]                     
row_off_detect_top<18>                     |row_off_detect_top[18]                     
row_off_detect_top<20>                     |row_off_detect_top[20]                     
row_off_detect_top<22>                     |row_off_detect_top[22]                     
row_off_detect_top<24>                     |row_off_detect_top[24]                     
row_off_detect_top<26>                     |row_off_detect_top[26]                     
row_off_detect_top<28>                     |row_off_detect_top[28]                     
row_off_detect_top<30>                     |row_off_detect_top[30]                     
row_off_detect_top<32>                     |row_off_detect_top[32]                     
row_off_detect_top<34>                     |row_off_detect_top[34]                     
row_off_detect_top<36>                     |row_off_detect_top[36]                     
row_off_detect_top<38>                     |row_off_detect_top[38]                     
row_off_detect_top<40>                     |row_off_detect_top[40]                     
row_off_detect_top<42>                     |row_off_detect_top[42]                     
row_off_detect_top<44>                     |row_off_detect_top[44]                     
row_off_detect_top<46>                     |row_off_detect_top[46]                     
row_off_detect_top<48>                     |row_off_detect_top[48]                     
row_off_detect_top<50>                     |row_off_detect_top[50]                     
row_off_detect_top<52>                     |row_off_detect_top[52]                     
row_off_detect_top<54>                     |row_off_detect_top[54]                     
row_off_detect_top<56>                     |row_off_detect_top[56]                     
row_off_detect_top<58>                     |row_off_detect_top[58]                     
row_off_detect_top<60>                     |row_off_detect_top[60]                     
row_off_detect_top<62>                     |row_off_detect_top[62]                     
row_on_detect_top<0>                       |row_on_detect_top[0]                       
row_on_detect_top<2>                       |row_on_detect_top[2]                       
row_on_detect_top<4>                       |row_on_detect_top[4]                       
row_on_detect_top<6>                       |row_on_detect_top[6]                       
row_on_detect_top<8>                       |row_on_detect_top[8]                       
row_on_detect_top<10>                      |row_on_detect_top[10]                      
row_on_detect_top<12>                      |row_on_detect_top[12]                      
row_on_detect_top<14>                      |row_on_detect_top[14]                      
row_on_detect_top<16>                      |row_on_detect_top[16]                      
row_on_detect_top<18>                      |row_on_detect_top[18]                      
row_on_detect_top<20>                      |row_on_detect_top[20]                      
row_on_detect_top<22>                      |row_on_detect_top[22]                      
row_on_detect_top<24>                      |row_on_detect_top[24]                      
row_on_detect_top<26>                      |row_on_detect_top[26]                      
row_on_detect_top<28>                      |row_on_detect_top[28]                      
row_on_detect_top<30>                      |row_on_detect_top[30]                      
row_on_detect_top<32>                      |row_on_detect_top[32]                      
row_on_detect_top<34>                      |row_on_detect_top[34]                      
row_on_detect_top<36>                      |row_on_detect_top[36]                      
row_on_detect_top<38>                      |row_on_detect_top[38]                      
row_on_detect_top<40>                      |row_on_detect_top[40]                      
row_on_detect_top<42>                      |row_on_detect_top[42]                      
row_on_detect_top<44>                      |row_on_detect_top[44]                      
row_on_detect_top<46>                      |row_on_detect_top[46]                      
row_on_detect_top<48>                      |row_on_detect_top[48]                      
row_on_detect_top<50>                      |row_on_detect_top[50]                      
row_on_detect_top<52>                      |row_on_detect_top[52]                      
row_on_detect_top<54>                      |row_on_detect_top[54]                      
row_on_detect_top<56>                      |row_on_detect_top[56]                      
row_on_detect_top<58>                      |row_on_detect_top[58]                      
row_on_detect_top<60>                      |row_on_detect_top[60]                      
row_on_detect_top<62>                      |row_on_detect_top[62]                      
row_off_detect_top<1>                      |row_off_detect_top[1]                      
row_off_detect_top<3>                      |row_off_detect_top[3]                      
row_off_detect_top<5>                      |row_off_detect_top[5]                      
row_off_detect_top<7>                      |row_off_detect_top[7]                      
row_off_detect_top<9>                      |row_off_detect_top[9]                      
row_off_detect_top<11>                     |row_off_detect_top[11]                     
row_off_detect_top<13>                     |row_off_detect_top[13]                     
row_off_detect_top<15>                     |row_off_detect_top[15]                     
row_off_detect_top<17>                     |row_off_detect_top[17]                     
row_off_detect_top<19>                     |row_off_detect_top[19]                     
row_off_detect_top<21>                     |row_off_detect_top[21]                     
row_off_detect_top<23>                     |row_off_detect_top[23]                     
row_off_detect_top<25>                     |row_off_detect_top[25]                     
row_off_detect_top<27>                     |row_off_detect_top[27]                     
row_off_detect_top<29>                     |row_off_detect_top[29]                     
row_off_detect_top<31>                     |row_off_detect_top[31]                     
row_off_detect_top<33>                     |row_off_detect_top[33]                     
row_off_detect_top<35>                     |row_off_detect_top[35]                     
row_off_detect_top<37>                     |row_off_detect_top[37]                     
row_off_detect_top<39>                     |row_off_detect_top[39]                     
row_off_detect_top<41>                     |row_off_detect_top[41]                     
row_off_detect_top<43>                     |row_off_detect_top[43]                     
row_off_detect_top<45>                     |row_off_detect_top[45]                     
row_off_detect_top<47>                     |row_off_detect_top[47]                     
row_off_detect_top<49>                     |row_off_detect_top[49]                     
row_off_detect_top<51>                     |row_off_detect_top[51]                     
row_off_detect_top<53>                     |row_off_detect_top[53]                     
row_off_detect_top<55>                     |row_off_detect_top[55]                     
row_off_detect_top<57>                     |row_off_detect_top[57]                     
row_off_detect_top<59>                     |row_off_detect_top[59]                     
row_off_detect_top<61>                     |row_off_detect_top[61]                     
row_off_detect_top<63>                     |row_off_detect_top[63]                     
row_on_detect_bot<0>                       |row_on_detect_bot[0]                       
row_on_detect_bot<2>                       |row_on_detect_bot[2]                       
row_on_detect_bot<4>                       |row_on_detect_bot[4]                       
row_on_detect_bot<6>                       |row_on_detect_bot[6]                       
row_on_detect_bot<8>                       |row_on_detect_bot[8]                       
row_on_detect_bot<10>                      |row_on_detect_bot[10]                      
row_on_detect_bot<12>                      |row_on_detect_bot[12]                      
row_on_detect_bot<14>                      |row_on_detect_bot[14]                      
row_on_detect_bot<16>                      |row_on_detect_bot[16]                      
row_on_detect_bot<18>                      |row_on_detect_bot[18]                      
row_on_detect_bot<20>                      |row_on_detect_bot[20]                      
row_on_detect_bot<22>                      |row_on_detect_bot[22]                      
row_on_detect_bot<24>                      |row_on_detect_bot[24]                      
row_on_detect_bot<26>                      |row_on_detect_bot[26]                      
row_on_detect_bot<28>                      |row_on_detect_bot[28]                      
row_on_detect_bot<30>                      |row_on_detect_bot[30]                      
row_on_detect_bot<32>                      |row_on_detect_bot[32]                      
row_on_detect_bot<34>                      |row_on_detect_bot[34]                      
row_on_detect_bot<36>                      |row_on_detect_bot[36]                      
row_on_detect_bot<38>                      |row_on_detect_bot[38]                      
row_on_detect_bot<40>                      |row_on_detect_bot[40]                      
row_on_detect_bot<42>                      |row_on_detect_bot[42]                      
row_on_detect_bot<44>                      |row_on_detect_bot[44]                      
row_on_detect_bot<46>                      |row_on_detect_bot[46]                      
row_on_detect_bot<48>                      |row_on_detect_bot[48]                      
row_on_detect_bot<50>                      |row_on_detect_bot[50]                      
row_on_detect_bot<52>                      |row_on_detect_bot[52]                      
row_on_detect_bot<54>                      |row_on_detect_bot[54]                      
row_on_detect_bot<56>                      |row_on_detect_bot[56]                      
row_on_detect_bot<58>                      |row_on_detect_bot[58]                      
row_on_detect_bot<60>                      |row_on_detect_bot[60]                      
row_on_detect_bot<62>                      |row_on_detect_bot[62]                      
row_off_detect_bot<1>                      |row_off_detect_bot[1]                      
row_off_detect_bot<3>                      |row_off_detect_bot[3]                      
row_off_detect_bot<5>                      |row_off_detect_bot[5]                      
row_off_detect_bot<7>                      |row_off_detect_bot[7]                      
row_off_detect_bot<9>                      |row_off_detect_bot[9]                      
row_off_detect_bot<11>                     |row_off_detect_bot[11]                     
row_off_detect_bot<13>                     |row_off_detect_bot[13]                     
row_off_detect_bot<15>                     |row_off_detect_bot[15]                     
row_off_detect_bot<17>                     |row_off_detect_bot[17]                     
row_off_detect_bot<19>                     |row_off_detect_bot[19]                     
row_off_detect_bot<21>                     |row_off_detect_bot[21]                     
row_off_detect_bot<23>                     |row_off_detect_bot[23]                     
row_off_detect_bot<25>                     |row_off_detect_bot[25]                     
row_off_detect_bot<27>                     |row_off_detect_bot[27]                     
row_off_detect_bot<29>                     |row_off_detect_bot[29]                     
row_off_detect_bot<31>                     |row_off_detect_bot[31]                     
row_off_detect_bot<33>                     |row_off_detect_bot[33]                     
row_off_detect_bot<35>                     |row_off_detect_bot[35]                     
row_off_detect_bot<37>                     |row_off_detect_bot[37]                     
row_off_detect_bot<39>                     |row_off_detect_bot[39]                     
row_off_detect_bot<41>                     |row_off_detect_bot[41]                     
row_off_detect_bot<43>                     |row_off_detect_bot[43]                     
row_off_detect_bot<45>                     |row_off_detect_bot[45]                     
row_off_detect_bot<47>                     |row_off_detect_bot[47]                     
row_off_detect_bot<49>                     |row_off_detect_bot[49]                     
row_off_detect_bot<51>                     |row_off_detect_bot[51]                     
row_off_detect_bot<53>                     |row_off_detect_bot[53]                     
row_off_detect_bot<55>                     |row_off_detect_bot[55]                     
row_off_detect_bot<57>                     |row_off_detect_bot[57]                     
row_off_detect_bot<59>                     |row_off_detect_bot[59]                     
row_off_detect_bot<61>                     |row_off_detect_bot[61]                     
row_off_detect_bot<63>                     |row_off_detect_bot[63]                     
row_on_detect_bot<1>                       |row_on_detect_bot[1]                       
row_on_detect_bot<3>                       |row_on_detect_bot[3]                       
row_on_detect_bot<5>                       |row_on_detect_bot[5]                       
row_on_detect_bot<7>                       |row_on_detect_bot[7]                       
row_on_detect_bot<9>                       |row_on_detect_bot[9]                       
row_on_detect_bot<11>                      |row_on_detect_bot[11]                      
row_on_detect_bot<13>                      |row_on_detect_bot[13]                      
row_on_detect_bot<15>                      |row_on_detect_bot[15]                      
row_on_detect_bot<17>                      |row_on_detect_bot[17]                      
row_on_detect_bot<19>                      |row_on_detect_bot[19]                      
row_on_detect_bot<21>                      |row_on_detect_bot[21]                      
row_on_detect_bot<23>                      |row_on_detect_bot[23]                      
row_on_detect_bot<25>                      |row_on_detect_bot[25]                      
row_on_detect_bot<27>                      |row_on_detect_bot[27]                      
row_on_detect_bot<29>                      |row_on_detect_bot[29]                      
row_on_detect_bot<31>                      |row_on_detect_bot[31]                      
row_on_detect_bot<33>                      |row_on_detect_bot[33]                      
row_on_detect_bot<35>                      |row_on_detect_bot[35]                      
row_on_detect_bot<37>                      |row_on_detect_bot[37]                      
row_on_detect_bot<39>                      |row_on_detect_bot[39]                      
row_on_detect_bot<41>                      |row_on_detect_bot[41]                      
row_on_detect_bot<43>                      |row_on_detect_bot[43]                      
row_on_detect_bot<45>                      |row_on_detect_bot[45]                      
row_on_detect_bot<47>                      |row_on_detect_bot[47]                      
row_on_detect_bot<49>                      |row_on_detect_bot[49]                      
row_on_detect_bot<51>                      |row_on_detect_bot[51]                      
row_on_detect_bot<53>                      |row_on_detect_bot[53]                      
row_on_detect_bot<55>                      |row_on_detect_bot[55]                      
row_on_detect_bot<57>                      |row_on_detect_bot[57]                      
row_on_detect_bot<59>                      |row_on_detect_bot[59]                      
row_on_detect_bot<61>                      |row_on_detect_bot[61]                      
row_on_detect_bot<63>                      |row_on_detect_bot[63]                      
row_off_detect_bot<0>                      |row_off_detect_bot[0]                      
row_off_detect_bot<2>                      |row_off_detect_bot[2]                      
row_off_detect_bot<4>                      |row_off_detect_bot[4]                      
row_off_detect_bot<6>                      |row_off_detect_bot[6]                      
row_off_detect_bot<8>                      |row_off_detect_bot[8]                      
row_off_detect_bot<10>                     |row_off_detect_bot[10]                     
row_off_detect_bot<12>                     |row_off_detect_bot[12]                     
row_off_detect_bot<14>                     |row_off_detect_bot[14]                     
row_off_detect_bot<16>                     |row_off_detect_bot[16]                     
row_off_detect_bot<18>                     |row_off_detect_bot[18]                     
row_off_detect_bot<20>                     |row_off_detect_bot[20]                     
row_off_detect_bot<22>                     |row_off_detect_bot[22]                     
row_off_detect_bot<24>                     |row_off_detect_bot[24]                     
row_off_detect_bot<26>                     |row_off_detect_bot[26]                     
row_off_detect_bot<28>                     |row_off_detect_bot[28]                     
row_off_detect_bot<30>                     |row_off_detect_bot[30]                     
row_off_detect_bot<32>                     |row_off_detect_bot[32]                     
row_off_detect_bot<34>                     |row_off_detect_bot[34]                     
row_off_detect_bot<36>                     |row_off_detect_bot[36]                     
row_off_detect_bot<38>                     |row_off_detect_bot[38]                     
row_off_detect_bot<40>                     |row_off_detect_bot[40]                     
row_off_detect_bot<42>                     |row_off_detect_bot[42]                     
row_off_detect_bot<44>                     |row_off_detect_bot[44]                     
row_off_detect_bot<46>                     |row_off_detect_bot[46]                     
row_off_detect_bot<48>                     |row_off_detect_bot[48]                     
row_off_detect_bot<50>                     |row_off_detect_bot[50]                     
row_off_detect_bot<52>                     |row_off_detect_bot[52]                     
row_off_detect_bot<54>                     |row_off_detect_bot[54]                     
row_off_detect_bot<56>                     |row_off_detect_bot[56]                     
row_off_detect_bot<58>                     |row_off_detect_bot[58]                     
row_off_detect_bot<60>                     |row_off_detect_bot[60]                     
row_off_detect_bot<62>                     |row_off_detect_bot[62]                     
---------------------------------------------------------------------------------------
Cell pin lists are equivalent.
Device classes pixel_4tile_layout and pixel_4tile are equivalent.

Final result: Circuits match uniquely.
.

The following cells had property errors:
 openDVS_pixel
