2026-09-22 22:00:43 +0200: Starting running SKY130 Klayout LVS runset on /home/rpgraca/research/projects/telluride/2025/nic_eventcam/nic2025_openDVS/analog/klayout/production/lvs/openDVS_pixel2x2_top.work.deep.gds with top cell openDVS_pixel2x2
2026-09-22 22:00:43 +0200: Number of threads: 8
2026-09-22 22:00:43 +0200: Final report: /home/rpgraca/research/projects/telluride/2025/nic_eventcam/nic2025_openDVS/analog/klayout/production/lvs/openDVS_pixel2x2_top.work.deep.lvsdb
2026-09-22 22:00:43 +0200: Substrate name: GndA
2026-09-22 22:00:43 +0200: Convert subcircuits: true
2026-09-22 22:00:43 +0200: device_scaling: false
2026-09-22 22:00:43 +0200: Extracted netlist with net names: true
2026-09-22 22:00:43 +0200: Extracted netlist with comments in details: false
2026-09-22 22:00:43 +0200: Extracted netlist file: /home/rpgraca/research/projects/telluride/2025/nic_eventcam/nic2025_openDVS/analog/klayout/production/lvs/openDVS_pixel2x2_top.work.deep_extracted.cir
2026-09-22 22:00:43 +0200: Verbose mode: false
2026-09-22 22:00:43 +0200: deep mode is enabled.
2026-09-22 22:00:43 +0200: Netlist file: /home/rpgraca/research/projects/telluride/2025/nic_eventcam/nic2025_openDVS/analog/klayout/production/lvs/openDVS_pixel2x2.spice
2026-09-22 22:00:43 +0200: Read in polygons from layers.
2026-09-22 22:00:43 +0200: Read in labels from layers.
2026-09-22 22:00:43 +0200: Evaluate switches start
2026-09-22 22:00:43 +0200: SCH_SIMPLE enabled  false
2026-09-22 22:00:43 +0200: NET_ONLY enabled  false
2026-09-22 22:00:43 +0200: TOP_LVL_PINS enabled  false
2026-09-22 22:00:43 +0200: COMBINE enabled  false
2026-09-22 22:00:43 +0200: PURGE enabled  false
2026-09-22 22:00:43 +0200: PURGE_NETS enabled  false
2026-09-22 22:00:43 +0200: SIMPLIFY enabled  true
2026-09-22 22:00:43 +0200: Evaluate switches end.
2026-09-22 22:00:43 +0200: SKY130 LVS rules started
2026-09-22 22:00:43 +0200: Starting deriving base layers.
2026-09-22 22:00:43 +0200: Starting MOSFET DERIVATIONS
2026-09-22 22:00:43 +0200: Starting PMOS layers DERIVATIONS
2026-09-22 22:00:43 +0200: Starting NMOS layers DERIVATIONS
2026-09-22 22:00:43 +0200: Starting BJT DERIVATIONS
2026-09-22 22:00:43 +0200: Starting NPN layers DERIVATIONS
2026-09-22 22:00:43 +0200: Starting PNP layers DERIVATIONS
2026-09-22 22:00:43 +0200: Starting DIODE DERIVATIONS
2026-09-22 22:00:43 +0200: Starting PHOTODIODE DERIVATIONS
2026-09-22 22:00:43 +0200: Starting RESISTOR DERIVATIONS
2026-09-22 22:00:43 +0200: Starting FUSE DERIVATIONS
2026-09-22 22:00:43 +0200: Starting MIM DERIVATIONS
2026-09-22 22:00:43 +0200: Starting VARACTOR DERIVATIONS
2026-09-22 22:00:43 +0200: Starting INDUCTOR DERIVATIONS
2026-09-22 22:00:43 +0200: Starting VPP CAP DERIVATIONS
2026-09-22 22:00:43 +0200: Starting SONOS DERIVATIONS
2026-09-22 22:00:43 +0200: Starting SKY130 LVS connectivity setup
2026-09-22 22:00:43 +0200: Starting SKY130 LVS connectivity setup (Inter-layer)
2026-09-22 22:00:43 +0200: Starting SKY130 LVS connectivity setup (Attaching labels)
2026-09-22 22:00:43 +0200: Starting SKY130 LVS connectivity setup (Global connections)
2026-09-22 22:00:43 +0200: Starting SKY130 LVS connectivity setup (Multifinger Devices)
2026-09-22 22:00:43 +0200: Starting LVS BJT CONNECTIONS
2026-09-22 22:00:43 +0200: Starting LVS DIODE CONNECTIONS
2026-09-22 22:00:43 +0200: Starting LVS PHOTODIODE CONNECTIONS
2026-09-22 22:00:43 +0200: Starting LVS MIMCAP CONNECTIONS
2026-09-22 22:00:43 +0200: Starting LVS VARACTOR CONNECTIONS
2026-09-22 22:00:43 +0200: Starting LVS RESISTOR CONNECTIONS
2026-09-22 22:00:43 +0200: Starting LVS INDUCTOR CONNECTIONS
2026-09-22 22:00:43 +0200: Starting LVS VPP CAP CONNECTIONS
2026-09-22 22:00:43 +0200: Starting LVS SONOS CONNECTIONS
2026-09-22 22:00:43 +0200: Starting MOSFET EXTRACTION
2026-09-22 22:00:43 +0200: Starting PMOS EXTRACTION
2026-09-22 22:00:43 +0200: Extracting 1.8V PMOS transistor standard
2026-09-22 22:00:43 +0200: Extracting 1.8V PMOS transistor low threshold voltage
2026-09-22 22:00:43 +0200: Extracting 1.8V PMOS transistor high threshold voltage
2026-09-22 22:00:43 +0200: Extracting 5V gate 10.5V drain PMOS transistor
2026-09-22 22:00:43 +0200: Starting NMOS EXTRACTION
2026-09-22 22:00:43 +0200: Extracting 1.8V NMOS transistor standard
2026-09-22 22:00:43 +0200: Extracting 1.8V NMOS transistor low threshold voltage
2026-09-22 22:00:43 +0200: Extracting 3.3V NMOS transistor native voltage
2026-09-22 22:00:43 +0200: Extracting 5V NMOS transistor native voltage
2026-09-22 22:00:43 +0200: Extracting 5V gate 10.5V drain NMOS transistor
2026-09-22 22:00:43 +0200: Starting BJT EXTRACTION
2026-09-22 22:00:43 +0200: Starting NPN BJT EXTRACTION
2026-09-22 22:00:43 +0200: Extracting sky130_fd_pr__npn_05v5_W1p00L1p00 BJT
2026-09-22 22:00:43 +0200: Extracting sky130_fd_pr__npn_05v5_W1p00L2p00 BJT
2026-09-22 22:00:43 +0200: Extracting sky130_fd_pr__npn_11v0_W1p00L1p00 BJT
2026-09-22 22:00:43 +0200: Starting PNP BJT EXTRACTION
2026-09-22 22:00:43 +0200: Extracting sky130_fd_pr__pnp_05v5_W0p68L0p68 BJT
2026-09-22 22:00:43 +0200: Extracting sky130_fd_pr__pnp_05v5_W3p40L3p40 BJT
2026-09-22 22:00:43 +0200: Starting DIODE EXTRACTION
2026-09-22 22:00:43 +0200: Extracting 5V N+ diffusion diode
2026-09-22 22:00:43 +0200: Extracting 5V N+ diffusion diode low threshold voltage
2026-09-22 22:00:43 +0200: Extracting 5V N+ diffusion diode native threshold voltage
2026-09-22 22:00:43 +0200: Extracting 11V N+ diffusion diode
2026-09-22 22:00:43 +0200: Extracting 5V P+ diffusion diode
2026-09-22 22:00:43 +0200: Extracting5V P+ diffusion diode low threshold voltage
2026-09-22 22:00:43 +0200: Extracting 5V P+ diffusion diode high threshold voltage
2026-09-22 22:00:43 +0200: Extracting 11V P+ diffusion diode
2026-09-22 22:00:43 +0200: Starting PHOTODIODE EXTRACTION
2026-09-22 22:00:43 +0200: Extracting Photodiode
2026-09-22 22:00:43 +0200: Starting RESISTOR EXTRACTION
2026-09-22 22:00:43 +0200: Extracting sky130_fd_pr__res_generic_nd device
2026-09-22 22:00:43 +0200: Extracting sky130_fd_pr__res_generic_nd device
2026-09-22 22:00:43 +0200: Extracting sky130_fd_pr__res_generic_pd device
2026-09-22 22:00:43 +0200: Extracting sky130_fd_pr__res_generic_pd device
2026-09-22 22:00:43 +0200: Extracting sky130_fd_pr__res_iso_pw device
2026-09-22 22:00:43 +0200: Extracting sky130_fd_pr__res_generic_po device
2026-09-22 22:00:43 +0200: Extracting sky130_fd_pr__res_high_po_0p35 device
2026-09-22 22:00:43 +0200: Extracting sky130_fd_pr__res_high_po_0p69 device
2026-09-22 22:00:43 +0200: Extracting sky130_fd_pr__res_high_po_1p41 device
2026-09-22 22:00:43 +0200: Extracting sky130_fd_pr__res_high_po_2p85 device
2026-09-22 22:00:43 +0200: Extracting sky130_fd_pr__res_high_po_5p73 device
2026-09-22 22:00:43 +0200: Extracting sky130_fd_pr__res_xhigh_po_0p35 device
2026-09-22 22:00:43 +0200: Extracting sky130_fd_pr__res_xhigh_po_0p69 device
2026-09-22 22:00:43 +0200: Extracting sky130_fd_pr__res_xhigh_po_1p41 device
2026-09-22 22:00:43 +0200: Extracting sky130_fd_pr__res_xhigh_po_2p85 device
2026-09-22 22:00:43 +0200: Extracting sky130_fd_pr__res_xhigh_po_5p73 device
2026-09-22 22:00:43 +0200: Extracting sky130_fd_pr__res_generic_l1 device
2026-09-22 22:00:43 +0200: Extracting sky130_fd_pr__res_generic_m1 device
2026-09-22 22:00:43 +0200: Extracting sky130_fd_pr__res_generic_m2 device
2026-09-22 22:00:43 +0200: Extracting sky130_fd_pr__res_generic_m3 device
2026-09-22 22:00:43 +0200: Extracting sky130_fd_pr__res_generic_m4 device
2026-09-22 22:00:43 +0200: Extracting sky130_fd_pr__res_generic_m5 device
2026-09-22 22:00:43 +0200: Starting FUSE EXTRACTION
2026-09-22 22:00:43 +0200: Extracting sky130_fd_pr__fuse_m4 device
2026-09-22 22:00:43 +0200: Starting MIMCAP EXTRACTION
2026-09-22 22:00:43 +0200: Extracting sky130_fd_pr__model__cap_mim device
2026-09-22 22:00:43 +0200: Extracting sky130_fd_pr__model__cap_mim_m4 device
2026-09-22 22:00:43 +0200: Starting VARACTOR EXTRACTION
2026-09-22 22:00:43 +0200: Extracting low threshold voltage varactor
2026-09-22 22:00:43 +0200: Extracting high threshold voltage varactor
2026-09-22 22:00:43 +0200: Starting VARACTOR EXTRACTION
2026-09-22 22:00:43 +0200: Extracting sky130_fd_pr__cap_vpp_02p4x04p6_m1m2_noshield
2026-09-22 22:00:43 +0200: Extracting sky130_fd_pr__cap_vpp_02p7x06p1_m1m2m3m4_shieldl1_fingercap
2026-09-22 22:00:43 +0200: Extracting sky130_fd_pr__cap_vpp_02p7x11p1_m1m2m3m4_shieldl1_fingercap
2026-09-22 22:00:43 +0200: Extracting sky130_fd_pr__cap_vpp_02p7x21p1_m1m2m3m4_shieldl1_fingercap
2026-09-22 22:00:43 +0200: Extracting sky130_fd_pr__cap_vpp_02p7x41p1_m1m2m3m4_shieldl1_fingercap
2026-09-22 22:00:43 +0200: Extracting sky130_fd_pr__cap_vpp_02p9x06p1_m1m2m3m4_shieldl1_fingercap2
2026-09-22 22:00:43 +0200: Extracting sky130_fd_pr__cap_vpp_03p9x03p9_m1m2_shieldl1_floatm3
2026-09-22 22:00:43 +0200: Extracting sky130_fd_pr__cap_vpp_04p4x04p6_l1m1m2_noshield
2026-09-22 22:00:43 +0200: Extracting sky130_fd_pr__cap_vpp_04p4x04p6_l1m1m2_noshield_o2subcell
2026-09-22 22:00:43 +0200: Extracting sky130_fd_pr__cap_vpp_04p4x04p6_l1m1m2_shieldpo_floatm3
2026-09-22 22:00:43 +0200: Extracting sky130_fd_pr__cap_vpp_04p4x04p6_m1m2m3_shieldl1
2026-09-22 22:00:43 +0200: Extracting sky130_fd_pr__cap_vpp_04p4x04p6_m1m2m3_shieldl1m5_floatm4
2026-09-22 22:00:43 +0200: Extracting sky130_fd_pr__cap_vpp_04p4x04p6_m1m2_noshield
2026-09-22 22:00:43 +0200: Extracting sky130_fd_pr__cap_vpp_04p4x04p6_m1m2_noshield_o2
2026-09-22 22:00:43 +0200: Extracting sky130_fd_pr__cap_vpp_04p4x04p6_m1m2_shieldl1
2026-09-22 22:00:43 +0200: Extracting sky130_fd_pr__cap_vpp_05p9x05p9_m1m2m3m4_shieldl1_wafflecap
2026-09-22 22:00:43 +0200: Extracting sky130_fd_pr__cap_vpp_06p8x06p1_l1m1m2m3_shieldpom4
2026-09-22 22:00:43 +0200: Extracting sky130_fd_pr__cap_vpp_06p8x06p1_m1m2m3_shieldl1m4
2026-09-22 22:00:43 +0200: Extracting sky130_fd_pr__cap_vpp_08p6x07p8_l1m1m2_noshield
2026-09-22 22:00:43 +0200: Extracting sky130_fd_pr__cap_vpp_08p6x07p8_l1m1m2_noshield_o2subcell
2026-09-22 22:00:43 +0200: Extracting sky130_fd_pr__cap_vpp_08p6x07p8_l1m1m2_shieldpo_floatm3
2026-09-22 22:00:43 +0200: Extracting sky130_fd_pr__cap_vpp_08p6x07p8_m1m2m3_shieldl1
2026-09-22 22:00:43 +0200: Extracting sky130_fd_pr__cap_vpp_08p6x07p8_m1m2m3_shieldl1m5_floatm4
2026-09-22 22:00:43 +0200: Extracting sky130_fd_pr__cap_vpp_08p6x07p8_m1m2_noshield
2026-09-22 22:00:43 +0200: Extracting sky130_fd_pr__cap_vpp_08p6x07p8_m1m2_shieldl1
2026-09-22 22:00:43 +0200: Extracting sky130_fd_pr__cap_vpp_11p3x11p3_m1m2m3m4_shieldl1_wafflecap
2026-09-22 22:00:43 +0200: Extracting vpp cap sky130_fd_pr__cap_vpp_11p3x11p8_l1m1m2m3m4_shieldm5_nhv
2026-09-22 22:00:43 +0200: Extracting sky130_fd_pr__cap_vpp_11p5x11p7_l1m1m2m3m4_shieldm5
2026-09-22 22:00:43 +0200: Extracting sky130_fd_pr__cap_vpp_11p5x11p7_l1m1m2m3m4_shieldpom5
2026-09-22 22:00:43 +0200: Extracting sky130_fd_pr__cap_vpp_11p5x11p7_l1m1m2m3m4_shieldpom5_x
2026-09-22 22:00:43 +0200: Extracting sky130_fd_pr__cap_vpp_11p5x11p7_l1m1m2m3_shieldm4
2026-09-22 22:00:43 +0200: Extracting sky130_fd_pr__cap_vpp_11p5x11p7_l1m1m2m3_shieldpom4
2026-09-22 22:00:43 +0200: Extracting sky130_fd_pr__cap_vpp_11p5x11p7_l1m1m2_noshield
2026-09-22 22:00:43 +0200: Extracting sky130_fd_pr__cap_vpp_11p5x11p7_l1m1m2_shieldpom3
2026-09-22 22:00:43 +0200: Extracting sky130_fd_pr__cap_vpp_11p5x11p7_m1m2m3m4_shieldl1m5
2026-09-22 22:00:43 +0200: Extracting sky130_fd_pr__cap_vpp_11p5x11p7_m1m2m3m4_shieldm5
2026-09-22 22:00:43 +0200: Extracting sky130_fd_pr__cap_vpp_11p5x11p7_m1m2m3_shieldl1
2026-09-22 22:00:43 +0200: Extracting sky130_fd_pr__cap_vpp_11p5x11p7_m1m2m3_shieldl1m5_floatm4
2026-09-22 22:00:43 +0200: Extracting sky130_fd_pr__cap_vpp_11p5x11p7_m1m2_noshield
2026-09-22 22:00:43 +0200: Extracting sky130_fd_pr__cap_vpp_11p5x11p7_m1m2_shieldl1
2026-09-22 22:00:43 +0200: Extracting sky130_fd_pr__cap_vpp_11p5x11p7_m1m4_noshield
2026-09-22 22:00:43 +0200: Extracting sky130_fd_pr__cap_vpp_11p5x11p7_pol1m1m2m3m4m5_noshield
2026-09-22 22:00:43 +0200: Extracting sky130_fd_pr__cap_vpp_11p5x23p1_pol1m1m2m3m4m5_noshield
2026-09-22 22:00:43 +0200: Extracting sky130_fd_pr__cap_vpp_22p5x11p7_pol1m1m2m3m4m5_noshield
2026-09-22 22:00:43 +0200: Extracting sky130_fd_pr__cap_vpp_22p5x23p1_pol1m1m2m3m4m5_noshield
2026-09-22 22:00:43 +0200: Extracting sky130_fd_pr__cap_vpp_33p6x11p7_pol1m1m2m3m4m5_noshield
2026-09-22 22:00:43 +0200: Extracting sky130_fd_pr__cap_vpp_33p6x23p1_pol1m1m2m3m4m5_noshield
2026-09-22 22:00:43 +0200: Extracting sky130_fd_pr__cap_vpp_44p7x11p7_pol1m1m2m3m4m5_noshield
2026-09-22 22:00:43 +0200: Extracting sky130_fd_pr__cap_vpp_44p7x23p1_pol1m1m2m3m4m5_noshield
2026-09-22 22:00:43 +0200: Extracting sky130_fd_pr__cap_vpp_55p8x11p7_pol1m1m2m3m4m5_noshield
2026-09-22 22:00:43 +0200: Extracting sky130_fd_pr__cap_vpp_55p8x11p7_pol1m1m2m3m4m5_noshield_m5pullin
2026-09-22 22:00:43 +0200: Extracting sky130_fd_pr__cap_vpp_55p8x23p1_pol1m1m2m3m4m5_noshield
2026-09-22 22:00:43 +0200: Extracting sky130_fd_pr__cap_vpp_55p8x23p1_pol1m1m2m3m4m5_noshield_m5pullin
2026-09-22 22:00:43 +0200: Extracting sky130_fd_pr__cap_vpp_55p8x23p1_pol1m1m2m3m4m5_noshield_test
2026-09-22 22:00:43 +0200: Starting SONOS EXTRACTION
2026-09-22 22:00:43 +0200: Extracting Build space flash special SONOSFET star
2026-09-22 22:00:43 +0200: Starting SKY130 LVS comparison section
2026-09-22 22:00:43 +0200: LVS Total Run time 0.630476 seconds
2026-09-22 22:00:43 +0200: xxxxxxxxxxxxxxxxxxxxxxxxxxxxxxxxxxxxxxxxxx
2026-09-22 22:00:43 +0200: ERROR : Netlists don't match
2026-09-22 22:00:43 +0200: xxxxxxxxxxxxxxxxxxxxxxxxxxxxxxxxxxxxxxxxxx
