Netgen LVS report summary
Source: /home/alienfalcon/Projects/skywater/open_dvs_py312/open_dvs/git_dvs/openDVS-layout/lvs_run_20260709/netgen/pixel_4tile_netgen_lvs.report

=== Final result ===
  Top level cell failed pin matching.

=== Ground/supply-related pin-net lines (100 shown) ===
Net: vssc1                                 |Net: vssc1
vssc1                                      |(no pin, node is pixel_layout_tile:2/openD
(no pin, node is /pixel_layout_tile_1//ope |vssc1
Net: /pixel_layout_tile_bot_0//openDVS_pix |Net: vssa1
(no pin, node is /pixel_layout_tile_1//ope |vssa1
Net: VddA18                                |Net: net63
Net: /pixel_layout_tile_bot_0//openDVS_pix |Net: vdda1
(no pin, node is /pixel_layout_tile_1//ope |vdda1
Net: openDVS_pixel2x2_bot_543/GndD         |Net: GndD
Net: openDVS_pixel2x2_bot_607/GndD         |Net: GndA
Net: openDVS_pixel2x2_bot_383/GndD         |Net: net3
Net: openDVS_pixel2x2_bot_415/GndD         |Net: net4
Net: openDVS_pixel2x2_bot_191/GndD         |Net: net7
Net: openDVS_pixel2x2_bot_959/GndD         |Net: net8
Net: openDVS_pixel2x2_bot_927/GndD         |Net: net11
Net: openDVS_pixel2x2_bot_767/GndD         |Net: net12
Net: openDVS_pixel2x2_bot_735/GndD         |Net: net15
Net: openDVS_pixel2x2_bot_703/GndD         |Net: net16
Net: openDVS_pixel2x2_bot_799/GndD         |Net: net19
Net: openDVS_pixel2x2_bot_351/GndD         |Net: net20
Net: openDVS_pixel2x2_bot_511/GndD         |Net: net23
Net: openDVS_pixel2x2_bot_223/GndD         |Net: net24
Net: openDVS_pixel2x2_bot_159/GndD         |Net: net27
Net: openDVS_pixel2x2_bot_319/GndD         |Net: net28
Net: openDVS_pixel2x2_bot_895/GndD         |Net: net31
Net: openDVS_pixel2x2_bot_99/GndD          |Net: net32
Net: openDVS_pixel2x2_bot_863/GndD         |Net: net35
Net: openDVS_pixel2x2_bot_999/GndD         |Net: net36
Net: openDVS_pixel2x2_bot_671/GndD         |Net: net39
Net: openDVS_pixel2x2_bot_95/GndD          |Net: net40
Net: openDVS_pixel2x2_bot_831/GndD         |Net: net43
Net: openDVS_pixel2x2_bot_63/GndD          |Net: net47
Net: openDVS_pixel2x2_bot_479/GndD         |Net: net48
Net: openDVS_pixel2x2_bot_639/GndD         |Net: net51
Net: openDVS_pixel2x2_bot_287/GndD         |Net: net52
Net: openDVS_pixel2x2_bot_447/GndD         |Net: net55
Net: openDVS_pixel2x2_bot_255/GndD         |Net: net56
Net: openDVS_pixel2x2_bot_991/GndD         |Net: net59
Net: openDVS_pixel2x2_bot_575/GndD         |Net: net63
Net: GndD                                  |Net: GndD
Net: openDVS_pixel2x2_top_319/GndD         |Net: net122
Net: openDVS_pixel2x2_top_895/GndD         |Net: net125
Net: openDVS_pixel2x2_top_863/GndD         |Net: net126
Net: openDVS_pixel2x2_top_927/GndD         |Net: net3
Net: openDVS_pixel2x2_top_831/GndD         |Net: net4
Net: openDVS_pixel2x2_top_99/GndD          |Net: net7
Net: openDVS_pixel2x2_top_159/GndD         |Net: net8
Net: openDVS_pixel2x2_top_671/GndD         |Net: net11
Net: openDVS_pixel2x2_top_999/GndD         |Net: net12
Net: openDVS_pixel2x2_top_703/GndD         |Net: net15
Net: openDVS_pixel2x2_top_479/GndD         |Net: net16
Net: openDVS_pixel2x2_top_511/GndD         |Net: net19
Net: openDVS_pixel2x2_top_639/GndD         |Net: net20
Net: openDVS_pixel2x2_top_9/GndD           |Net: net23
Net: openDVS_pixel2x2_top_287/GndD         |Net: net24
Net: openDVS_pixel2x2_top_447/GndD         |Net: net27
Net: openDVS_pixel2x2_top_607/GndD         |Net: net28
Net: openDVS_pixel2x2_top_255/GndD         |Net: net31
Net: openDVS_pixel2x2_top_415/GndD         |Net: net32
Net: openDVS_pixel2x2_top_991/GndD         |Net: net35
Net: openDVS_pixel2x2_top_223/GndD         |Net: net36
Net: openDVS_pixel2x2_top_799/GndD         |Net: net39
Net: openDVS_pixel2x2_top_959/GndD         |Net: net40
Net: openDVS_pixel2x2_top_767/GndD         |Net: net43
Net: openDVS_pixel2x2_top_95/GndD          |Net: net44
Net: openDVS_pixel2x2_top_575/GndD         |Net: net47
Net: openDVS_pixel2x2_top_735/GndD         |Net: net48
Net: openDVS_pixel2x2_top_63/GndD          |Net: net51
Net: openDVS_pixel2x2_top_383/GndD         |Net: net52
Net: openDVS_pixel2x2_top_543/GndD         |Net: net55
Net: openDVS_pixel2x2_top_191/GndD         |Net: net56
Net: openDVS_pixel2x2_top_351/GndD         |Net: net59
Net: GndA                                  |Net: GndA
Net: openDVS_pixel2x2_bot_543/GndD         |Net: GndD
Net: openDVS_pixel2x2_bot_607/GndD         |Net: GndA
Net: openDVS_pixel2x2_bot_383/GndD         |Net: net3
Net: openDVS_pixel2x2_bot_415/GndD         |Net: net4
Net: openDVS_pixel2x2_bot_191/GndD         |Net: net7
Net: openDVS_pixel2x2_bot_959/GndD         |Net: net8
Net: openDVS_pixel2x2_bot_927/GndD         |Net: net11
Net: openDVS_pixel2x2_bot_767/GndD         |Net: net12
Net: openDVS_pixel2x2_bot_735/GndD         |Net: net15
Net: openDVS_pixel2x2_bot_703/GndD         |Net: net16
Net: openDVS_pixel2x2_bot_799/GndD         |Net: net19
Net: openDVS_pixel2x2_bot_351/GndD         |Net: net20
Net: openDVS_pixel2x2_bot_511/GndD         |Net: net23
Net: openDVS_pixel2x2_bot_223/GndD         |Net: net24
Net: openDVS_pixel2x2_bot_159/GndD         |Net: net27
Net: openDVS_pixel2x2_bot_319/GndD         |Net: net28
Net: openDVS_pixel2x2_bot_895/GndD         |Net: net31
Net: openDVS_pixel2x2_bot_99/GndD          |Net: net32
Net: openDVS_pixel2x2_bot_863/GndD         |Net: net35
Net: openDVS_pixel2x2_bot_999/GndD         |Net: net36
Net: openDVS_pixel2x2_bot_671/GndD         |Net: net39
Net: openDVS_pixel2x2_bot_95/GndD          |Net: net40
Net: openDVS_pixel2x2_bot_831/GndD         |Net: net43
Net: GND                                   |Net: net44
Net: openDVS_pixel2x2_bot_63/GndD          |Net: net47
Net: openDVS_pixel2x2_bot_479/GndD         |Net: net48
Net: openDVS_pixel2x2_bot_639/GndD         |Net: net51
  ... (40 more)

=== Result ===
Top level cell failed pin matching.
