
Magic 8.3 revision 617 - Compiled on Tue Mar 10 07:41:29 PM EDT 2026.
Starting magic under Tcl interpreter
Using the terminal as the console.
WARNING: RLIMIT_NOFILE is above 1024 and Tcl_Version<9 this may cause runtime issues [rlim_cur=1048576]
Using NULL graphics device.
Processing system .magicrc file
Switching to WIRING tool.
Switching to NETLIST tool.
Switching to PICK tool.
Switching to BOX tool.
Sourcing design .magicrc for technology sky130A ...
2 Magic internal units = 1 Lambda
Input style sky130(): scaleFactor=2, multiplier=2
The following types are not handled by extraction and will be treated as non-electrical types:
    ubm 
Scaled tech values by 2 / 1 to match internal grid scaling
Loading sky130A Device Generator Menu ...
Loading "lvs_run_20260709/verify_openDVS_pixel_diode_short.tcl" from command line.
Input style sky130(): scaleFactor=2, multiplier=2
The following types are not handled by extraction and will be treated as non-electrical types:
    ubm 
Scaled tech values by 2 / 1 to match internal grid scaling
Cell openDVS_pixel read from current working directory
=== Extract openDVS_pixel ===
Extracting openDVS_pixel into openDVS_pixel.ext:
openDVS_pixel: 18 warnings
Total of 18 warnings.
exttospice finished.
PASS: D0 GndA vpd found in layout extract
