2026-07-09 07:55:07 -0400: Starting running SKY130 Klayout LVS runset on /home/alienfalcon/Projects/skywater/open_dvs_py312/open_dvs/git_dvs/openDVS-layout/pixel_4tile_7_9_2026_v3.gds
2026-07-09 07:55:07 -0400: Number of threads: 8
2026-07-09 07:55:07 -0400: Final report: /home/alienfalcon/Projects/skywater/open_dvs_py312/open_dvs/git_dvs/openDVS-layout/lvs_run_20260709/klayout/pixel_4tile.lvsdb
2026-07-09 07:55:07 -0400: No substrate name given, default name is sky130_gnd
2026-07-09 07:55:07 -0400: Convert subcircuits: false
2026-07-09 07:55:07 -0400: device_scaling: false
2026-07-09 07:55:07 -0400: Extracted netlist with net names: true
2026-07-09 07:55:07 -0400: Extracted netlist with comments in details: false
2026-07-09 07:55:07 -0400: Extracted netlist file: /home/alienfalcon/Projects/skywater/open_dvs_py312/open_dvs/git_dvs/openDVS-layout/lvs_run_20260709/klayout/extracted_netlist.cir
2026-07-09 07:55:07 -0400: Verbose mode: false
2026-07-09 07:55:07 -0400: deep mode is enabled.
2026-07-09 07:55:07 -0400: Netlist file: /home/alienfalcon/Projects/skywater/open_dvs_py312/open_dvs/git_dvs/openDVS-layout/lvs_run_20260709/pixel_4tile_open_lvsfix.spice
2026-07-09 07:55:07 -0400: Read in polygons from layers.
2026-07-09 07:55:07 -0400: Read in labels from layers.
2026-07-09 07:55:07 -0400: Evaluate switches start
2026-07-09 07:55:07 -0400: SCH_SIMPLE enabled  false
2026-07-09 07:55:07 -0400: NET_ONLY enabled  false
2026-07-09 07:55:07 -0400: TOP_LVL_PINS enabled  false
2026-07-09 07:55:07 -0400: COMBINE enabled  false
2026-07-09 07:55:07 -0400: PURGE enabled  false
2026-07-09 07:55:07 -0400: PURGE_NETS enabled  false
2026-07-09 07:55:07 -0400: SIMPLIFY enabled  true
2026-07-09 07:55:07 -0400: Evaluate switches end.
2026-07-09 07:55:07 -0400: SKY130 LVS rules started
2026-07-09 07:55:07 -0400: Starting deriving base layers.
2026-07-09 07:55:11 -0400: Starting MOSFET DERIVATIONS
2026-07-09 07:55:11 -0400: Starting PMOS layers DERIVATIONS
2026-07-09 07:55:11 -0400: Starting NMOS layers DERIVATIONS
2026-07-09 07:55:12 -0400: Starting BJT DERIVATIONS
2026-07-09 07:55:12 -0400: Starting NPN layers DERIVATIONS
2026-07-09 07:55:12 -0400: Starting PNP layers DERIVATIONS
2026-07-09 07:55:12 -0400: Starting DIODE DERIVATIONS
2026-07-09 07:55:13 -0400: Starting PHOTODIODE DERIVATIONS
2026-07-09 07:55:14 -0400: Starting RESISTOR DERIVATIONS
2026-07-09 07:55:17 -0400: Starting FUSE DERIVATIONS
2026-07-09 07:55:17 -0400: Starting MIM DERIVATIONS
2026-07-09 07:55:18 -0400: Starting VARACTOR DERIVATIONS
2026-07-09 07:55:18 -0400: Starting INDUCTOR DERIVATIONS
2026-07-09 07:55:47 -0400: Starting VPP CAP DERIVATIONS
2026-07-09 07:55:49 -0400: Starting SONOS DERIVATIONS
2026-07-09 07:56:27 -0400: Starting SKY130 LVS connectivity setup
2026-07-09 07:56:27 -0400: Starting SKY130 LVS connectivity setup (Inter-layer)
2026-07-09 07:56:27 -0400: Starting SKY130 LVS connectivity setup (Attaching labels)
2026-07-09 07:56:27 -0400: Starting SKY130 LVS connectivity setup (Global connections)
2026-07-09 07:56:27 -0400: Starting SKY130 LVS connectivity setup (Multifinger Devices)
2026-07-09 07:56:27 -0400: Starting LVS BJT CONNECTIONS
2026-07-09 07:56:27 -0400: Starting LVS DIODE CONNECTIONS
2026-07-09 07:56:27 -0400: Starting LVS PHOTODIODE CONNECTIONS
2026-07-09 07:56:27 -0400: Starting LVS MIMCAP CONNECTIONS
2026-07-09 07:56:27 -0400: Starting LVS VARACTOR CONNECTIONS
2026-07-09 07:56:27 -0400: Starting LVS RESISTOR CONNECTIONS
2026-07-09 07:56:27 -0400: Starting LVS INDUCTOR CONNECTIONS
2026-07-09 07:56:27 -0400: Starting LVS VPP CAP CONNECTIONS
2026-07-09 07:56:27 -0400: Starting LVS SONOS CONNECTIONS
2026-07-09 07:56:27 -0400: Starting MOSFET EXTRACTION
2026-07-09 07:56:27 -0400: Starting PMOS EXTRACTION
2026-07-09 07:56:27 -0400: Extracting 1.8V PMOS transistor standard
2026-07-09 07:56:27 -0400: Extracting 1.8V PMOS transistor low threshold voltage
2026-07-09 07:56:27 -0400: Extracting 1.8V PMOS transistor high threshold voltage
2026-07-09 07:56:27 -0400: Extracting 5V gate 10.5V drain PMOS transistor
2026-07-09 07:56:27 -0400: Starting NMOS EXTRACTION
2026-07-09 07:56:27 -0400: Extracting 1.8V NMOS transistor standard
2026-07-09 07:56:28 -0400: Extracting 1.8V NMOS transistor low threshold voltage
2026-07-09 07:56:30 -0400: Extracting 3.3V NMOS transistor native voltage
2026-07-09 07:56:31 -0400: Extracting 5V NMOS transistor native voltage
2026-07-09 07:56:33 -0400: Extracting 5V gate 10.5V drain NMOS transistor
2026-07-09 07:56:35 -0400: Starting BJT EXTRACTION
2026-07-09 07:56:35 -0400: Starting NPN BJT EXTRACTION
2026-07-09 07:56:35 -0400: Extracting sky130_fd_pr__npn_05v5_W1p00L1p00 BJT
2026-07-09 07:56:35 -0400: Extracting sky130_fd_pr__npn_05v5_W1p00L2p00 BJT
2026-07-09 07:56:35 -0400: Extracting sky130_fd_pr__npn_11v0_W1p00L1p00 BJT
2026-07-09 07:56:35 -0400: Starting PNP BJT EXTRACTION
2026-07-09 07:56:35 -0400: Extracting sky130_fd_pr__pnp_05v5_W0p68L0p68 BJT
2026-07-09 07:56:35 -0400: Extracting sky130_fd_pr__pnp_05v5_W3p40L3p40 BJT
2026-07-09 07:56:35 -0400: Starting DIODE EXTRACTION
2026-07-09 07:56:35 -0400: Extracting 5V N+ diffusion diode
2026-07-09 07:56:35 -0400: Extracting 5V N+ diffusion diode low threshold voltage
2026-07-09 07:56:35 -0400: Extracting 5V N+ diffusion diode native threshold voltage
2026-07-09 07:56:35 -0400: Extracting 11V N+ diffusion diode
2026-07-09 07:56:35 -0400: Extracting 5V P+ diffusion diode
2026-07-09 07:56:35 -0400: Extracting5V P+ diffusion diode low threshold voltage
2026-07-09 07:56:35 -0400: Extracting 5V P+ diffusion diode high threshold voltage
2026-07-09 07:56:35 -0400: Extracting 11V P+ diffusion diode
2026-07-09 07:56:35 -0400: Starting PHOTODIODE EXTRACTION
2026-07-09 07:56:35 -0400: Extracting Photodiode
2026-07-09 07:56:35 -0400: Starting RESISTOR EXTRACTION
2026-07-09 07:56:35 -0400: Extracting sky130_fd_pr__res_generic_nd device
2026-07-09 07:56:35 -0400: Extracting sky130_fd_pr__res_generic_nd device
2026-07-09 07:56:35 -0400: Extracting sky130_fd_pr__res_generic_pd device
2026-07-09 07:56:35 -0400: Extracting sky130_fd_pr__res_generic_pd device
2026-07-09 07:56:35 -0400: Extracting sky130_fd_pr__res_iso_pw device
2026-07-09 07:56:35 -0400: Extracting sky130_fd_pr__res_generic_po device
2026-07-09 07:56:35 -0400: Extracting sky130_fd_pr__res_high_po_0p35 device
2026-07-09 07:56:35 -0400: Extracting sky130_fd_pr__res_high_po_0p69 device
2026-07-09 07:56:35 -0400: Extracting sky130_fd_pr__res_high_po_1p41 device
2026-07-09 07:56:35 -0400: Extracting sky130_fd_pr__res_high_po_2p85 device
2026-07-09 07:56:35 -0400: Extracting sky130_fd_pr__res_high_po_5p73 device
2026-07-09 07:56:35 -0400: Extracting sky130_fd_pr__res_xhigh_po_0p35 device
2026-07-09 07:56:35 -0400: Extracting sky130_fd_pr__res_xhigh_po_0p69 device
2026-07-09 07:56:35 -0400: Extracting sky130_fd_pr__res_xhigh_po_1p41 device
2026-07-09 07:56:35 -0400: Extracting sky130_fd_pr__res_xhigh_po_2p85 device
2026-07-09 07:56:35 -0400: Extracting sky130_fd_pr__res_xhigh_po_5p73 device
2026-07-09 07:56:36 -0400: Extracting sky130_fd_pr__res_generic_l1 device
2026-07-09 07:56:36 -0400: Extracting sky130_fd_pr__res_generic_m1 device
2026-07-09 07:56:36 -0400: Extracting sky130_fd_pr__res_generic_m2 device
2026-07-09 07:56:36 -0400: Extracting sky130_fd_pr__res_generic_m3 device
2026-07-09 07:56:36 -0400: Extracting sky130_fd_pr__res_generic_m4 device
2026-07-09 07:56:36 -0400: Extracting sky130_fd_pr__res_generic_m5 device
2026-07-09 07:56:36 -0400: Starting FUSE EXTRACTION
2026-07-09 07:56:36 -0400: Extracting sky130_fd_pr__fuse_m4 device
2026-07-09 07:56:36 -0400: Starting MIMCAP EXTRACTION
2026-07-09 07:56:36 -0400: Extracting sky130_fd_pr__model__cap_mim device
2026-07-09 07:56:36 -0400: Extracting sky130_fd_pr__model__cap_mim_m4 device
2026-07-09 07:56:37 -0400: Starting VARACTOR EXTRACTION
2026-07-09 07:56:37 -0400: Extracting low threshold voltage varactor
2026-07-09 07:56:38 -0400: Extracting high threshold voltage varactor
2026-07-09 07:56:38 -0400: Starting VARACTOR EXTRACTION
2026-07-09 07:56:38 -0400: Extracting sky130_fd_pr__cap_vpp_02p4x04p6_m1m2_noshield
2026-07-09 07:56:38 -0400: Extracting sky130_fd_pr__cap_vpp_02p7x06p1_m1m2m3m4_shieldl1_fingercap
2026-07-09 07:56:38 -0400: Extracting sky130_fd_pr__cap_vpp_02p7x11p1_m1m2m3m4_shieldl1_fingercap
2026-07-09 07:56:38 -0400: Extracting sky130_fd_pr__cap_vpp_02p7x21p1_m1m2m3m4_shieldl1_fingercap
2026-07-09 07:56:38 -0400: Extracting sky130_fd_pr__cap_vpp_02p7x41p1_m1m2m3m4_shieldl1_fingercap
2026-07-09 07:56:38 -0400: Extracting sky130_fd_pr__cap_vpp_02p9x06p1_m1m2m3m4_shieldl1_fingercap2
2026-07-09 07:56:38 -0400: Extracting sky130_fd_pr__cap_vpp_03p9x03p9_m1m2_shieldl1_floatm3
2026-07-09 07:56:38 -0400: Extracting sky130_fd_pr__cap_vpp_04p4x04p6_l1m1m2_noshield
2026-07-09 07:56:38 -0400: Extracting sky130_fd_pr__cap_vpp_04p4x04p6_l1m1m2_noshield_o2subcell
2026-07-09 07:56:38 -0400: Extracting sky130_fd_pr__cap_vpp_04p4x04p6_l1m1m2_shieldpo_floatm3
2026-07-09 07:56:38 -0400: Extracting sky130_fd_pr__cap_vpp_04p4x04p6_m1m2m3_shieldl1
2026-07-09 07:56:38 -0400: Extracting sky130_fd_pr__cap_vpp_04p4x04p6_m1m2m3_shieldl1m5_floatm4
2026-07-09 07:56:38 -0400: Extracting sky130_fd_pr__cap_vpp_04p4x04p6_m1m2_noshield
2026-07-09 07:56:38 -0400: Extracting sky130_fd_pr__cap_vpp_04p4x04p6_m1m2_noshield_o2
2026-07-09 07:56:38 -0400: Extracting sky130_fd_pr__cap_vpp_04p4x04p6_m1m2_shieldl1
2026-07-09 07:56:38 -0400: Extracting sky130_fd_pr__cap_vpp_05p9x05p9_m1m2m3m4_shieldl1_wafflecap
2026-07-09 07:56:38 -0400: Extracting sky130_fd_pr__cap_vpp_06p8x06p1_l1m1m2m3_shieldpom4
2026-07-09 07:56:38 -0400: Extracting sky130_fd_pr__cap_vpp_06p8x06p1_m1m2m3_shieldl1m4
2026-07-09 07:56:38 -0400: Extracting sky130_fd_pr__cap_vpp_08p6x07p8_l1m1m2_noshield
2026-07-09 07:56:38 -0400: Extracting sky130_fd_pr__cap_vpp_08p6x07p8_l1m1m2_noshield_o2subcell
2026-07-09 07:56:38 -0400: Extracting sky130_fd_pr__cap_vpp_08p6x07p8_l1m1m2_shieldpo_floatm3
2026-07-09 07:56:38 -0400: Extracting sky130_fd_pr__cap_vpp_08p6x07p8_m1m2m3_shieldl1
2026-07-09 07:56:38 -0400: Extracting sky130_fd_pr__cap_vpp_08p6x07p8_m1m2m3_shieldl1m5_floatm4
2026-07-09 07:56:38 -0400: Extracting sky130_fd_pr__cap_vpp_08p6x07p8_m1m2_noshield
2026-07-09 07:56:38 -0400: Extracting sky130_fd_pr__cap_vpp_08p6x07p8_m1m2_shieldl1
2026-07-09 07:56:38 -0400: Extracting sky130_fd_pr__cap_vpp_11p3x11p3_m1m2m3m4_shieldl1_wafflecap
2026-07-09 07:56:38 -0400: Extracting vpp cap sky130_fd_pr__cap_vpp_11p3x11p8_l1m1m2m3m4_shieldm5_nhv
2026-07-09 07:56:38 -0400: Extracting sky130_fd_pr__cap_vpp_11p5x11p7_l1m1m2m3m4_shieldm5
2026-07-09 07:56:38 -0400: Extracting sky130_fd_pr__cap_vpp_11p5x11p7_l1m1m2m3m4_shieldpom5
2026-07-09 07:56:38 -0400: Extracting sky130_fd_pr__cap_vpp_11p5x11p7_l1m1m2m3m4_shieldpom5_x
2026-07-09 07:56:38 -0400: Extracting sky130_fd_pr__cap_vpp_11p5x11p7_l1m1m2m3_shieldm4
2026-07-09 07:56:38 -0400: Extracting sky130_fd_pr__cap_vpp_11p5x11p7_l1m1m2m3_shieldpom4
2026-07-09 07:56:38 -0400: Extracting sky130_fd_pr__cap_vpp_11p5x11p7_l1m1m2_noshield
2026-07-09 07:56:38 -0400: Extracting sky130_fd_pr__cap_vpp_11p5x11p7_l1m1m2_shieldpom3
2026-07-09 07:56:38 -0400: Extracting sky130_fd_pr__cap_vpp_11p5x11p7_m1m2m3m4_shieldl1m5
2026-07-09 07:56:38 -0400: Extracting sky130_fd_pr__cap_vpp_11p5x11p7_m1m2m3m4_shieldm5
2026-07-09 07:56:38 -0400: Extracting sky130_fd_pr__cap_vpp_11p5x11p7_m1m2m3_shieldl1
2026-07-09 07:56:38 -0400: Extracting sky130_fd_pr__cap_vpp_11p5x11p7_m1m2m3_shieldl1m5_floatm4
2026-07-09 07:56:38 -0400: Extracting sky130_fd_pr__cap_vpp_11p5x11p7_m1m2_noshield
2026-07-09 07:56:38 -0400: Extracting sky130_fd_pr__cap_vpp_11p5x11p7_m1m2_shieldl1
2026-07-09 07:56:38 -0400: Extracting sky130_fd_pr__cap_vpp_11p5x11p7_m1m4_noshield
2026-07-09 07:56:38 -0400: Extracting sky130_fd_pr__cap_vpp_11p5x11p7_pol1m1m2m3m4m5_noshield
2026-07-09 07:56:38 -0400: Extracting sky130_fd_pr__cap_vpp_11p5x23p1_pol1m1m2m3m4m5_noshield
2026-07-09 07:56:38 -0400: Extracting sky130_fd_pr__cap_vpp_22p5x11p7_pol1m1m2m3m4m5_noshield
2026-07-09 07:56:38 -0400: Extracting sky130_fd_pr__cap_vpp_22p5x23p1_pol1m1m2m3m4m5_noshield
2026-07-09 07:56:38 -0400: Extracting sky130_fd_pr__cap_vpp_33p6x11p7_pol1m1m2m3m4m5_noshield
2026-07-09 07:56:38 -0400: Extracting sky130_fd_pr__cap_vpp_33p6x23p1_pol1m1m2m3m4m5_noshield
2026-07-09 07:56:38 -0400: Extracting sky130_fd_pr__cap_vpp_44p7x11p7_pol1m1m2m3m4m5_noshield
2026-07-09 07:56:38 -0400: Extracting sky130_fd_pr__cap_vpp_44p7x23p1_pol1m1m2m3m4m5_noshield
2026-07-09 07:56:38 -0400: Extracting sky130_fd_pr__cap_vpp_55p8x11p7_pol1m1m2m3m4m5_noshield
2026-07-09 07:56:38 -0400: Extracting sky130_fd_pr__cap_vpp_55p8x11p7_pol1m1m2m3m4m5_noshield_m5pullin
2026-07-09 07:56:38 -0400: Extracting sky130_fd_pr__cap_vpp_55p8x23p1_pol1m1m2m3m4m5_noshield
2026-07-09 07:56:38 -0400: Extracting sky130_fd_pr__cap_vpp_55p8x23p1_pol1m1m2m3m4m5_noshield_m5pullin
2026-07-09 07:56:38 -0400: Extracting sky130_fd_pr__cap_vpp_55p8x23p1_pol1m1m2m3m4m5_noshield_test
2026-07-09 07:56:38 -0400: Starting SONOS EXTRACTION
2026-07-09 07:56:38 -0400: Extracting Build space flash special SONOSFET star
2026-07-09 07:56:38 -0400: Starting SKY130 LVS comparison section
2026-07-09 07:57:48 -0400: LVS Total Run time 160.788774 seconds
2026-07-09 07:57:48 -0400: xxxxxxxxxxxxxxxxxxxxxxxxxxxxxxxxxxxxxxxxxx
2026-07-09 07:57:48 -0400: ERROR : Netlists don't match
2026-07-09 07:57:48 -0400: xxxxxxxxxxxxxxxxxxxxxxxxxxxxxxxxxxxxxxxxxx
