
╭────────────────────────────────── Precheck ──────────────────────────────────╮
│ CF Precheck v1.3.7                                                           │
│ Project: project (digital, sky130A)                                          │
│ Checks:  11                                                                  │
╰──────────────────────────────────────────────────────────────────────────────╯

  [ 1/11] Top Cell .......................................... PASS  (1.9s)
  [ 2/11] GPIO Defines ...................................... PASS  (0.4s)
  [ 3/11] XOR ............................................... PASS  (51.6s)
  [ 4/11] Klayout FEOL ...................................... FAIL  (244.1s)
         65272 DRC violations. See 
/home/rpgraca/opendvs_final/project/precheck_results/full_r19_nonlvs/outputs/rep
orts/klayou...
  [ 5/11] Klayout BEOL ...................................... PASS  (764.5s)
  [ 6/11] Klayout Offgrid ................................... PASS  (138.0s)
  [ 7/11] Klayout Metal Density ............................. PASS  (37.6s)
  [ 8/11] Klayout Pin Label ................................. PASS  (27.5s)
  [ 9/11] Klayout ZeroArea .................................. PASS  (7.3s)
  [10/11] Spike Check ....................................... PASS  (6.6s)
  [11/11] Illegal Cellname .................................. PASS  (2.6s)

                Precheck Summary                 
┏━━━━━━━━━━━━━━━━━━━━━━━┳━━━━━━━━━━┳━━━━━━━━━━━━┓
┃ Check                 ┃  Status  ┃   Duration ┃
┡━━━━━━━━━━━━━━━━━━━━━━━╇━━━━━━━━━━╇━━━━━━━━━━━━┩
│ Top Cell              │   PASS   │       1.9s │
│ GPIO Defines          │   PASS   │       0.4s │
│ XOR                   │   PASS   │      51.6s │
│ Klayout FEOL          │   FAIL   │     244.1s │
│ Klayout BEOL          │   PASS   │     764.5s │
│ Klayout Offgrid       │   PASS   │     138.0s │
│ Klayout Metal Density │   PASS   │      37.6s │
│ Klayout Pin Label     │   PASS   │      27.5s │
│ Klayout ZeroArea      │   PASS   │       7.3s │
│ Spike Check           │   PASS   │       6.6s │
│ Illegal Cellname      │   PASS   │       2.6s │
│ Magic DRC             │   SKIP   │          - │
└───────────────────────┴──────────┴────────────┘
Results saved to /home/rpgraca/opendvs_final/project/.cf/project.json
Full log at /home/rpgraca/opendvs_final/project/precheck_results
