
╭────────────────────────────────── Precheck ──────────────────────────────────╮
│ CF Precheck v1.3.7                                                           │
│ Project: project (digital, sky130A)                                          │
│ Checks:  11                                                                  │
╰──────────────────────────────────────────────────────────────────────────────╯

  [ 1/11] Top Cell .......................................... PASS  (2.0s)
  [ 2/11] GPIO Defines ...................................... PASS  (0.4s)
  [ 3/11] XOR ............................................... PASS  (47.9s)
  [ 4/11] Klayout FEOL ...................................... PASS  (234.5s)
  [ 5/11] Klayout BEOL ...................................... PASS  (696.4s)
  [ 6/11] Klayout Offgrid ................................... PASS  (134.9s)
  [ 7/11] Klayout Metal Density ............................. PASS  (35.5s)
  [ 8/11] Klayout Pin Label ................................. PASS  (26.5s)
  [ 9/11] Klayout ZeroArea .................................. PASS  (6.4s)
  [10/11] Spike Check ....................................... PASS  (5.9s)
  [11/11] Illegal Cellname .................................. PASS  (2.5s)

                Precheck Summary                 
┏━━━━━━━━━━━━━━━━━━━━━━━┳━━━━━━━━━━┳━━━━━━━━━━━━┓
┃ Check                 ┃  Status  ┃   Duration ┃
┡━━━━━━━━━━━━━━━━━━━━━━━╇━━━━━━━━━━╇━━━━━━━━━━━━┩
│ Top Cell              │   PASS   │       2.0s │
│ GPIO Defines          │   PASS   │       0.4s │
│ XOR                   │   PASS   │      47.9s │
│ Klayout FEOL          │   PASS   │     234.5s │
│ Klayout BEOL          │   PASS   │     696.4s │
│ Klayout Offgrid       │   PASS   │     134.9s │
│ Klayout Metal Density │   PASS   │      35.5s │
│ Klayout Pin Label     │   PASS   │      26.5s │
│ Klayout ZeroArea      │   PASS   │       6.4s │
│ Spike Check           │   PASS   │       5.9s │
│ Illegal Cellname      │   PASS   │       2.5s │
│ Magic DRC             │   SKIP   │          - │
└───────────────────────┴──────────┴────────────┘
Results saved to /home/rpgraca/opendvs_final/project/.cf/project.json
Full log at /home/rpgraca/opendvs_final/project/precheck_results
