
╭────────────────────────────────── Precheck ──────────────────────────────────╮
│ CF Precheck v1.3.7                                                           │
│ Project: project (digital, sky130A)                                          │
│ Checks:  11                                                                  │
╰──────────────────────────────────────────────────────────────────────────────╯

  [ 1/11] Top Cell .......................................... PASS  (1.7s)
  [ 2/11] GPIO Defines ...................................... PASS  (0.4s)
  [ 3/11] XOR ............................................... PASS  (39.2s)
  [ 4/11] Klayout FEOL ...................................... PASS  (260.7s)
  [ 5/11] Klayout BEOL ...................................... FAIL  (713.0s)
         1 DRC violations. See 
/home/rpgraca/opendvs_final/project/precheck_results/full_r21_nonlvs/outputs/rep
orts/klayout_be...
  [ 6/11] Klayout Offgrid ................................... PASS  (122.1s)
  [ 7/11] Klayout Metal Density ............................. PASS  (43.4s)
  [ 8/11] Klayout Pin Label ................................. PASS  (28.9s)
  [ 9/11] Klayout ZeroArea .................................. PASS  (6.6s)
  [10/11] Spike Check ....................................... PASS  (6.1s)
  [11/11] Illegal Cellname .................................. PASS  (2.4s)

                Precheck Summary                 
┏━━━━━━━━━━━━━━━━━━━━━━━┳━━━━━━━━━━┳━━━━━━━━━━━━┓
┃ Check                 ┃  Status  ┃   Duration ┃
┡━━━━━━━━━━━━━━━━━━━━━━━╇━━━━━━━━━━╇━━━━━━━━━━━━┩
│ Top Cell              │   PASS   │       1.7s │
│ GPIO Defines          │   PASS   │       0.4s │
│ XOR                   │   PASS   │      39.2s │
│ Klayout FEOL          │   PASS   │     260.7s │
│ Klayout BEOL          │   FAIL   │     713.0s │
│ Klayout Offgrid       │   PASS   │     122.1s │
│ Klayout Metal Density │   PASS   │      43.4s │
│ Klayout Pin Label     │   PASS   │      28.9s │
│ Klayout ZeroArea      │   PASS   │       6.6s │
│ Spike Check           │   PASS   │       6.1s │
│ Illegal Cellname      │   PASS   │       2.4s │
│ Magic DRC             │   SKIP   │          - │
└───────────────────────┴──────────┴────────────┘
Results saved to /home/rpgraca/opendvs_final/project/.cf/project.json
Full log at /home/rpgraca/opendvs_final/project/precheck_results
