BEGIN: Thu Sep 24 07:00:13 2026
Extracting as digital. Top ports unique.

Magic 8.3 revision 471 - Compiled on Tue Sep 15 18:16:17 UTC 2026.
Starting magic under Tcl interpreter
Using the terminal as the console.
Using NULL graphics device.
Processing system .magicrc file
Sourcing design magicrc.well for technology sky130A ...
2 Magic internal units = 1 Lambda
Loading tech file /home/rpgraca/opendvs_final/project_audit_orig/precheck_results/baseline_lvs/tmp/sky130A.tech
Input style sky130(): scaleFactor=2, multiplier=2
The following types are not handled by extraction and will be treated as non-electrical types:
    ubm 
Scaled tech values by 2 / 1 to match internal grid scaling
Loading "/home/rpgraca/opendvs_final/project_audit_orig/precheck_results/baseline_lvs/tmp/ext/abstract.tcl" from command line.
Abstracting
CIF input style is now "sky130()"
Abstracting /home/rpgraca/opendvs_final/project_audit_orig/gds/user_project_wrapper.gds
Warning: Calma reading is not undoable!  I hope that's OK.
Library written using GDS-II Release 6.0
Library name: LIB
Reading "$$$CONTEXT_INFO$$$".
Reading "GS_L1M1_MAG_7849107791429".
Reading "GS_L1M1_MAG_7849107791413".
Reading "GS_sky130_fd_pr__nfet_01v8_V52S8A".
Reading "GS_M1M2_MAG_7849107791423".
Reading "GS_sky130_fd_pr__pfet_01v8_D48SMA".
Reading "GS_sky130_fd_pr__pfet_01v8_U2XPXD".
Reading "GS_M1M2_MAG_7849107791428".
Reading "GS_sky130_fd_pr__pfet_01v8_KDZMJM".
Reading "GS_L1M1_MAG_7849107791424".
Reading "GS_sky130_fd_pr__nfet_01v8_ML4XRG".
Reading "GS_L1M1_MAG_7849107791427".
Reading "GS_M1M2_MAG_7849107791426".
Reading "GS_M2M3_MAG_7849107791425".
Reading "GS_sky130_fd_pr__nfet_01v8_9ZAZEB".
Reading "GS_sky130_fd_pr__nfet_01v8_9ZWGZ9".
Reading "GS_M1M2_MAG_7849107791416".
Reading "GS_M1M2_MAG_7849107791419".
Reading "GS_L1M1_MAG_7849107791410".
Reading "GS_M2M3_MAG_7849107791415".
Reading "LJ_BiasDividerCell".
Reading "LJ_BiasMultiplierCell".
Reading "GS_M3M4_MAG_7849107791418".
Reading "GS_vias_gen".
Reading "GS_dyn_comp_v1".
CIF file read warning: CIF style sky130(): units rescaled by factor of 5 / 1
Reading "GS_M3M4_MAG_7849107791421".
Reading "GS_M2M3_MAG_7849107791414".
Reading "GS_M2M3_MAG_7849107791420".
Reading "GS_M1M2_MAG_7849107791422".
Reading "GS_M2M3_MAG_7849107791417".
Reading "GS_pmos_MAG_784910779140".
Reading "GS_L1M1_MAG_7849107791411".
Reading "GS_M1M2_MAG_7849107791412".
Reading "GS_nmos_MAG_784910779141".
Reading "GS_M2M3_MAG_784910779145".
Reading "m1_m2_density_tile".
Reading "vias_gen$3".
Reading "vias_gen$7".
Reading "LJ_BiasDivider".
Reading "LJ_BiasMultiplier".
Reading "LJ_BiasDividerFineCell".
Reading "LJ_scs130hd_and2_1".
Reading "LJ_scs130hd_inv_1".
Reading "LJ_scs130hd_nor2_1".
Reading "GS_M2M3_MAG_784910779148".
Reading "GS_M2M3_MAG_784910779149".
Reading "GS_col_periphery".
Reading "GS_openDVS_pixel".
Reading "GS_contact$26$1$1".
Reading "GS_contact$25$1$1".
Reading "GS_contact$1".
Reading "GS_contact$30$1$1".
Reading "vias_gen$4".
Reading "LJ_BiasBranchBuffer_0".
Reading "LJ_BiasCoarseMBDivider".
Reading "LJ_BiasMasterBias".
Reading "LJ_BiasBranch_0".
CIF file read warning: Input off lambda grid by 3/5; snapped to grid.
Reading "LJ_BiasCoarseSel8to1".
Reading "LJ_BiasDividerFine".
Reading "LJ_BiasCoarseFineInterface".
Reading "LJ_BiasBuffers".
Reading "LJ_vias_gen$9".
Reading "LJ_mim_cap".
Reading "LJ_mim_cap$1".
Reading "LJ_vias_gen".
Reading "LJ_vias_gen$3".
Reading "S7_infiniamp_via_Mnbuff".
Reading "S7_contact$30$1$1".
Reading "S7_contact$1".
Reading "S7_contact$25$1$1".
Reading "S7_contact$26$1$1".
Reading "S7_openDVS_pixel".
Reading "IG_infiniamp_via_Mnbuff".
Reading "GS_vias_gen$16".
Reading "GS_vias_gen$18".
Reading "GS_vias_gen$8".
Reading "GS_vias_gen$19".
Reading "GS_openDVS_pixel2x2_bot".
Reading "GS_col_periphery_1x2".
Reading "GS_openDVS_pixel2x2_top".
Reading "GS_vias_gen$3".
Reading "GS_vias_gen$14".
Reading "GS_vias_gen$2".
Reading "GS_vias_gen$1".
Reading "GS_vias_gen$12".
Reading "vias_gen$8".
Reading "vias_gen$9".
Reading "LJ_BiasBranchBuffer".
Reading "LJ_BiasMasterCoarse".
Reading "LJ_BiasBranch".
Reading "LJ_vias_gen$8".
Reading "LJ_vias_gen$7".
Reading "LJ_vias_gen$6".
Reading "LJ_vias_gen$5".
Reading "LJ_vias_gen$4".
Reading "LJ_vias_gen$2".
Reading "LJ_vias_gen$11".
Reading "S7_vias_gen".
Reading "S7_infiniamp_xl".
Reading "S7_openDVS_pixel2x2_bot".
Reading "S7_scs130hd_inv_1".
Reading "S7_scs130hd_inv_4".
Reading "S7_vias_gen$3".
Reading "IG_infiniamp_xl".
Reading "GS_vias_gen$21".
Reading "GS_M2M3_MAG_784910779140".
Reading "GS_vias_gen$20".
Reading "GS_pixel_layout_biasgen_connector_v2".
Reading "GS_pixel_layout_tile_bot".
Reading "GS_pixel_layout_tile".
Reading "GS_M1M2_MAG_784910779144".
Reading "GS_M2M3_MAG_784910779142".
Reading "GS_pixel_layout_biasgen_connector_v3".
Reading "GS_pixel_4tile_left_vdd_gnd_connectors".
Reading "GS_vias_gen$10".
Reading "GS_M3M4_MAG_784910779143".
Reading "vias_gen".
Reading "sky130_fd_sc_hd__a311o_4".
Reading "sky130_fd_sc_hd__o32a_4".
Reading "sky130_fd_sc_hd__o311a_4".
Reading "sky130_fd_sc_hd__and4b_4".
Reading "BiasBranchnMasterx11".
Error while reading cell "BiasBranchnMasterx11" (byte position 15132552): Warning: cell "LJ_vias_gen$5" placed on top of itself.  Ignoring the extra one.
Error while reading cell "BiasBranchnMasterx11" (byte position 15132614): Warning: cell "LJ_vias_gen$5" placed on top of itself.  Ignoring the extra one.
Error while reading cell "BiasBranchnMasterx11" (byte position 15159646): Warning: cell "LJ_vias_gen$2" placed on top of itself.  Ignoring the extra one.
Error while reading cell "BiasBranchnMasterx11" (byte position 15188166): Warning: cell "LJ_vias_gen$4" placed on top of itself.  Ignoring the extra one.
Error while reading cell "BiasBranchnMasterx11" (byte position 15188228): Warning: cell "LJ_vias_gen$4" placed on top of itself.  Ignoring the extra one.
Error while reading cell "BiasBranchnMasterx11" (byte position 15188290): Warning: cell "LJ_vias_gen$4" placed on top of itself.  Ignoring the extra one.
Error while reading cell "BiasBranchnMasterx11" (byte position 15188352): Warning: cell "LJ_vias_gen$4" placed on top of itself.  Ignoring the extra one.
Error while reading cell "BiasBranchnMasterx11" (byte position 15188414): Warning: cell "LJ_vias_gen$4" placed on top of itself.  Ignoring the extra one.
Error while reading cell "BiasBranchnMasterx11" (byte position 15188476): Warning: cell "LJ_vias_gen$4" placed on top of itself.  Ignoring the extra one.
Error while reading cell "BiasBranchnMasterx11" (byte position 15188538): Warning: cell "LJ_vias_gen$4" placed on top of itself.  Ignoring the extra one.
Error while reading cell "BiasBranchnMasterx11" (byte position 15188600): Warning: cell "LJ_vias_gen$4" placed on top of itself.  Ignoring the extra one.
Error while reading cell "BiasBranchnMasterx11" (byte position 15188662): Warning: cell "LJ_vias_gen$4" placed on top of itself.  Ignoring the extra one.
Error while reading cell "BiasBranchnMasterx11" (byte position 15188724): Warning: cell "LJ_vias_gen$4" placed on top of itself.  Ignoring the extra one.
Error while reading cell "BiasBranchnMasterx11" (byte position 15191204): Warning: cell "LJ_vias_gen$2" placed on top of itself.  Ignoring the extra one.
Error while reading cell "BiasBranchnMasterx11" (byte position 15191266): Warning: cell "LJ_vias_gen$2" placed on top of itself.  Ignoring the extra one.
Reading "sky130_fd_sc_hd__a2111o_1".
Reading "sky130_fd_sc_hd__a22oi_1".
Reading "sky130_fd_sc_hd__nand2b_4".
Reading "sky130_fd_sc_hd__a221o_2".
Reading "sky130_fd_sc_hd__o22ai_1".
Reading "sky130_fd_sc_hd__mux2_4".
Reading "sky130_fd_sc_hd__a2111o_4".
Reading "sky130_fd_sc_hd__a21bo_2".
Reading "sky130_fd_sc_hd__or4b_2".
Reading "sky130_fd_sc_hd__and4b_1".
Reading "sky130_fd_sc_hd__nand4_1".
Reading "sky130_fd_sc_hd__o211a_4".
Reading "sky130_fd_sc_hd__nand3b_2".
Reading "sky130_fd_sc_hd__nand3_2".
Reading "sky130_fd_sc_hd__and3b_1".
Reading "sky130_fd_sc_hd__o211ai_4".
Reading "sky130_fd_sc_hd__a211o_2".
Reading "sky130_fd_sc_hd__and4bb_1".
Reading "sky130_fd_sc_hd__o41a_1".
Reading "sky130_fd_sc_hd__nand4_2".
Reading "sky130_fd_sc_hd__nor3_4".
Reading "sky130_fd_sc_hd__a31oi_1".
Reading "sky130_fd_sc_hd__xnor2_4".
Reading "sky130_fd_sc_hd__a22oi_4".
Reading "sky130_fd_sc_hd__a21boi_2".
Reading "sky130_fd_sc_hd__a41oi_2".
Reading "sky130_fd_sc_hd__o21bai_1".
Reading "sky130_fd_sc_hd__a211oi_1".
Reading "sky130_fd_sc_hd__a31oi_2".
Reading "sky130_fd_sc_hd__o31ai_4".
Reading "sky130_fd_sc_hd__o221ai_2".
Reading "sky130_fd_sc_hd__a21boi_1".
Reading "sky130_fd_sc_hd__a311o_1".
Reading "sky130_fd_sc_hd__o211ai_2".
Reading "sky130_fd_sc_hd__o31ai_1".
Reading "sky130_fd_sc_hd__xor2_4".
Reading "sky130_fd_sc_hd__a221oi_1".
Reading "sky130_fd_sc_hd__a21o_4".
Reading "sky130_fd_sc_hd__dfstp_1".
Reading "sky130_fd_sc_hd__or3b_2".
Reading "sky130_fd_sc_hd__nand3_1".
Reading "sky130_fd_sc_hd__a21oi_4".
Reading "sky130_fd_sc_hd__mux2_8".
Reading "sky130_fd_sc_hd__a41o_1".
Reading "sky130_fd_sc_hd__o211ai_1".
Reading "sky130_fd_sc_hd__a22o_2".
Reading "sky130_fd_sc_hd__nand2b_2".
Reading "sky130_fd_sc_hd__o22a_4".
Reading "sky130_fd_sc_hd__a32o_4".
Reading "sky130_fd_sc_hd__mux2_2".
Reading "sky130_fd_sc_hd__o2bb2a_1".
Reading "sky130_fd_sc_hd__o2111a_1".
Reading "sky130_fd_sc_hd__nor2_4".
Reading "sky130_fd_sc_hd__nand2b_1".
Reading "sky130_fd_sc_hd__a2bb2o_4".
Reading "sky130_fd_sc_hd__a211o_4".
Reading "sky130_fd_sc_hd__a221o_4".
Reading "sky130_fd_sc_hd__or3b_1".
Reading "sky130_fd_sc_hd__and2b_2".
Reading "sky130_fd_sc_hd__nand3b_4".
Reading "sky130_fd_sc_hd__xor2_2".
Reading "sky130_fd_sc_hd__xnor2_2".
Reading "sky130_fd_sc_hd__nor3_2".
Reading "sky130_fd_sc_hd__nor4_1".
Reading "sky130_fd_sc_hd__a32o_2".
Reading "sky130_fd_sc_hd__and2_2".
Reading "sky130_fd_sc_hd__a22o_4".
Reading "sky130_fd_sc_hd__a21bo_1".
Reading "sky130_fd_sc_hd__a2bb2o_1".
Reading "sky130_fd_sc_hd__and4_1".
Reading "sky130_fd_sc_hd__nor3_1".
Reading "sky130_fd_sc_hd__o21ba_2".
Reading "sky130_fd_sc_hd__a21o_2".
Reading "sky130_fd_sc_hd__a21bo_4".
Reading "sky130_fd_sc_hd__or2_4".
Reading "sky130_fd_sc_hd__a2bb2o_2".
Reading "sky130_fd_sc_hd__a21oi_2".
Reading "sky130_fd_sc_hd__o21ba_1".
Reading "sky130_fd_sc_hd__o21ai_2".
Reading "sky130_fd_sc_hd__o21ai_4".
Reading "sky130_fd_sc_hd__a32o_1".
Reading "sky130_fd_sc_hd__mux4_1".
Reading "pixel_test_structure".
Reading "photodiode_test_structure".
Reading "sky130_fd_sc_hd__nand2_4".
Reading "sky130_fd_sc_hd__dfstp_4".
Reading "pixel_4tile".
Reading "sky130_fd_sc_hd__buf_4".
Reading "sky130_fd_sc_hd__nor2_2".
Reading "sky130_fd_sc_hd__and4_4".
Reading "sky130_fd_sc_hd__or2_2".
Reading "sky130_fd_sc_hd__xnor2_1".
Reading "sky130_fd_sc_hd__nand3_4".
Reading "sky130_fd_sc_hd__xor2_1".
Reading "sky130_fd_sc_hd__nand2_2".
Reading "sky130_fd_sc_hd__and3b_4".
Reading "sky130_fd_sc_hd__nor3b_4".
Reading "sky130_fd_sc_hd__and2_4".
Reading "sky130_fd_sc_hd__and3_1".
Reading "sky130_fd_sc_hd__dfxtp_2".
Reading "sky130_fd_sc_hd__and2b_4".
Reading "sky130_fd_sc_hd__and3_2".
Reading "sky130_fd_sc_hd__nor2_1".
Reading "sky130_fd_sc_hd__a21oi_1".
Reading "sky130_fd_sc_hd__nand2_1".
Reading "sky130_fd_sc_hd__o21ai_1".
Reading "sky130_fd_sc_hd__nor2_8".
Reading "sky130_fd_sc_hd__a41o_2".
Reading "sky130_fd_sc_hd__and3_4".
Reading "sky130_fd_sc_hd__and2b_1".
Reading "sky130_fd_sc_hd__o21a_2".
Reading "sky130_fd_sc_hd__or3_2".
Reading "sky130_fd_sc_hd__o21a_4".
Reading "sky130_fd_sc_hd__o31a_4".
Reading "sky130_fd_sc_hd__o211a_2".
Reading "sky130_fd_sc_hd__a31o_2".
Reading "sky130_fd_sc_hd__a311o_2".
Reading "sky130_fd_sc_hd__clkinv_1".
Reading "sky130_fd_sc_hd__o221a_2".
Reading "sky130_fd_sc_hd__clkbuf_16".
Reading "sky130_fd_sc_hd__inv_16".
Reading "sky130_fd_sc_hd__clkinv_16".
Reading "sky130_fd_sc_hd__inv_12".
Reading "sky130_fd_sc_hd__a31o_4".
Reading "sky130_fd_sc_hd__o31a_2".
Reading "sky130_fd_sc_hd__o311a_1".
Reading "sky130_fd_sc_hd__a31o_1".
Reading "sky130_fd_sc_hd__o311a_2".
Reading "sky130_fd_sc_hd__o31a_1".
Reading "sky130_fd_sc_hd__o211a_1".
Reading "sky130_fd_sc_hd__or3_1".
Reading "sky130_fd_sc_hd__o22a_2".
Reading "sky130_fd_sc_hd__o32a_2".
Reading "sky130_fd_sc_hd__inv_8".
Reading "sky130_fd_sc_hd__o32a_1".
Reading "sky130_fd_sc_hd__clkinv_8".
Reading "sky130_fd_sc_hd__o221a_1".
Reading "sky130_fd_sc_hd__o22a_1".
Reading "sky130_fd_sc_hd__a21o_1".
Reading "sky130_fd_sc_hd__bufinv_16".
Reading "sky130_fd_sc_hd__inv_6".
Reading "sky130_fd_sc_hd__clkinv_4".
Reading "sky130_fd_sc_hd__a211o_1".
Reading "sky130_fd_sc_hd__and2_1".
Reading "sky130_fd_sc_hd__a221o_1".
Reading "sky130_fd_sc_hd__a22o_1".
Reading "sky130_fd_sc_hd__clkinv_2".
Reading "sky130_fd_sc_hd__inv_4".
Reading "sky130_fd_sc_hd__dfxtp_1".
Reading "sky130_fd_sc_hd__clkbuf_4".
Reading "sky130_fd_sc_hd__o21a_1".
Reading "sky130_fd_sc_hd__clkinvlp_4".
Reading "sky130_fd_sc_hd__mux2_1".
Reading "sky130_fd_sc_hd__dfrtp_2".
Reading "sky130_fd_sc_hd__dfrtp_4".
Reading "sky130_fd_sc_hd__dfrtp_1".
Reading "sky130_fd_sc_hd__or4b_1".
Reading "sky130_fd_sc_hd__or2_1".
Reading "sky130_fd_sc_hd__or4_2".
Reading "sky130_fd_sc_hd__or4_4".
Reading "sky130_fd_sc_hd__or3_4".
Reading "sky130_fd_sc_hd__or3b_4".
Reading "sky130_fd_sc_hd__inv_2".
Reading "sky130_fd_sc_hd__nand2_8".
Reading "sky130_fd_sc_hd__or4bb_1".
Reading "sky130_fd_sc_hd__or4_1".
Reading "sky130_fd_sc_hd__conb_1".
Reading "sky130_fd_sc_hd__buf_2".
Reading "sky130_fd_sc_hd__dlymetal6s2s_1".
Reading "sky130_fd_sc_hd__clkbuf_1".
Reading "sky130_fd_sc_hd__clkbuf_8".
Reading "sky130_fd_sc_hd__buf_6".
Reading "sky130_fd_sc_hd__buf_8".
Reading "sky130_fd_sc_hd__decap_8".
Reading "sky130_fd_sc_hd__buf_1".
Reading "sky130_fd_sc_hd__fill_2".
Reading "sky130_fd_sc_hd__decap_6".
Reading "sky130_fd_sc_hd__buf_12".
Reading "sky130_fd_sc_hd__clkbuf_2".
Reading "sky130_fd_sc_hd__diode_2".
Reading "sky130_fd_sc_hd__fill_1".
Reading "sky130_fd_sc_hd__decap_4".
Reading "sky130_fd_sc_hd__tapvpwrvgnd_1".
Reading "sky130_fd_sc_hd__dlygate4sd3_1".
Reading "sky130_fd_sc_hd__decap_3".
Reading "sky130_ef_sc_hd__decap_40_12".
Reading "user_project_wrapper".
    5000 uses
    10000 uses
    15000 uses
    20000 uses
    25000 uses
    30000 uses
    35000 uses
    40000 uses
    45000 uses
    50000 uses
    55000 uses
    60000 uses
    65000 uses
    70000 uses
    75000 uses
    80000 uses
    85000 uses
    90000 uses
    95000 uses
    100000 uses
    105000 uses
    110000 uses
    115000 uses
    120000 uses
    125000 uses
    130000 uses
    135000 uses
    140000 uses
    145000 uses
    150000 uses
    155000 uses
    160000 uses
    165000 uses
    170000 uses
    175000 uses
    180000 uses
    185000 uses
    190000 uses
    195000 uses
    200000 uses
    205000 uses
    210000 uses
    215000 uses
    220000 uses
    225000 uses
    230000 uses
    235000 uses
    240000 uses
    245000 uses
    250000 uses
    255000 uses
    260000 uses
    265000 uses
    270000 uses
    275000 uses
    280000 uses
    285000 uses
    290000 uses
    295000 uses
    300000 uses
    305000 uses
    310000 uses
    315000 uses
    320000 uses
    325000 uses
    330000 uses
    335000 uses
    340000 uses
    345000 uses
    350000 uses
    355000 uses
    360000 uses
    365000 uses
    370000 uses
    375000 uses
    380000 uses
    385000 uses
    390000 uses
    395000 uses
    400000 uses
    405000 uses
    410000 uses
    415000 uses
    420000 uses
    425000 uses
    430000 uses
    435000 uses
    440000 uses
    445000 uses
    450000 uses
    455000 uses
    460000 uses
    465000 uses
    470000 uses
    475000 uses
    480000 uses
    485000 uses
    490000 uses
    495000 uses
    500000 uses
    505000 uses
    510000 uses
    515000 uses
    520000 uses
    525000 uses
    530000 uses
    535000 uses
    540000 uses
    545000 uses
    550000 uses
    555000 uses
    560000 uses
    565000 uses
    570000 uses
    575000 uses
    580000 uses
    585000 uses
    590000 uses
    595000 uses
    600000 uses
    605000 uses
    610000 uses
    615000 uses
    620000 uses
    625000 uses
    630000 uses
    635000 uses
    640000 uses
    645000 uses
    650000 uses
    655000 uses
    660000 uses
    665000 uses
    670000 uses
    675000 uses
    680000 uses
    685000 uses
    690000 uses
    695000 uses

TIME: read GDS: 00:00:47 


TIME: create subcut: 00:00:00 

Abstracting sky130_ef_sc_hd__decap_40_12
instance count:0 port count:5
Abstracting sky130_fd_sc_hd__decap_3
instance count:0 port count:5
Abstracting sky130_fd_sc_hd__decap_4
instance count:0 port count:5
Abstracting sky130_fd_sc_hd__decap_6
instance count:0 port count:5
Abstracting sky130_fd_sc_hd__decap_8
instance count:0 port count:5
Abstracting sky130_fd_sc_hd__fill_1
instance count:0 port count:5
Abstracting sky130_fd_sc_hd__fill_2
instance count:0 port count:5
Abstracting sky130_fd_sc_hd__tapvpwrvgnd_1
instance count:0 port count:3

TIME: create abstract: 00:00:00 

Using technology "sky130A", version 1.0.532-0-gb01f6d2

Magic 8.3 revision 471 - Compiled on Tue Sep 15 18:16:17 UTC 2026.
Starting magic under Tcl interpreter
Using the terminal as the console.
Using NULL graphics device.
Processing system .magicrc file
Sourcing design magicrc.well for technology sky130A ...
2 Magic internal units = 1 Lambda
Loading tech file /home/rpgraca/opendvs_final/project_audit_orig/precheck_results/baseline_lvs/tmp/sky130A.tech
Input style sky130(): scaleFactor=2, multiplier=2
The following types are not handled by extraction and will be treated as non-electrical types:
    ubm 
Scaled tech values by 2 / 1 to match internal grid scaling
Loading "/home/rpgraca/opendvs_final/project_audit_orig/precheck_results/baseline_lvs/tmp/ext/extract.tcl" from command line.
Extracting with top ports unique (digital)
CIF input style is now "sky130()"
Flattening 

Extracting /home/rpgraca/opendvs_final/project_audit_orig/gds/user_project_wrapper.gds
Warning: Calma reading is not undoable!  I hope that's OK.
Library written using GDS-II Release 6.0
Library name: LIB
Reading "$$$CONTEXT_INFO$$$".
Reading "vias_gen$3".
Reading "vias_gen$7".
Reading "vias_gen$4".
Reading "vias_gen$8".
Reading "vias_gen$9".
Reading "vias_gen".
Saving contents of cell vias_gen
Reading "GS_L1M1_MAG_7849107791429".
Saving contents of cell GS_L1M1_MAG_7849107791429
Reading "GS_L1M1_MAG_7849107791413".
Saving contents of cell GS_L1M1_MAG_7849107791413
Reading "GS_sky130_fd_pr__nfet_01v8_V52S8A".
Reading "GS_M1M2_MAG_7849107791423".
Saving contents of cell GS_M1M2_MAG_7849107791423
Reading "GS_sky130_fd_pr__pfet_01v8_D48SMA".
Reading "GS_sky130_fd_pr__pfet_01v8_U2XPXD".
Reading "GS_M1M2_MAG_7849107791428".
Saving contents of cell GS_M1M2_MAG_7849107791428
Reading "GS_sky130_fd_pr__pfet_01v8_KDZMJM".
Reading "GS_L1M1_MAG_7849107791424".
Saving contents of cell GS_L1M1_MAG_7849107791424
Reading "GS_sky130_fd_pr__nfet_01v8_ML4XRG".
Reading "GS_L1M1_MAG_7849107791427".
Saving contents of cell GS_L1M1_MAG_7849107791427
Reading "GS_M1M2_MAG_7849107791426".
Saving contents of cell GS_M1M2_MAG_7849107791426
Reading "GS_M2M3_MAG_7849107791425".
Saving contents of cell GS_M2M3_MAG_7849107791425
Reading "GS_sky130_fd_pr__nfet_01v8_9ZAZEB".
Reading "GS_sky130_fd_pr__nfet_01v8_9ZWGZ9".
Reading "GS_M1M2_MAG_7849107791416".
Saving contents of cell GS_M1M2_MAG_7849107791416
Reading "GS_M1M2_MAG_7849107791419".
Saving contents of cell GS_M1M2_MAG_7849107791419
Reading "GS_L1M1_MAG_7849107791410".
Saving contents of cell GS_L1M1_MAG_7849107791410
Reading "GS_M2M3_MAG_7849107791415".
Saving contents of cell GS_M2M3_MAG_7849107791415
Reading "LJ_BiasDividerCell".
Reading "LJ_BiasMultiplierCell".
Reading "GS_M3M4_MAG_7849107791418".
Reading "GS_vias_gen".
Saving contents of cell GS_vias_gen
Reading "GS_dyn_comp_v1".
CIF file read warning: CIF style sky130(): units rescaled by factor of 5 / 1
Reading "GS_M3M4_MAG_7849107791421".
Saving contents of cell GS_M3M4_MAG_7849107791421
Reading "GS_M2M3_MAG_7849107791414".
Saving contents of cell GS_M2M3_MAG_7849107791414
Reading "GS_M2M3_MAG_7849107791420".
Saving contents of cell GS_M2M3_MAG_7849107791420
Reading "GS_M1M2_MAG_7849107791422".
Saving contents of cell GS_M1M2_MAG_7849107791422
Reading "GS_M2M3_MAG_7849107791417".
Saving contents of cell GS_M2M3_MAG_7849107791417
Reading "GS_pmos_MAG_784910779140".
Reading "GS_L1M1_MAG_7849107791411".
Saving contents of cell GS_L1M1_MAG_7849107791411
Reading "GS_M1M2_MAG_7849107791412".
Reading "GS_nmos_MAG_784910779141".
Reading "GS_M2M3_MAG_784910779145".
Saving contents of cell GS_M2M3_MAG_784910779145
Reading "m1_m2_density_tile".
Saving contents of cell m1_m2_density_tile
Reading "vias_gen$3".
Error while reading cell "m1_m2_density_tile" (byte position 227036): Cell "vias_gen$3" was already defined in this file.
Error while reading cell "m1_m2_density_tile" (byte position 227036): Ignoring duplicate definition
Reading "vias_gen$7".
Error while reading cell "m1_m2_density_tile" (byte position 228106): Cell "vias_gen$7" was already defined in this file.
Error while reading cell "m1_m2_density_tile" (byte position 228106): Ignoring duplicate definition
Reading "LJ_BiasDivider".
Reading "LJ_BiasMultiplier".
Reading "LJ_BiasDividerFineCell".
Reading "LJ_scs130hd_and2_1".
Reading "LJ_scs130hd_inv_1".
Reading "LJ_scs130hd_nor2_1".
Reading "GS_M2M3_MAG_784910779148".
Saving contents of cell GS_M2M3_MAG_784910779148
Reading "GS_M2M3_MAG_784910779149".
Saving contents of cell GS_M2M3_MAG_784910779149
Reading "GS_col_periphery".
Reading "GS_openDVS_pixel".
Reading "GS_contact$26$1$1".
Saving contents of cell GS_contact$26$1$1
Reading "GS_contact$25$1$1".
Reading "GS_contact$1".
Reading "GS_contact$30$1$1".
Saving contents of cell GS_contact$30$1$1
Reading "vias_gen$4".
Error while reading cell "GS_contact$30$1$1" (byte position 647870): Cell "vias_gen$4" was already defined in this file.
Error while reading cell "GS_contact$30$1$1" (byte position 647870): Ignoring duplicate definition
Reading "LJ_BiasBranchBuffer_0".
Reading "LJ_BiasCoarseMBDivider".
Reading "LJ_BiasMasterBias".
Reading "LJ_BiasBranch_0".
CIF file read warning: Input off lambda grid by 3/5; snapped to grid.
Reading "LJ_BiasCoarseSel8to1".
Reading "LJ_BiasDividerFine".
Reading "LJ_BiasCoarseFineInterface".
Reading "LJ_BiasBuffers".
Reading "LJ_vias_gen$9".
Saving contents of cell LJ_vias_gen$9
Reading "LJ_mim_cap".
Reading "LJ_mim_cap$1".
Reading "LJ_vias_gen".
Reading "LJ_vias_gen$3".
Reading "S7_infiniamp_via_Mnbuff".
Reading "S7_contact$30$1$1".
Saving contents of cell S7_contact$30$1$1
Reading "S7_contact$1".
Reading "S7_contact$25$1$1".
Reading "S7_contact$26$1$1".
Saving contents of cell S7_contact$26$1$1
Reading "S7_openDVS_pixel".
Reading "IG_infiniamp_via_Mnbuff".
Reading "GS_vias_gen$16".
Reading "GS_vias_gen$18".
Reading "GS_vias_gen$8".
Saving contents of cell GS_vias_gen$8
Reading "GS_vias_gen$19".
Reading "GS_openDVS_pixel2x2_bot".
Reading "GS_col_periphery_1x2".
Reading "GS_openDVS_pixel2x2_top".
Reading "GS_vias_gen$3".
Saving contents of cell GS_vias_gen$3
Reading "GS_vias_gen$14".
Reading "GS_vias_gen$2".
Reading "GS_vias_gen$1".
Saving contents of cell GS_vias_gen$1
Reading "GS_vias_gen$12".
Reading "vias_gen$8".
Error while reading cell "GS_vias_gen$12" (byte position 7461684): Cell "vias_gen$8" was already defined in this file.
Error while reading cell "GS_vias_gen$12" (byte position 7461684): Ignoring duplicate definition
Reading "vias_gen$9".
Error while reading cell "GS_vias_gen$12" (byte position 10781282): Cell "vias_gen$9" was already defined in this file.
Error while reading cell "GS_vias_gen$12" (byte position 10781282): Ignoring duplicate definition
Reading "LJ_BiasBranchBuffer".
Reading "LJ_BiasMasterCoarse".
Reading "LJ_BiasBranch".
Reading "LJ_vias_gen$8".
Saving contents of cell LJ_vias_gen$8
Reading "LJ_vias_gen$7".
Saving contents of cell LJ_vias_gen$7
Reading "LJ_vias_gen$6".
Saving contents of cell LJ_vias_gen$6
Reading "LJ_vias_gen$5".
Saving contents of cell LJ_vias_gen$5
Reading "LJ_vias_gen$4".
Saving contents of cell LJ_vias_gen$4
Reading "LJ_vias_gen$2".
Reading "LJ_vias_gen$11".
Reading "S7_vias_gen".
Reading "S7_infiniamp_xl".
Reading "S7_openDVS_pixel2x2_bot".
Reading "S7_scs130hd_inv_1".
Reading "S7_scs130hd_inv_4".
Reading "S7_vias_gen$3".
Reading "IG_infiniamp_xl".
Reading "GS_vias_gen$21".
Saving contents of cell GS_vias_gen$21
Reading "GS_M2M3_MAG_784910779140".
Reading "GS_vias_gen$20".
Saving contents of cell GS_vias_gen$20
Reading "GS_pixel_layout_biasgen_connector_v2".
Reading "GS_pixel_layout_tile_bot".
Reading "GS_pixel_layout_tile".
Reading "GS_M1M2_MAG_784910779144".
Reading "GS_M2M3_MAG_784910779142".
Reading "GS_pixel_layout_biasgen_connector_v3".
Reading "GS_pixel_4tile_left_vdd_gnd_connectors".
Reading "GS_vias_gen$10".
Reading "GS_M3M4_MAG_784910779143".
Saving contents of cell GS_M3M4_MAG_784910779143
Reading "vias_gen".
Error while reading cell "GS_M3M4_MAG_784910779143" (byte position 15082324): Cell "vias_gen" was already defined in this file.
Error while reading cell "GS_M3M4_MAG_784910779143" (byte position 15082324): Ignoring duplicate definition
Reading "sky130_fd_sc_hd__a311o_4".
Reading "sky130_fd_sc_hd__o32a_4".
Reading "sky130_fd_sc_hd__o311a_4".
Reading "sky130_fd_sc_hd__and4b_4".
Reading "BiasBranchnMasterx11".
Error while reading cell "BiasBranchnMasterx11" (byte position 15159646): Warning: cell "LJ_vias_gen$2" placed on top of itself.  Ignoring the extra one.
Error while reading cell "BiasBranchnMasterx11" (byte position 15191204): Warning: cell "LJ_vias_gen$2" placed on top of itself.  Ignoring the extra one.
Error while reading cell "BiasBranchnMasterx11" (byte position 15191266): Warning: cell "LJ_vias_gen$2" placed on top of itself.  Ignoring the extra one.
Reading "sky130_fd_sc_hd__a2111o_1".
Reading "sky130_fd_sc_hd__a22oi_1".
Reading "sky130_fd_sc_hd__nand2b_4".
Reading "sky130_fd_sc_hd__a221o_2".
Reading "sky130_fd_sc_hd__o22ai_1".
Reading "sky130_fd_sc_hd__mux2_4".
Reading "sky130_fd_sc_hd__a2111o_4".
Reading "sky130_fd_sc_hd__a21bo_2".
Reading "sky130_fd_sc_hd__or4b_2".
Reading "sky130_fd_sc_hd__and4b_1".
Reading "sky130_fd_sc_hd__nand4_1".
Reading "sky130_fd_sc_hd__o211a_4".
Reading "sky130_fd_sc_hd__nand3b_2".
Reading "sky130_fd_sc_hd__nand3_2".
Reading "sky130_fd_sc_hd__and3b_1".
Reading "sky130_fd_sc_hd__o211ai_4".
Reading "sky130_fd_sc_hd__a211o_2".
Reading "sky130_fd_sc_hd__and4bb_1".
Reading "sky130_fd_sc_hd__o41a_1".
Reading "sky130_fd_sc_hd__nand4_2".
Reading "sky130_fd_sc_hd__nor3_4".
Reading "sky130_fd_sc_hd__a31oi_1".
Reading "sky130_fd_sc_hd__xnor2_4".
Reading "sky130_fd_sc_hd__a22oi_4".
Reading "sky130_fd_sc_hd__a21boi_2".
Reading "sky130_fd_sc_hd__a41oi_2".
Reading "sky130_fd_sc_hd__o21bai_1".
Reading "sky130_fd_sc_hd__a211oi_1".
Reading "sky130_fd_sc_hd__a31oi_2".
Reading "sky130_fd_sc_hd__o31ai_4".
Reading "sky130_fd_sc_hd__o221ai_2".
Reading "sky130_fd_sc_hd__a21boi_1".
Reading "sky130_fd_sc_hd__a311o_1".
Reading "sky130_fd_sc_hd__o211ai_2".
Reading "sky130_fd_sc_hd__o31ai_1".
Reading "sky130_fd_sc_hd__xor2_4".
Reading "sky130_fd_sc_hd__a221oi_1".
Reading "sky130_fd_sc_hd__a21o_4".
Reading "sky130_fd_sc_hd__dfstp_1".
Reading "sky130_fd_sc_hd__or3b_2".
Reading "sky130_fd_sc_hd__nand3_1".
Reading "sky130_fd_sc_hd__a21oi_4".
Reading "sky130_fd_sc_hd__mux2_8".
Reading "sky130_fd_sc_hd__a41o_1".
Reading "sky130_fd_sc_hd__o211ai_1".
Reading "sky130_fd_sc_hd__a22o_2".
Reading "sky130_fd_sc_hd__nand2b_2".
Reading "sky130_fd_sc_hd__o22a_4".
Reading "sky130_fd_sc_hd__a32o_4".
Reading "sky130_fd_sc_hd__mux2_2".
Reading "sky130_fd_sc_hd__o2bb2a_1".
Reading "sky130_fd_sc_hd__o2111a_1".
Reading "sky130_fd_sc_hd__nor2_4".
Reading "sky130_fd_sc_hd__nand2b_1".
Reading "sky130_fd_sc_hd__a2bb2o_4".
Reading "sky130_fd_sc_hd__a211o_4".
Reading "sky130_fd_sc_hd__a221o_4".
Reading "sky130_fd_sc_hd__or3b_1".
Reading "sky130_fd_sc_hd__and2b_2".
Reading "sky130_fd_sc_hd__nand3b_4".
Reading "sky130_fd_sc_hd__xor2_2".
Reading "sky130_fd_sc_hd__xnor2_2".
Reading "sky130_fd_sc_hd__nor3_2".
Reading "sky130_fd_sc_hd__nor4_1".
Reading "sky130_fd_sc_hd__a32o_2".
Reading "sky130_fd_sc_hd__and2_2".
Reading "sky130_fd_sc_hd__a22o_4".
Reading "sky130_fd_sc_hd__a21bo_1".
Reading "sky130_fd_sc_hd__a2bb2o_1".
Reading "sky130_fd_sc_hd__and4_1".
Reading "sky130_fd_sc_hd__nor3_1".
Reading "sky130_fd_sc_hd__o21ba_2".
Reading "sky130_fd_sc_hd__a21o_2".
Reading "sky130_fd_sc_hd__a21bo_4".
Reading "sky130_fd_sc_hd__or2_4".
Reading "sky130_fd_sc_hd__a2bb2o_2".
Reading "sky130_fd_sc_hd__a21oi_2".
Reading "sky130_fd_sc_hd__o21ba_1".
Reading "sky130_fd_sc_hd__o21ai_2".
Reading "sky130_fd_sc_hd__o21ai_4".
Reading "sky130_fd_sc_hd__a32o_1".
Reading "sky130_fd_sc_hd__mux4_1".
Reading "pixel_test_structure".
Reading "photodiode_test_structure".
Reading "sky130_fd_sc_hd__nand2_4".
Reading "sky130_fd_sc_hd__dfstp_4".
Reading "pixel_4tile".
Reading "sky130_fd_sc_hd__buf_4".
Reading "sky130_fd_sc_hd__nor2_2".
Reading "sky130_fd_sc_hd__and4_4".
Reading "sky130_fd_sc_hd__or2_2".
Reading "sky130_fd_sc_hd__xnor2_1".
Reading "sky130_fd_sc_hd__nand3_4".
Reading "sky130_fd_sc_hd__xor2_1".
Reading "sky130_fd_sc_hd__nand2_2".
Reading "sky130_fd_sc_hd__and3b_4".
Reading "sky130_fd_sc_hd__nor3b_4".
Reading "sky130_fd_sc_hd__and2_4".
Reading "sky130_fd_sc_hd__and3_1".
Reading "sky130_fd_sc_hd__dfxtp_2".
Reading "sky130_fd_sc_hd__and2b_4".
Reading "sky130_fd_sc_hd__and3_2".
Reading "sky130_fd_sc_hd__nor2_1".
Reading "sky130_fd_sc_hd__a21oi_1".
Reading "sky130_fd_sc_hd__nand2_1".
Reading "sky130_fd_sc_hd__o21ai_1".
Reading "sky130_fd_sc_hd__nor2_8".
Reading "sky130_fd_sc_hd__a41o_2".
Reading "sky130_fd_sc_hd__and3_4".
Reading "sky130_fd_sc_hd__and2b_1".
Reading "sky130_fd_sc_hd__o21a_2".
Reading "sky130_fd_sc_hd__or3_2".
Reading "sky130_fd_sc_hd__o21a_4".
Reading "sky130_fd_sc_hd__o31a_4".
Reading "sky130_fd_sc_hd__o211a_2".
Reading "sky130_fd_sc_hd__a31o_2".
Reading "sky130_fd_sc_hd__a311o_2".
Reading "sky130_fd_sc_hd__clkinv_1".
Reading "sky130_fd_sc_hd__o221a_2".
Reading "sky130_fd_sc_hd__clkbuf_16".
Reading "sky130_fd_sc_hd__inv_16".
Reading "sky130_fd_sc_hd__clkinv_16".
Reading "sky130_fd_sc_hd__inv_12".
Reading "sky130_fd_sc_hd__a31o_4".
Reading "sky130_fd_sc_hd__o31a_2".
Reading "sky130_fd_sc_hd__o311a_1".
Reading "sky130_fd_sc_hd__a31o_1".
Reading "sky130_fd_sc_hd__o311a_2".
Reading "sky130_fd_sc_hd__o31a_1".
Reading "sky130_fd_sc_hd__o211a_1".
Reading "sky130_fd_sc_hd__or3_1".
Reading "sky130_fd_sc_hd__o22a_2".
Reading "sky130_fd_sc_hd__o32a_2".
Reading "sky130_fd_sc_hd__inv_8".
Reading "sky130_fd_sc_hd__o32a_1".
Reading "sky130_fd_sc_hd__clkinv_8".
Reading "sky130_fd_sc_hd__o221a_1".
Reading "sky130_fd_sc_hd__o22a_1".
Reading "sky130_fd_sc_hd__a21o_1".
Reading "sky130_fd_sc_hd__bufinv_16".
Reading "sky130_fd_sc_hd__inv_6".
Reading "sky130_fd_sc_hd__clkinv_4".
Reading "sky130_fd_sc_hd__a211o_1".
Reading "sky130_fd_sc_hd__and2_1".
Reading "sky130_fd_sc_hd__a221o_1".
Reading "sky130_fd_sc_hd__a22o_1".
Reading "sky130_fd_sc_hd__clkinv_2".
Reading "sky130_fd_sc_hd__inv_4".
Reading "sky130_fd_sc_hd__dfxtp_1".
Reading "sky130_fd_sc_hd__clkbuf_4".
Reading "sky130_fd_sc_hd__o21a_1".
Reading "sky130_fd_sc_hd__clkinvlp_4".
Reading "sky130_fd_sc_hd__mux2_1".
Reading "sky130_fd_sc_hd__dfrtp_2".
Reading "sky130_fd_sc_hd__dfrtp_4".
Reading "sky130_fd_sc_hd__dfrtp_1".
Reading "sky130_fd_sc_hd__or4b_1".
Reading "sky130_fd_sc_hd__or2_1".
Reading "sky130_fd_sc_hd__or4_2".
Reading "sky130_fd_sc_hd__or4_4".
Reading "sky130_fd_sc_hd__or3_4".
Reading "sky130_fd_sc_hd__or3b_4".
Reading "sky130_fd_sc_hd__inv_2".
Reading "sky130_fd_sc_hd__nand2_8".
Reading "sky130_fd_sc_hd__or4bb_1".
Reading "sky130_fd_sc_hd__or4_1".
Reading "sky130_fd_sc_hd__conb_1".
Reading "sky130_fd_sc_hd__buf_2".
Reading "sky130_fd_sc_hd__dlymetal6s2s_1".
Reading "sky130_fd_sc_hd__clkbuf_1".
Reading "sky130_fd_sc_hd__clkbuf_8".
Reading "sky130_fd_sc_hd__buf_6".
Reading "sky130_fd_sc_hd__buf_8".
Reading "sky130_fd_sc_hd__decap_8".
Reading "sky130_fd_sc_hd__buf_1".
Reading "sky130_fd_sc_hd__fill_2".
Reading "sky130_fd_sc_hd__decap_6".
Reading "sky130_fd_sc_hd__buf_12".
Reading "sky130_fd_sc_hd__clkbuf_2".
Reading "sky130_fd_sc_hd__diode_2".
Reading "sky130_fd_sc_hd__fill_1".
Reading "sky130_fd_sc_hd__decap_4".
Reading "sky130_fd_sc_hd__tapvpwrvgnd_1".
Reading "sky130_fd_sc_hd__dlygate4sd3_1".
Reading "sky130_fd_sc_hd__decap_3".
Reading "sky130_ef_sc_hd__decap_40_12".
Reading "user_project_wrapper".
    5000 uses
    10000 uses
    15000 uses
    20000 uses
    25000 uses
    30000 uses
    35000 uses
    40000 uses
    45000 uses
    50000 uses
    55000 uses
    60000 uses
    65000 uses
    70000 uses
    75000 uses
    80000 uses
    85000 uses
    90000 uses
    95000 uses
    100000 uses
    105000 uses
    110000 uses
    115000 uses
    120000 uses
    125000 uses
    130000 uses
    135000 uses
    140000 uses
    145000 uses
    150000 uses
    155000 uses
    160000 uses
    165000 uses
    170000 uses
    175000 uses
    180000 uses
    185000 uses
    190000 uses
    195000 uses
    200000 uses
    205000 uses
    210000 uses
    215000 uses
    220000 uses
    225000 uses
    230000 uses
    235000 uses
    240000 uses
    245000 uses
    250000 uses
    255000 uses
    260000 uses
    265000 uses
    270000 uses
    275000 uses
    280000 uses
    285000 uses
    290000 uses
    295000 uses
    300000 uses
    305000 uses
    310000 uses
    315000 uses
    320000 uses
    325000 uses
    330000 uses
    335000 uses
    340000 uses
    345000 uses
    350000 uses
    355000 uses
    360000 uses
    365000 uses
    370000 uses
    375000 uses
    380000 uses
    385000 uses
    390000 uses
    395000 uses
    400000 uses
    405000 uses
    410000 uses
    415000 uses
    420000 uses
    425000 uses
    430000 uses
    435000 uses
    440000 uses
    445000 uses
    450000 uses
    455000 uses
    460000 uses
    465000 uses
    470000 uses
    475000 uses
    480000 uses
    485000 uses
    490000 uses
    495000 uses
    500000 uses
    505000 uses
    510000 uses
    515000 uses
    520000 uses
    525000 uses
    530000 uses
    535000 uses
    540000 uses
    545000 uses
    550000 uses
    555000 uses
    560000 uses
    565000 uses
    570000 uses
    575000 uses
    580000 uses
    585000 uses
    590000 uses
    595000 uses
    600000 uses
    605000 uses
    610000 uses
    615000 uses
    620000 uses
    625000 uses
    630000 uses
    635000 uses
    640000 uses
    645000 uses
    650000 uses
    655000 uses
    660000 uses
    665000 uses
    670000 uses
    675000 uses
    680000 uses
    685000 uses
    690000 uses
    695000 uses

TIME: read GDS: 00:00:42 


TIME: add subcut: 00:00:00 

Abstracting sky130_ef_sc_hd__decap_40_12
Abstracting sky130_fd_sc_hd__decap_3
Abstracting sky130_fd_sc_hd__decap_4
Abstracting sky130_fd_sc_hd__decap_6
Abstracting sky130_fd_sc_hd__decap_8
Abstracting sky130_fd_sc_hd__fill_1
Abstracting sky130_fd_sc_hd__fill_2
Abstracting sky130_fd_sc_hd__tapvpwrvgnd_1

TIME: set abstract: 00:00:00 

Processing sky130_fd_sc_hd__buf_12
Processing sky130_fd_sc_hd__diode_2
Processing sky130_fd_sc_hd__dlygate4sd3_1
Processing sky130_fd_sc_hd__clkbuf_2
Processing sky130_fd_sc_hd__buf_1
Processing sky130_fd_sc_hd__buf_8
Processing sky130_fd_sc_hd__buf_6
Processing sky130_fd_sc_hd__inv_2
Processing sky130_fd_sc_hd__nand2_8
Processing sky130_fd_sc_hd__or3b_4
Processing sky130_fd_sc_hd__or3_4
Processing sky130_fd_sc_hd__conb_1
Processing sky130_fd_sc_hd__clkbuf_8
Processing sky130_fd_sc_hd__clkbuf_1
Processing sky130_fd_sc_hd__or4_4
Processing sky130_fd_sc_hd__or4_1
Processing sky130_fd_sc_hd__or4_2
Processing sky130_fd_sc_hd__or2_1
Processing sky130_fd_sc_hd__dfrtp_4
Processing sky130_fd_sc_hd__o21a_1
Processing sky130_fd_sc_hd__mux2_1
Processing sky130_fd_sc_hd__or4bb_1
Processing sky130_fd_sc_hd__or4b_1
Processing sky130_fd_sc_hd__clkbuf_4
Processing sky130_fd_sc_hd__dfrtp_2
Processing sky130_fd_sc_hd__dlymetal6s2s_1
Processing sky130_fd_sc_hd__clkinvlp_4
Processing sky130_fd_sc_hd__buf_2
Processing sky130_fd_sc_hd__dfrtp_1
Processing sky130_fd_sc_hd__dfxtp_1
Processing sky130_fd_sc_hd__clkinv_4
Processing sky130_fd_sc_hd__a22o_1
Processing sky130_fd_sc_hd__and2b_1
Processing sky130_fd_sc_hd__clkinv_2
Processing sky130_fd_sc_hd__and2_1
Processing sky130_fd_sc_hd__nor2_8
Processing sky130_fd_sc_hd__xor2_1
Processing sky130_fd_sc_hd__nand2_2
Processing sky130_fd_sc_hd__nand3_4
Processing sky130_fd_sc_hd__and3_2
Processing sky130_fd_sc_hd__xnor2_1
Processing sky130_fd_sc_hd__or2_2
Processing sky130_fd_sc_hd__and3_4
Processing sky130_fd_sc_hd__nand2_1
Processing sky130_fd_sc_hd__and4_4
Processing sky130_fd_sc_hd__nor2_2
Processing sky130_fd_sc_hd__nor2_1
Processing sky130_fd_sc_hd__a221o_1
Processing sky130_fd_sc_hd__a211o_1
Processing sky130_fd_sc_hd__inv_6
Processing sky130_fd_sc_hd__bufinv_16
Processing sky130_fd_sc_hd__o32a_1
Processing sky130_fd_sc_hd__o22a_1
Processing sky130_fd_sc_hd__o211a_1
Processing sky130_fd_sc_hd__a21o_1
Processing sky130_fd_sc_hd__o31a_1
Processing sky130_fd_sc_hd__o22a_2
Processing sky130_fd_sc_hd__inv_12
Processing sky130_fd_sc_hd__o221a_1
Processing sky130_fd_sc_hd__or3_1
Processing sky130_fd_sc_hd__a31o_1
Processing sky130_fd_sc_hd__inv_4
Processing sky130_fd_sc_hd__clkbuf_16
Processing sky130_fd_sc_hd__clkinv_1
Processing sky130_fd_sc_hd__o31a_4
Processing sky130_fd_sc_hd__o311a_1
Processing sky130_fd_sc_hd__o21a_4
Processing sky130_fd_sc_hd__o21ai_1
Processing sky130_fd_sc_hd__a21oi_1
Processing sky130_fd_sc_hd__clkinv_16
Processing sky130_fd_sc_hd__and2b_4
Processing sky130_fd_sc_hd__and3_1
Processing sky130_fd_sc_hd__and2_4
Processing sky130_fd_sc_hd__nor3b_4
Processing sky130_fd_sc_hd__and3b_4
Processing sky130_fd_sc_hd__inv_8
Processing sky130_fd_sc_hd__o31a_2
Processing sky130_fd_sc_hd__o211a_2
Processing sky130_fd_sc_hd__o21a_2
Processing sky130_fd_sc_hd__a41o_2
Processing sky130_fd_sc_hd__o311a_2
Processing sky130_fd_sc_hd__o32a_2
Processing sky130_fd_sc_hd__or3_2
Processing sky130_fd_sc_hd__o221a_2
Processing sky130_fd_sc_hd__a311o_2
Processing sky130_fd_sc_hd__dfxtp_2
Processing sky130_fd_sc_hd__a31o_4
Processing sky130_fd_sc_hd__inv_16
Processing sky130_fd_sc_hd__clkinv_8
Processing sky130_fd_sc_hd__a31o_2
Processing IG_infiniamp_via_Mnbuff
Processing IG_infiniamp_xl
Processing photodiode_test_structure
Processing S7_scs130hd_inv_4
Processing S7_scs130hd_inv_1
Processing S7_openDVS_pixel
Processing S7_contact$1
Processing S7_contact$25$1$1
Processing S7_openDVS_pixel2x2_bot
Processing S7_infiniamp_via_Mnbuff
Processing S7_infiniamp_xl
Processing S7_vias_gen$3
Processing S7_vias_gen
Processing pixel_test_structure
Processing sky130_fd_sc_hd__buf_4
Processing sky130_fd_sc_hd__dfstp_4
Processing sky130_fd_sc_hd__nand2_4
Processing sky130_fd_sc_hd__mux4_1
Processing sky130_fd_sc_hd__o21ba_1
Processing sky130_fd_sc_hd__o21ai_4
Processing sky130_fd_sc_hd__a32o_1
Processing sky130_fd_sc_hd__o21ai_2
Processing sky130_fd_sc_hd__or2_4
Processing sky130_fd_sc_hd__a21o_2
Processing sky130_fd_sc_hd__nor4_1
Processing sky130_fd_sc_hd__a22o_4
Processing sky130_fd_sc_hd__a2bb2o_1
Processing sky130_fd_sc_hd__a211o_4
Processing sky130_fd_sc_hd__a21bo_4
Processing sky130_fd_sc_hd__o21ba_2
Processing sky130_fd_sc_hd__and4_1
Processing sky130_fd_sc_hd__nor3_1
Processing sky130_fd_sc_hd__a21bo_1
Processing sky130_fd_sc_hd__and2_2
Processing sky130_fd_sc_hd__nor3_2
Processing sky130_fd_sc_hd__a21oi_2
Processing sky130_fd_sc_hd__xnor2_2
Processing sky130_fd_sc_hd__xor2_2
Processing sky130_fd_sc_hd__or3b_1
Processing sky130_fd_sc_hd__a221o_4
Processing sky130_fd_sc_hd__a2bb2o_4
Processing sky130_fd_sc_hd__nand2b_1
Processing sky130_fd_sc_hd__a2bb2o_2
Processing sky130_fd_sc_hd__nand3b_4
Processing sky130_fd_sc_hd__and2b_2
Processing sky130_fd_sc_hd__a32o_2
Processing sky130_fd_sc_hd__o22a_4
Processing sky130_fd_sc_hd__a22o_2
Processing sky130_fd_sc_hd__nor2_4
Processing sky130_fd_sc_hd__o2111a_1
Processing sky130_fd_sc_hd__a32o_4
Processing sky130_fd_sc_hd__nand2b_2
Processing sky130_fd_sc_hd__o2bb2a_1
Processing sky130_fd_sc_hd__mux2_2
Processing sky130_fd_sc_hd__mux2_8
Processing sky130_fd_sc_hd__a22oi_4
Processing sky130_fd_sc_hd__nor3_4
Processing sky130_fd_sc_hd__o31ai_1
Processing sky130_fd_sc_hd__o41a_1
Processing sky130_fd_sc_hd__mux2_4
Processing sky130_fd_sc_hd__a221o_2
Processing sky130_fd_sc_hd__nand3_2
Processing sky130_fd_sc_hd__nand2b_4
Processing sky130_fd_sc_hd__a2111o_1
Processing sky130_fd_sc_hd__a2111o_4
Processing sky130_fd_sc_hd__a211o_2
Processing sky130_fd_sc_hd__o211ai_1
Processing sky130_fd_sc_hd__a41o_1
Processing sky130_fd_sc_hd__nand3_1
Processing sky130_fd_sc_hd__a21oi_4
Processing sky130_fd_sc_hd__or3b_2
Processing sky130_fd_sc_hd__a21o_4
Processing sky130_fd_sc_hd__dfstp_1
Processing sky130_fd_sc_hd__a221oi_1
Processing sky130_fd_sc_hd__xor2_4
Processing sky130_fd_sc_hd__a311o_1
Processing sky130_fd_sc_hd__o211ai_2
Processing sky130_fd_sc_hd__a21boi_1
Processing sky130_fd_sc_hd__o221ai_2
Processing sky130_fd_sc_hd__o31ai_4
Processing sky130_fd_sc_hd__a31oi_2
Processing sky130_fd_sc_hd__a211oi_1
Processing sky130_fd_sc_hd__o21bai_1
Processing sky130_fd_sc_hd__a41oi_2
Processing sky130_fd_sc_hd__a21boi_2
Processing sky130_fd_sc_hd__xnor2_4
Processing sky130_fd_sc_hd__a31oi_1
Processing sky130_fd_sc_hd__nand4_2
Processing sky130_fd_sc_hd__and4bb_1
Processing sky130_fd_sc_hd__o211ai_4
Processing sky130_fd_sc_hd__nand3b_2
Processing sky130_fd_sc_hd__and3b_1
Processing sky130_fd_sc_hd__and4b_1
Processing sky130_fd_sc_hd__nand4_1
Processing sky130_fd_sc_hd__o211a_4
Processing sky130_fd_sc_hd__or4b_2
Processing sky130_fd_sc_hd__a21bo_2
Processing sky130_fd_sc_hd__o22ai_1
Processing sky130_fd_sc_hd__a22oi_1
Processing LJ_BiasBranch_0
Processing LJ_BiasCoarseSel8to1
Processing LJ_BiasDividerFineCell
Processing LJ_BiasDividerFine
Processing LJ_BiasCoarseFineInterface
Processing LJ_scs130hd_and2_1
Processing LJ_scs130hd_inv_1
Processing LJ_scs130hd_nor2_1
Processing LJ_BiasBuffers
Processing LJ_BiasBranch
Processing LJ_BiasBranchBuffer_0
Processing LJ_BiasBranchBuffer
Processing LJ_BiasDividerCell
Processing LJ_BiasDivider
Processing LJ_BiasMultiplierCell
Processing LJ_BiasMultiplier
Processing LJ_BiasCoarseMBDivider
Processing LJ_BiasMasterBias
Processing LJ_vias_gen$3
Processing LJ_vias_gen
Processing LJ_mim_cap$1
Processing LJ_mim_cap
Processing LJ_BiasMasterCoarse
Processing LJ_vias_gen$2
Processing LJ_vias_gen$11
Processing BiasBranchnMasterx11
Processing sky130_fd_sc_hd__and4b_4
Processing sky130_fd_sc_hd__o32a_4
Processing sky130_fd_sc_hd__o311a_4
Processing sky130_fd_sc_hd__a311o_4
Processing GS_M1M2_MAG_784910779144
Processing GS_M2M3_MAG_784910779142
Processing GS_M2M3_MAG_784910779140
Processing GS_vias_gen$10
Processing GS_vias_gen$16
Processing GS_vias_gen$18
Processing GS_vias_gen$19
Processing GS_pixel_layout_biasgen_connector_v2
Processing GS_pmos_MAG_784910779140
Processing GS_nmos_MAG_784910779141
Processing GS_sky130_fd_pr__nfet_01v8_V52S8A
Processing GS_sky130_fd_pr__pfet_01v8_D48SMA
Processing GS_sky130_fd_pr__pfet_01v8_U2XPXD
Processing GS_sky130_fd_pr__pfet_01v8_KDZMJM
Processing GS_sky130_fd_pr__nfet_01v8_9ZWGZ9
Processing GS_sky130_fd_pr__nfet_01v8_ML4XRG
Processing GS_sky130_fd_pr__nfet_01v8_9ZAZEB
Processing GS_dyn_comp_v1
Processing GS_M1M2_MAG_7849107791412
Processing GS_M3M4_MAG_7849107791418
Processing vias_gen$7
Processing GS_col_periphery
Processing GS_col_periphery_1x2
Processing vias_gen$3
Processing GS_openDVS_pixel
Processing GS_contact$1
Processing GS_contact$25$1$1
Processing vias_gen$4
Processing GS_openDVS_pixel2x2_bot
Processing vias_gen$9
Processing GS_pixel_layout_tile_bot
Processing GS_openDVS_pixel2x2_top
Processing vias_gen$8
Processing GS_pixel_layout_tile
Processing GS_pixel_layout_biasgen_connector_v3
Processing GS_vias_gen$14
Processing GS_vias_gen$2
Processing GS_vias_gen$12
Processing GS_pixel_4tile_left_vdd_gnd_connectors
Processing pixel_4tile
Processing user_project_wrapper
The following types are not handled by extraction and will be treated as non-electrical types:
    ubm 
Extraction style is now "ngspice()"
Extracting sky130_ef_sc_hd__decap_40_12 into sky130_ef_sc_hd__decap_40_12.ext:
Device scnmos does not have a compatible substrate node!
sky130_ef_sc_hd__decap_40_12: 1 warning
Extracting sky130_fd_sc_hd__decap_3 into sky130_fd_sc_hd__decap_3.ext:
Device scnmos does not have a compatible substrate node!
sky130_fd_sc_hd__decap_3: 1 warning
Extracting sky130_fd_sc_hd__buf_12 into sky130_fd_sc_hd__buf_12.ext:
Extracting sky130_fd_sc_hd__fill_1 into sky130_fd_sc_hd__fill_1.ext:
Extracting sky130_fd_sc_hd__decap_4 into sky130_fd_sc_hd__decap_4.ext:
Device scnmos does not have a compatible substrate node!
sky130_fd_sc_hd__decap_4: 1 warning
Extracting sky130_fd_sc_hd__diode_2 into sky130_fd_sc_hd__diode_2.ext:
sky130_fd_sc_hd__diode_2: 1 warning
Extracting sky130_fd_sc_hd__dlygate4sd3_1 into sky130_fd_sc_hd__dlygate4sd3_1.ext:
Extracting sky130_fd_sc_hd__tapvpwrvgnd_1 into sky130_fd_sc_hd__tapvpwrvgnd_1.ext:
Extracting sky130_fd_sc_hd__clkbuf_2 into sky130_fd_sc_hd__clkbuf_2.ext:
Extracting sky130_fd_sc_hd__decap_6 into sky130_fd_sc_hd__decap_6.ext:
Device scnmos does not have a compatible substrate node!
sky130_fd_sc_hd__decap_6: 1 warning
Extracting sky130_fd_sc_hd__fill_2 into sky130_fd_sc_hd__fill_2.ext:
Extracting sky130_fd_sc_hd__buf_1 into sky130_fd_sc_hd__buf_1.ext:
Extracting sky130_fd_sc_hd__buf_8 into sky130_fd_sc_hd__buf_8.ext:
Extracting sky130_fd_sc_hd__decap_8 into sky130_fd_sc_hd__decap_8.ext:
Device scnmos does not have a compatible substrate node!
sky130_fd_sc_hd__decap_8: 1 warning
Extracting sky130_fd_sc_hd__buf_6 into sky130_fd_sc_hd__buf_6.ext:
Extracting sky130_fd_sc_hd__inv_2 into sky130_fd_sc_hd__inv_2.ext:
Extracting sky130_fd_sc_hd__nand2_8 into sky130_fd_sc_hd__nand2_8.ext:
Extracting sky130_fd_sc_hd__or3b_4 into sky130_fd_sc_hd__or3b_4.ext:
Extracting sky130_fd_sc_hd__or3_4 into sky130_fd_sc_hd__or3_4.ext:
Extracting sky130_fd_sc_hd__conb_1 into sky130_fd_sc_hd__conb_1.ext:
Extracting sky130_fd_sc_hd__clkbuf_8 into sky130_fd_sc_hd__clkbuf_8.ext:
Extracting sky130_fd_sc_hd__clkbuf_1 into sky130_fd_sc_hd__clkbuf_1.ext:
Extracting sky130_fd_sc_hd__or4_4 into sky130_fd_sc_hd__or4_4.ext:
Extracting sky130_fd_sc_hd__or4_1 into sky130_fd_sc_hd__or4_1.ext:
Extracting sky130_fd_sc_hd__or4_2 into sky130_fd_sc_hd__or4_2.ext:
Extracting sky130_fd_sc_hd__or2_1 into sky130_fd_sc_hd__or2_1.ext:
Extracting sky130_fd_sc_hd__dfrtp_4 into sky130_fd_sc_hd__dfrtp_4.ext:
Extracting sky130_fd_sc_hd__o21a_1 into sky130_fd_sc_hd__o21a_1.ext:
Extracting sky130_fd_sc_hd__mux2_1 into sky130_fd_sc_hd__mux2_1.ext:
Extracting sky130_fd_sc_hd__or4bb_1 into sky130_fd_sc_hd__or4bb_1.ext:
Extracting sky130_fd_sc_hd__or4b_1 into sky130_fd_sc_hd__or4b_1.ext:
Extracting sky130_fd_sc_hd__clkbuf_4 into sky130_fd_sc_hd__clkbuf_4.ext:
Extracting sky130_fd_sc_hd__dfrtp_2 into sky130_fd_sc_hd__dfrtp_2.ext:
Extracting sky130_fd_sc_hd__dlymetal6s2s_1 into sky130_fd_sc_hd__dlymetal6s2s_1.ext:
Extracting sky130_fd_sc_hd__clkinvlp_4 into sky130_fd_sc_hd__clkinvlp_4.ext:
Extracting sky130_fd_sc_hd__buf_2 into sky130_fd_sc_hd__buf_2.ext:
Extracting sky130_fd_sc_hd__dfrtp_1 into sky130_fd_sc_hd__dfrtp_1.ext:
Extracting sky130_fd_sc_hd__dfxtp_1 into sky130_fd_sc_hd__dfxtp_1.ext:
Extracting sky130_fd_sc_hd__clkinv_4 into sky130_fd_sc_hd__clkinv_4.ext:
Extracting sky130_fd_sc_hd__a22o_1 into sky130_fd_sc_hd__a22o_1.ext:
Extracting sky130_fd_sc_hd__and2b_1 into sky130_fd_sc_hd__and2b_1.ext:
Extracting sky130_fd_sc_hd__clkinv_2 into sky130_fd_sc_hd__clkinv_2.ext:
Extracting sky130_fd_sc_hd__and2_1 into sky130_fd_sc_hd__and2_1.ext:
Extracting sky130_fd_sc_hd__nor2_8 into sky130_fd_sc_hd__nor2_8.ext:
Extracting sky130_fd_sc_hd__xor2_1 into sky130_fd_sc_hd__xor2_1.ext:
Extracting sky130_fd_sc_hd__nand2_2 into sky130_fd_sc_hd__nand2_2.ext:
Extracting sky130_fd_sc_hd__nand3_4 into sky130_fd_sc_hd__nand3_4.ext:
Extracting sky130_fd_sc_hd__and3_2 into sky130_fd_sc_hd__and3_2.ext:
Extracting sky130_fd_sc_hd__xnor2_1 into sky130_fd_sc_hd__xnor2_1.ext:
Extracting sky130_fd_sc_hd__or2_2 into sky130_fd_sc_hd__or2_2.ext:
Extracting sky130_fd_sc_hd__and3_4 into sky130_fd_sc_hd__and3_4.ext:
Extracting sky130_fd_sc_hd__nand2_1 into sky130_fd_sc_hd__nand2_1.ext:
Extracting sky130_fd_sc_hd__and4_4 into sky130_fd_sc_hd__and4_4.ext:
Extracting sky130_fd_sc_hd__nor2_2 into sky130_fd_sc_hd__nor2_2.ext:
Extracting sky130_fd_sc_hd__nor2_1 into sky130_fd_sc_hd__nor2_1.ext:
Extracting sky130_fd_sc_hd__a221o_1 into sky130_fd_sc_hd__a221o_1.ext:
Extracting sky130_fd_sc_hd__a211o_1 into sky130_fd_sc_hd__a211o_1.ext:
Extracting sky130_fd_sc_hd__inv_6 into sky130_fd_sc_hd__inv_6.ext:
Extracting sky130_fd_sc_hd__bufinv_16 into sky130_fd_sc_hd__bufinv_16.ext:
Extracting sky130_fd_sc_hd__o32a_1 into sky130_fd_sc_hd__o32a_1.ext:
Extracting sky130_fd_sc_hd__o22a_1 into sky130_fd_sc_hd__o22a_1.ext:
Extracting sky130_fd_sc_hd__o211a_1 into sky130_fd_sc_hd__o211a_1.ext:
Extracting sky130_fd_sc_hd__a21o_1 into sky130_fd_sc_hd__a21o_1.ext:
Extracting sky130_fd_sc_hd__o31a_1 into sky130_fd_sc_hd__o31a_1.ext:
Extracting sky130_fd_sc_hd__o22a_2 into sky130_fd_sc_hd__o22a_2.ext:
Extracting sky130_fd_sc_hd__inv_12 into sky130_fd_sc_hd__inv_12.ext:
Extracting sky130_fd_sc_hd__o221a_1 into sky130_fd_sc_hd__o221a_1.ext:
Extracting sky130_fd_sc_hd__or3_1 into sky130_fd_sc_hd__or3_1.ext:
Extracting sky130_fd_sc_hd__a31o_1 into sky130_fd_sc_hd__a31o_1.ext:
Extracting sky130_fd_sc_hd__inv_4 into sky130_fd_sc_hd__inv_4.ext:
Extracting sky130_fd_sc_hd__clkbuf_16 into sky130_fd_sc_hd__clkbuf_16.ext:
Extracting sky130_fd_sc_hd__clkinv_1 into sky130_fd_sc_hd__clkinv_1.ext:
Extracting sky130_fd_sc_hd__o31a_4 into sky130_fd_sc_hd__o31a_4.ext:
Extracting sky130_fd_sc_hd__o311a_1 into sky130_fd_sc_hd__o311a_1.ext:
Extracting sky130_fd_sc_hd__o21a_4 into sky130_fd_sc_hd__o21a_4.ext:
Extracting sky130_fd_sc_hd__o21ai_1 into sky130_fd_sc_hd__o21ai_1.ext:
Extracting sky130_fd_sc_hd__a21oi_1 into sky130_fd_sc_hd__a21oi_1.ext:
Extracting sky130_fd_sc_hd__clkinv_16 into sky130_fd_sc_hd__clkinv_16.ext:
Extracting sky130_fd_sc_hd__and2b_4 into sky130_fd_sc_hd__and2b_4.ext:
Extracting sky130_fd_sc_hd__and3_1 into sky130_fd_sc_hd__and3_1.ext:
Extracting sky130_fd_sc_hd__and2_4 into sky130_fd_sc_hd__and2_4.ext:
Extracting sky130_fd_sc_hd__nor3b_4 into sky130_fd_sc_hd__nor3b_4.ext:
Extracting sky130_fd_sc_hd__and3b_4 into sky130_fd_sc_hd__and3b_4.ext:
Extracting sky130_fd_sc_hd__inv_8 into sky130_fd_sc_hd__inv_8.ext:
Extracting sky130_fd_sc_hd__o31a_2 into sky130_fd_sc_hd__o31a_2.ext:
Extracting sky130_fd_sc_hd__o211a_2 into sky130_fd_sc_hd__o211a_2.ext:
Extracting sky130_fd_sc_hd__o21a_2 into sky130_fd_sc_hd__o21a_2.ext:
Extracting sky130_fd_sc_hd__a41o_2 into sky130_fd_sc_hd__a41o_2.ext:
Extracting sky130_fd_sc_hd__o311a_2 into sky130_fd_sc_hd__o311a_2.ext:
Extracting sky130_fd_sc_hd__o32a_2 into sky130_fd_sc_hd__o32a_2.ext:
Extracting sky130_fd_sc_hd__or3_2 into sky130_fd_sc_hd__or3_2.ext:
Extracting sky130_fd_sc_hd__o221a_2 into sky130_fd_sc_hd__o221a_2.ext:
Extracting sky130_fd_sc_hd__a311o_2 into sky130_fd_sc_hd__a311o_2.ext:
Extracting sky130_fd_sc_hd__dfxtp_2 into sky130_fd_sc_hd__dfxtp_2.ext:
Extracting sky130_fd_sc_hd__a31o_4 into sky130_fd_sc_hd__a31o_4.ext:
Extracting sky130_fd_sc_hd__inv_16 into sky130_fd_sc_hd__inv_16.ext:
Extracting sky130_fd_sc_hd__clkinv_8 into sky130_fd_sc_hd__clkinv_8.ext:
Extracting sky130_fd_sc_hd__a31o_2 into sky130_fd_sc_hd__a31o_2.ext:
Extracting IG_infiniamp_via_Mnbuff into IG_infiniamp_via_Mnbuff.ext:
Extracting IG_infiniamp_xl into IG_infiniamp_xl.ext:
IG_infiniamp_xl: 2 warnings
Extracting photodiode_test_structure into photodiode_test_structure.ext:
Extracting S7_scs130hd_inv_4 into S7_scs130hd_inv_4.ext:
Extracting S7_scs130hd_inv_1 into S7_scs130hd_inv_1.ext:
Extracting S7_openDVS_pixel into S7_openDVS_pixel.ext:
S7_openDVS_pixel: 1 warning
Extracting S7_contact$1 into S7_contact$1.ext:
Extracting S7_contact$25$1$1 into S7_contact$25$1$1.ext:
Extracting S7_openDVS_pixel2x2_bot into S7_openDVS_pixel2x2_bot.ext:
Extracting S7_infiniamp_via_Mnbuff into S7_infiniamp_via_Mnbuff.ext:
Extracting S7_infiniamp_xl into S7_infiniamp_xl.ext:
S7_infiniamp_xl: 2 warnings
Extracting S7_vias_gen$3 into S7_vias_gen$3.ext:
Extracting S7_vias_gen into S7_vias_gen.ext:
Extracting pixel_test_structure into pixel_test_structure.ext:
Extracting sky130_fd_sc_hd__buf_4 into sky130_fd_sc_hd__buf_4.ext:
Extracting sky130_fd_sc_hd__dfstp_4 into sky130_fd_sc_hd__dfstp_4.ext:
Extracting sky130_fd_sc_hd__nand2_4 into sky130_fd_sc_hd__nand2_4.ext:
Extracting sky130_fd_sc_hd__mux4_1 into sky130_fd_sc_hd__mux4_1.ext:
Extracting sky130_fd_sc_hd__o21ba_1 into sky130_fd_sc_hd__o21ba_1.ext:
Extracting sky130_fd_sc_hd__o21ai_4 into sky130_fd_sc_hd__o21ai_4.ext:
Extracting sky130_fd_sc_hd__a32o_1 into sky130_fd_sc_hd__a32o_1.ext:
Extracting sky130_fd_sc_hd__o21ai_2 into sky130_fd_sc_hd__o21ai_2.ext:
Extracting sky130_fd_sc_hd__or2_4 into sky130_fd_sc_hd__or2_4.ext:
Extracting sky130_fd_sc_hd__a21o_2 into sky130_fd_sc_hd__a21o_2.ext:
Extracting sky130_fd_sc_hd__nor4_1 into sky130_fd_sc_hd__nor4_1.ext:
Extracting sky130_fd_sc_hd__a22o_4 into sky130_fd_sc_hd__a22o_4.ext:
Extracting sky130_fd_sc_hd__a2bb2o_1 into sky130_fd_sc_hd__a2bb2o_1.ext:
Extracting sky130_fd_sc_hd__a211o_4 into sky130_fd_sc_hd__a211o_4.ext:
Extracting sky130_fd_sc_hd__a21bo_4 into sky130_fd_sc_hd__a21bo_4.ext:
Extracting sky130_fd_sc_hd__o21ba_2 into sky130_fd_sc_hd__o21ba_2.ext:
Extracting sky130_fd_sc_hd__and4_1 into sky130_fd_sc_hd__and4_1.ext:
Extracting sky130_fd_sc_hd__nor3_1 into sky130_fd_sc_hd__nor3_1.ext:
Extracting sky130_fd_sc_hd__a21bo_1 into sky130_fd_sc_hd__a21bo_1.ext:
Extracting sky130_fd_sc_hd__and2_2 into sky130_fd_sc_hd__and2_2.ext:
Extracting sky130_fd_sc_hd__nor3_2 into sky130_fd_sc_hd__nor3_2.ext:
Extracting sky130_fd_sc_hd__a21oi_2 into sky130_fd_sc_hd__a21oi_2.ext:
Extracting sky130_fd_sc_hd__xnor2_2 into sky130_fd_sc_hd__xnor2_2.ext:
Extracting sky130_fd_sc_hd__xor2_2 into sky130_fd_sc_hd__xor2_2.ext:
Extracting sky130_fd_sc_hd__or3b_1 into sky130_fd_sc_hd__or3b_1.ext:
Extracting sky130_fd_sc_hd__a221o_4 into sky130_fd_sc_hd__a221o_4.ext:
Extracting sky130_fd_sc_hd__a2bb2o_4 into sky130_fd_sc_hd__a2bb2o_4.ext:
Extracting sky130_fd_sc_hd__nand2b_1 into sky130_fd_sc_hd__nand2b_1.ext:
Extracting sky130_fd_sc_hd__a2bb2o_2 into sky130_fd_sc_hd__a2bb2o_2.ext:
Extracting sky130_fd_sc_hd__nand3b_4 into sky130_fd_sc_hd__nand3b_4.ext:
Extracting sky130_fd_sc_hd__and2b_2 into sky130_fd_sc_hd__and2b_2.ext:
Extracting sky130_fd_sc_hd__a32o_2 into sky130_fd_sc_hd__a32o_2.ext:
Extracting sky130_fd_sc_hd__o22a_4 into sky130_fd_sc_hd__o22a_4.ext:
Extracting sky130_fd_sc_hd__a22o_2 into sky130_fd_sc_hd__a22o_2.ext:
Extracting sky130_fd_sc_hd__nor2_4 into sky130_fd_sc_hd__nor2_4.ext:
Extracting sky130_fd_sc_hd__o2111a_1 into sky130_fd_sc_hd__o2111a_1.ext:
Extracting sky130_fd_sc_hd__a32o_4 into sky130_fd_sc_hd__a32o_4.ext:
Extracting sky130_fd_sc_hd__nand2b_2 into sky130_fd_sc_hd__nand2b_2.ext:
Extracting sky130_fd_sc_hd__o2bb2a_1 into sky130_fd_sc_hd__o2bb2a_1.ext:
Extracting sky130_fd_sc_hd__mux2_2 into sky130_fd_sc_hd__mux2_2.ext:
Extracting sky130_fd_sc_hd__mux2_8 into sky130_fd_sc_hd__mux2_8.ext:
Extracting sky130_fd_sc_hd__a22oi_4 into sky130_fd_sc_hd__a22oi_4.ext:
Extracting sky130_fd_sc_hd__nor3_4 into sky130_fd_sc_hd__nor3_4.ext:
Extracting sky130_fd_sc_hd__o31ai_1 into sky130_fd_sc_hd__o31ai_1.ext:
Extracting sky130_fd_sc_hd__o41a_1 into sky130_fd_sc_hd__o41a_1.ext:
Extracting sky130_fd_sc_hd__mux2_4 into sky130_fd_sc_hd__mux2_4.ext:
Extracting sky130_fd_sc_hd__a221o_2 into sky130_fd_sc_hd__a221o_2.ext:
Extracting sky130_fd_sc_hd__nand3_2 into sky130_fd_sc_hd__nand3_2.ext:
Extracting sky130_fd_sc_hd__nand2b_4 into sky130_fd_sc_hd__nand2b_4.ext:
Extracting sky130_fd_sc_hd__a2111o_1 into sky130_fd_sc_hd__a2111o_1.ext:
Extracting sky130_fd_sc_hd__a2111o_4 into sky130_fd_sc_hd__a2111o_4.ext:
Extracting sky130_fd_sc_hd__a211o_2 into sky130_fd_sc_hd__a211o_2.ext:
Extracting sky130_fd_sc_hd__o211ai_1 into sky130_fd_sc_hd__o211ai_1.ext:
Extracting sky130_fd_sc_hd__a41o_1 into sky130_fd_sc_hd__a41o_1.ext:
Extracting sky130_fd_sc_hd__nand3_1 into sky130_fd_sc_hd__nand3_1.ext:
Extracting sky130_fd_sc_hd__a21oi_4 into sky130_fd_sc_hd__a21oi_4.ext:
Extracting sky130_fd_sc_hd__or3b_2 into sky130_fd_sc_hd__or3b_2.ext:
Extracting sky130_fd_sc_hd__a21o_4 into sky130_fd_sc_hd__a21o_4.ext:
Extracting sky130_fd_sc_hd__dfstp_1 into sky130_fd_sc_hd__dfstp_1.ext:
Extracting sky130_fd_sc_hd__a221oi_1 into sky130_fd_sc_hd__a221oi_1.ext:
Extracting sky130_fd_sc_hd__xor2_4 into sky130_fd_sc_hd__xor2_4.ext:
Extracting sky130_fd_sc_hd__a311o_1 into sky130_fd_sc_hd__a311o_1.ext:
Extracting sky130_fd_sc_hd__o211ai_2 into sky130_fd_sc_hd__o211ai_2.ext:
Extracting sky130_fd_sc_hd__a21boi_1 into sky130_fd_sc_hd__a21boi_1.ext:
Extracting sky130_fd_sc_hd__o221ai_2 into sky130_fd_sc_hd__o221ai_2.ext:
Extracting sky130_fd_sc_hd__o31ai_4 into sky130_fd_sc_hd__o31ai_4.ext:
Extracting sky130_fd_sc_hd__a31oi_2 into sky130_fd_sc_hd__a31oi_2.ext:
Extracting sky130_fd_sc_hd__a211oi_1 into sky130_fd_sc_hd__a211oi_1.ext:
Extracting sky130_fd_sc_hd__o21bai_1 into sky130_fd_sc_hd__o21bai_1.ext:
Extracting sky130_fd_sc_hd__a41oi_2 into sky130_fd_sc_hd__a41oi_2.ext:
Extracting sky130_fd_sc_hd__a21boi_2 into sky130_fd_sc_hd__a21boi_2.ext:
Extracting sky130_fd_sc_hd__xnor2_4 into sky130_fd_sc_hd__xnor2_4.ext:
Extracting sky130_fd_sc_hd__a31oi_1 into sky130_fd_sc_hd__a31oi_1.ext:
Extracting sky130_fd_sc_hd__nand4_2 into sky130_fd_sc_hd__nand4_2.ext:
Extracting sky130_fd_sc_hd__and4bb_1 into sky130_fd_sc_hd__and4bb_1.ext:
Extracting sky130_fd_sc_hd__o211ai_4 into sky130_fd_sc_hd__o211ai_4.ext:
Extracting sky130_fd_sc_hd__nand3b_2 into sky130_fd_sc_hd__nand3b_2.ext:
Extracting sky130_fd_sc_hd__and3b_1 into sky130_fd_sc_hd__and3b_1.ext:
Extracting sky130_fd_sc_hd__and4b_1 into sky130_fd_sc_hd__and4b_1.ext:
Extracting sky130_fd_sc_hd__nand4_1 into sky130_fd_sc_hd__nand4_1.ext:
Extracting sky130_fd_sc_hd__o211a_4 into sky130_fd_sc_hd__o211a_4.ext:
Extracting sky130_fd_sc_hd__or4b_2 into sky130_fd_sc_hd__or4b_2.ext:
Extracting sky130_fd_sc_hd__a21bo_2 into sky130_fd_sc_hd__a21bo_2.ext:
Extracting sky130_fd_sc_hd__o22ai_1 into sky130_fd_sc_hd__o22ai_1.ext:
Extracting sky130_fd_sc_hd__a22oi_1 into sky130_fd_sc_hd__a22oi_1.ext:
Extracting LJ_BiasBranch_0 into LJ_BiasBranch_0.ext:
Extracting LJ_BiasCoarseSel8to1 into LJ_BiasCoarseSel8to1.ext:
Extracting LJ_BiasDividerFineCell into LJ_BiasDividerFineCell.ext:
Extracting LJ_BiasDividerFine into LJ_BiasDividerFine.ext:
Extracting LJ_BiasCoarseFineInterface into LJ_BiasCoarseFineInterface.ext:
Extracting LJ_scs130hd_and2_1 into LJ_scs130hd_and2_1.ext:
Extracting LJ_scs130hd_inv_1 into LJ_scs130hd_inv_1.ext:
Extracting LJ_scs130hd_nor2_1 into LJ_scs130hd_nor2_1.ext:
Extracting LJ_BiasBuffers into LJ_BiasBuffers.ext:
Extracting LJ_BiasBranch into LJ_BiasBranch.ext:
Extracting LJ_BiasBranchBuffer_0 into LJ_BiasBranchBuffer_0.ext:
Extracting LJ_BiasBranchBuffer into LJ_BiasBranchBuffer.ext:
Extracting LJ_BiasDividerCell into LJ_BiasDividerCell.ext:
Extracting LJ_BiasDivider into LJ_BiasDivider.ext:
LJ_BiasDivider: 2 warnings
Extracting LJ_BiasMultiplierCell into LJ_BiasMultiplierCell.ext:
Extracting LJ_BiasMultiplier into LJ_BiasMultiplier.ext:
Extracting LJ_BiasCoarseMBDivider into LJ_BiasCoarseMBDivider.ext:
Extracting LJ_BiasMasterBias into LJ_BiasMasterBias.ext:
LJ_BiasMasterBias: 2 warnings
Extracting LJ_vias_gen$3 into LJ_vias_gen$3.ext:
Extracting LJ_vias_gen into LJ_vias_gen.ext:
Extracting LJ_mim_cap$1 into LJ_mim_cap$1.ext:
Extracting LJ_mim_cap into LJ_mim_cap.ext:
Extracting LJ_BiasMasterCoarse into LJ_BiasMasterCoarse.ext:
Extracting LJ_vias_gen$2 into LJ_vias_gen$2.ext:
Extracting LJ_vias_gen$11 into LJ_vias_gen$11.ext:
Extracting BiasBranchnMasterx11 into BiasBranchnMasterx11.ext:
Extracting sky130_fd_sc_hd__and4b_4 into sky130_fd_sc_hd__and4b_4.ext:
Extracting sky130_fd_sc_hd__o32a_4 into sky130_fd_sc_hd__o32a_4.ext:
Extracting sky130_fd_sc_hd__o311a_4 into sky130_fd_sc_hd__o311a_4.ext:
Extracting sky130_fd_sc_hd__a311o_4 into sky130_fd_sc_hd__a311o_4.ext:
Extracting GS_M1M2_MAG_784910779144 into GS_M1M2_MAG_784910779144.ext:
Extracting GS_M2M3_MAG_784910779142 into GS_M2M3_MAG_784910779142.ext:
Extracting GS_M2M3_MAG_784910779140 into GS_M2M3_MAG_784910779140.ext:
Extracting GS_vias_gen$10 into GS_vias_gen$10.ext:
Extracting GS_vias_gen$16 into GS_vias_gen$16.ext:
Extracting GS_vias_gen$18 into GS_vias_gen$18.ext:
Extracting GS_vias_gen$19 into GS_vias_gen$19.ext:
Extracting GS_pixel_layout_biasgen_connector_v2 into GS_pixel_layout_biasgen_connector_v2.ext:
Extracting GS_pmos_MAG_784910779140 into GS_pmos_MAG_784910779140.ext:
Extracting GS_nmos_MAG_784910779141 into GS_nmos_MAG_784910779141.ext:
Extracting GS_sky130_fd_pr__nfet_01v8_V52S8A into GS_sky130_fd_pr__nfet_01v8_V52S8A.ext:
Extracting GS_sky130_fd_pr__pfet_01v8_D48SMA into GS_sky130_fd_pr__pfet_01v8_D48SMA.ext:
Extracting GS_sky130_fd_pr__pfet_01v8_U2XPXD into GS_sky130_fd_pr__pfet_01v8_U2XPXD.ext:
Extracting GS_sky130_fd_pr__pfet_01v8_KDZMJM into GS_sky130_fd_pr__pfet_01v8_KDZMJM.ext:
Extracting GS_sky130_fd_pr__nfet_01v8_9ZWGZ9 into GS_sky130_fd_pr__nfet_01v8_9ZWGZ9.ext:
Extracting GS_sky130_fd_pr__nfet_01v8_ML4XRG into GS_sky130_fd_pr__nfet_01v8_ML4XRG.ext:
Extracting GS_sky130_fd_pr__nfet_01v8_9ZAZEB into GS_sky130_fd_pr__nfet_01v8_9ZAZEB.ext:
Extracting GS_dyn_comp_v1 into GS_dyn_comp_v1.ext:
Extracting GS_M1M2_MAG_7849107791412 into GS_M1M2_MAG_7849107791412.ext:
Extracting GS_M3M4_MAG_7849107791418 into GS_M3M4_MAG_7849107791418.ext:
Extracting vias_gen$7 into vias_gen$7.ext:
Extracting GS_col_periphery into GS_col_periphery.ext:
Extracting GS_col_periphery_1x2 into GS_col_periphery_1x2.ext:
Extracting vias_gen$3 into vias_gen$3.ext:
Extracting GS_openDVS_pixel into GS_openDVS_pixel.ext:
GS_openDVS_pixel: 1 warning
Extracting GS_contact$1 into GS_contact$1.ext:
Extracting GS_contact$25$1$1 into GS_contact$25$1$1.ext:
Extracting vias_gen$4 into vias_gen$4.ext:
Extracting GS_openDVS_pixel2x2_bot into GS_openDVS_pixel2x2_bot.ext:
Extracting vias_gen$9 into vias_gen$9.ext:
Extracting GS_pixel_layout_tile_bot into GS_pixel_layout_tile_bot.ext:
Extracting GS_openDVS_pixel2x2_top into GS_openDVS_pixel2x2_top.ext:
Extracting vias_gen$8 into vias_gen$8.ext:
Extracting GS_pixel_layout_tile into GS_pixel_layout_tile.ext:
Extracting GS_pixel_layout_biasgen_connector_v3 into GS_pixel_layout_biasgen_connector_v3.ext:
Extracting GS_vias_gen$14 into GS_vias_gen$14.ext:
Extracting GS_vias_gen$2 into GS_vias_gen$2.ext:
Extracting GS_vias_gen$12 into GS_vias_gen$12.ext:
Extracting GS_pixel_4tile_left_vdd_gnd_connectors into GS_pixel_4tile_left_vdd_gnd_connectors.ext:
Extracting pixel_4tile into pixel_4tile.ext:
Extracting user_project_wrapper into user_project_wrapper.ext:
Total of 16 warnings.

TIME: extract: 00:03:29 

Devs merged: 0
Devs merged: 14
Devs merged: 14
Devs merged: 14
Devs merged: 14
Devs merged: 30
Devs merged: 30
Devs merged: 36
Devs merged: 36
Devs merged: 36
Devs merged: 38
Devs merged: 38
Devs merged: 38
Devs merged: 38
Devs merged: 38
Devs merged: 38
Devs merged: 38
Devs merged: 38
Devs merged: 38
Devs merged: 38
Devs merged: 38
Devs merged: 38
Devs merged: 38
Devs merged: 38
Devs merged: 38
Devs merged: 38
Devs merged: 52
Devs merged: 60
Devs merged: 63
Devs merged: 69
Devs merged: 72
Devs merged: 82
Devs merged: 88
Devs merged: 116
Devs merged: 134
Devs merged: 136
Devs merged: 136
Devs merged: 136
Devs merged: 136
Devs merged: 142
Devs merged: 142
Devs merged: 142
Devs merged: 142
Devs merged: 148
Devs merged: 148
Devs merged: 148
Devs merged: 166
Devs merged: 172
Devs merged: 182
Devs merged: 184
Devs merged: 196
Devs merged: 198
Devs merged: 198
Devs merged: 226
Devs merged: 226
Devs merged: 226
Devs merged: 228
Devs merged: 264
Devs merged: 266
Devs merged: 268
Devs merged: 284
Devs merged: 284
Devs merged: 294
Devs merged: 338
Devs merged: 338
Devs merged: 348
Devs merged: 348
Devs merged: 354
Devs merged: 368
Devs merged: 372
Devs merged: 386
Devs merged: 394
Devs merged: 400
Devs merged: 402
Devs merged: 402
Devs merged: 402
Devs merged: 420
Devs merged: 422
Devs merged: 428
Devs merged: 430
Devs merged: 440
Devs merged: 442
Devs merged: 442
Devs merged: 442
Devs merged: 448
Devs merged: 448
Devs merged: 450
Devs merged: 478
Devs merged: 482
Devs merged: 488
Devs merged: 490
Devs merged: 502
Devs merged: 502
Devs merged: 504
Devs merged: 510
Devs merged: 512
Devs merged: 530
Devs merged: 530
Devs merged: 540
Devs merged: 540
Devs merged: 542
Devs merged: 542
Devs merged: 544
Devs merged: 544
Devs merged: 566
Devs merged: 570
Devs merged: 600
Devs merged: 610
Devs merged: 610
Devs merged: 622
Devs merged: 638
Devs merged: 638
Devs merged: 644
Devs merged: 646
Devs merged: 648
Devs merged: 656
Devs merged: 674
Devs merged: 692
Devs merged: 710
Devs merged: 711
Devs merged: 721
Devs merged: 727
Devs merged: 738
Devs merged: 740
Devs merged: 742
Devs merged: 754
Devs merged: 754
Devs merged: 784
Devs merged: 784
Devs merged: 786
Devs merged: 794
Devs merged: 832
Devs merged: 834
Devs merged: 840
Devs merged: 842
Devs merged: 842
Devs merged: 842
Devs merged: 860
Devs merged: 862
Devs merged: 862
Devs merged: 868
Devs merged: 868
Devs merged: 870
Devs merged: 872
Devs merged: 872
Devs merged: 872
Devs merged: 880
Devs merged: 880
Devs merged: 910
Devs merged: 910
Devs merged: 916
Devs merged: 916
Devs merged: 916
Devs merged: 920
Devs merged: 930
Devs merged: 940
Devs merged: 956
Devs merged: 956
Devs merged: 956
Devs merged: 956
Devs merged: 956
Devs merged: 956
Devs merged: 956
Devs merged: 956
Devs merged: 956
Devs merged: 956
Devs merged: 956
Devs merged: 956
Devs merged: 956
Devs merged: 956
Devs merged: 956
Devs merged: 956
Devs merged: 956
Devs merged: 956
Devs merged: 956
Devs merged: 956
Devs merged: 958
Devs merged: 982
Devs merged: 1006
Devs merged: 1069
Devs merged: 1069
Devs merged: 1069
Devs merged: 1073
Devs merged: 1089
Devs merged: 1091
Devs merged: 1093
Devs merged: 1099
Devs merged: 1115
Devs merged: 1137
Devs merged: 1139
Devs merged: 1145
Devs merged: 1165
Devs merged: 1179
Devs merged: 1230
Devs merged: 1230
Devs merged: 1230
Devs merged: 1230
Devs merged: 1261
Devs merged: 1264
Devs merged: 1265
Devs merged: 1265
Devs merged: 1296
Devs merged: 1362
Devs merged: 1362
Devs merged: 1375
Devs merged: 1388
Devs merged: 1401
Devs merged: 1414
Devs merged: 1428
Devs merged: 1428
Devs merged: 1428
Devs merged: 1428
Devs merged: 1428
Devs merged: 1444
Devs merged: 1446
Devs merged: 1446
Devs merged: 1446
Devs merged: 1446
Devs merged: 1509
Devs merged: 1515
Devs merged: 1515
Devs merged: 1515
Devs merged: 1515
Devs merged: 1515
Devs merged: 1531
Devs merged: 1531
exttospice finished.

TIME: netlist: 00:00:36 

Using technology "sky130A", version 1.0.532-0-gb01f6d2
END: Thu Sep 24 07:06:09 2026
Runtime: 0:05:56 (hh:mm:ss)
