
╭────────────────────────────────── Precheck ──────────────────────────────────╮
│ CF Precheck v1.3.7                                                           │
│ Project: project_audit_orig (digital, sky130A)                               │
│ Checks:  2                                                                   │
╰──────────────────────────────────────────────────────────────────────────────╯

  [1/2] LVS ............................................... FAIL  (2666.0s)
         LVS FAILED (stat=1), see 
/home/rpgraca/opendvs_final/project_audit_orig/precheck_results/baseline_lvs/log
s/LVS_check.log
  [2/2] OEB ............................................... FAIL  (4.5s)
         OEB FAILED (stat=5), see 
/home/rpgraca/opendvs_final/project_audit_orig/precheck_results/baseline_lvs/log
s/OEB_check.log

                Precheck Summary                
┏━━━━━━━━━━━━━━━━━━━━━━┳━━━━━━━━━━┳━━━━━━━━━━━━┓
┃ Check                ┃  Status  ┃   Duration ┃
┡━━━━━━━━━━━━━━━━━━━━━━╇━━━━━━━━━━╇━━━━━━━━━━━━┩
│ LVS                  │   FAIL   │    2666.0s │
│ OEB                  │   FAIL   │       4.5s │
│ Magic DRC            │   SKIP   │          - │
└──────────────────────┴──────────┴────────────┘
Results saved to /home/rpgraca/opendvs_final/project_audit_orig/.cf/project.json
Full log at /home/rpgraca/opendvs_final/project_audit_orig/precheck_results
