[2026-08-12 16:02:55.595965] [0x00000001f62b9d80] [info] Today is: Wed Aug 12 16:02:55 2026

[2026-08-12 16:02:55.596465] [0x00000001f62b9d80] [info] Command:
[2026-08-12 16:02:55.596469] [0x00000001f62b9d80] [info] dali -lef custom.lef -def seed.def -cell custom.cell -o placed_test -d 0.7 

[2026-08-12 16:02:55.596482] [0x00000001f62b9d80] [info] ------------------------------------------------------------
[2026-08-12 16:02:55.596484] [0x00000001f62b9d80] [info] Load information from PhyDB
[2026-08-12 16:02:55.596486] [0x00000001f62b9d80] [info]   placement grid not set in PhyDB
[2026-08-12 16:02:55.596489] [0x00000001f62b9d80] [info]   checking sites
[2026-08-12 16:02:55.596490] [0x00000001f62b9d80] [info]     width : 0.6um
[2026-08-12 16:02:55.596494] [0x00000001f62b9d80] [info]     height: 0.3um
[2026-08-12 16:02:55.599591] [0x00000001f62b9d80] [info] No P-well layer info provided, creating fake info
[2026-08-12 16:02:55.599605] [0x00000001f62b9d80] [info] (wall time: 0.003121s, cpu time: 0.003121)
[2026-08-12 16:02:55.599607] [0x00000001f62b9d80] [info] ------------------------------------------------------------
[2026-08-12 16:02:55.599608] [0x00000001f62b9d80] [info] Circuit brief summary:
[2026-08-12 16:02:55.599609] [0x00000001f62b9d80] [info]   movable blocks: 6164
[2026-08-12 16:02:55.599611] [0x00000001f62b9d80] [info]   fixed blocks:   0
[2026-08-12 16:02:55.599613] [0x00000001f62b9d80] [info]   blocks:         6164
[2026-08-12 16:02:55.599614] [0x00000001f62b9d80] [info]   iopins:         76
[2026-08-12 16:02:55.599616] [0x00000001f62b9d80] [info]   nets:           5867
[2026-08-12 16:02:55.599617] [0x00000001f62b9d80] [info]   grid size x/y:  0.6/0.3um
[2026-08-12 16:02:55.599619] [0x00000001f62b9d80] [info]   total movable blk area: 430785
[2026-08-12 16:02:55.599620] [0x00000001f62b9d80] [info]   total white space     : 8632008
[2026-08-12 16:02:55.599622] [0x00000001f62b9d80] [info]   total block area      : 430785
[2026-08-12 16:02:55.599623] [0x00000001f62b9d80] [info]   total space: 8632008
[2026-08-12 16:02:55.599625] [0x00000001f62b9d80] [info]     left:   10
[2026-08-12 16:02:55.599626] [0x00000001f62b9d80] [info]     right:  2086
[2026-08-12 16:02:55.599627] [0x00000001f62b9d80] [info]     bottom: 18
[2026-08-12 16:02:55.599628] [0x00000001f62b9d80] [info]     top:    4176
[2026-08-12 16:02:55.599630] [0x00000001f62b9d80] [info]   average movable width/height: 5.84637/11.6997um
[2026-08-12 16:02:55.599632] [0x00000001f62b9d80] [info]   white space utility: 0.0499055
[2026-08-12 16:02:55.599633] [0x00000001f62b9d80] [info]   current weighted HPWL: 18722.4um
[2026-08-12 16:02:55.600468] [0x00000001f62b9d80] [info] ------------------------------------------------------------
[2026-08-12 16:02:55.600474] [0x00000001f62b9d80] [info] Start global placement
[2026-08-12 16:02:55.600485] [0x00000001f62b9d80] [info]   target density: 0.7
[2026-08-12 16:02:55.600514] [0x00000001f62b9d80] [info]   Block location initialization:
    HPWL before, 18722.4
[2026-08-12 16:02:55.600745] [0x00000001f62b9d80] [info]     HPWL after, 5.78537e+06
[2026-08-12 16:02:55.650574] [0x00000001f62b9d80] [info]   iter-0  : 1.3011e+04  5.6000e+05
[2026-08-12 16:02:55.669723] [0x00000001f62b9d80] [info]   iter-1  : 1.3518e+04  3.4895e+05
[2026-08-12 16:02:55.713078] [0x00000001f62b9d80] [info]   iter-2  : 1.5756e+04  2.7294e+05
[2026-08-12 16:02:55.768319] [0x00000001f62b9d80] [info]   iter-3  : 1.8974e+04  2.3662e+05
[2026-08-12 16:02:55.815753] [0x00000001f62b9d80] [info]   iter-4  : 2.2474e+04  2.2397e+05
[2026-08-12 16:02:55.864294] [0x00000001f62b9d80] [info]   iter-5  : 2.9168e+04  1.9474e+05
[2026-08-12 16:02:55.904466] [0x00000001f62b9d80] [info]   iter-6  : 3.4833e+04  1.7250e+05
[2026-08-12 16:02:55.945445] [0x00000001f62b9d80] [info]   iter-7  : 4.0613e+04  1.6519e+05
[2026-08-12 16:02:55.981193] [0x00000001f62b9d80] [info]   iter-8  : 4.7441e+04  1.4782e+05
[2026-08-12 16:02:56.009341] [0x00000001f62b9d80] [info]   iter-9  : 5.0733e+04  1.4494e+05
[2026-08-12 16:02:56.043645] [0x00000001f62b9d80] [info]   iter-10 : 6.0432e+04  1.3272e+05
[2026-08-12 16:02:56.064924] [0x00000001f62b9d80] [info]   iter-11 : 6.3719e+04  1.3102e+05
[2026-08-12 16:02:56.088845] [0x00000001f62b9d80] [info]   iter-12 : 7.0023e+04  1.2641e+05
[2026-08-12 16:02:56.108971] [0x00000001f62b9d80] [info]   iter-13 : 7.4636e+04  1.1858e+05
[2026-08-12 16:02:56.125855] [0x00000001f62b9d80] [info]   iter-14 : 7.5625e+04  1.1764e+05
[2026-08-12 16:02:56.144053] [0x00000001f62b9d80] [info]   iter-15 : 7.8993e+04  1.1617e+05
[2026-08-12 16:02:56.157984] [0x00000001f62b9d80] [info]   iter-16 : 8.1255e+04  1.0822e+05
[2026-08-12 16:02:56.174377] [0x00000001f62b9d80] [info]   iter-17 : 8.2994e+04  1.0991e+05
[2026-08-12 16:02:56.186697] [0x00000001f62b9d80] [info]   iter-18 : 8.4654e+04  1.0741e+05
[2026-08-12 16:02:56.197556] [0x00000001f62b9d80] [info]   iter-19 : 8.4873e+04  1.0736e+05
[2026-08-12 16:02:56.208409] [0x00000001f62b9d80] [info]   iter-20 : 8.5956e+04  1.0693e+05
[2026-08-12 16:02:56.208439] [0x00000001f62b9d80] [info]   current weighted HPWL: 106926um
[2026-08-12 16:02:56.208613] [0x00000001f62b9d80] [info] [0;36mGlobal placement completed[0m
[2026-08-12 16:02:56.208616] [0x00000001f62b9d80] [info] (wall time: 0.608147s, cpu time: 0.617984)
[2026-08-12 16:02:56.208622] [0x00000001f62b9d80] [info] (peak memory: 24MB,  current memory: 24MB)
[2026-08-12 16:02:56.208694] [0x00000001f62b9d80] [info] ------------------------------------------------------------
[2026-08-12 16:02:56.208696] [0x00000001f62b9d80] [info] Start standard cluster well legalization
[2026-08-12 16:02:56.208705] [0x00000001f62b9d80] [info]   Well max plug distance: 75um, 125 
[2026-08-12 16:02:56.208707] [0x00000001f62b9d80] [info]   GridValueX: 0.6 um
[2026-08-12 16:02:56.208708] [0x00000001f62b9d80] [info]   Well spacing: 1.275um, 3
[2026-08-12 16:02:56.208710] [0x00000001f62b9d80] [info]   Well tap cell width: 2
[2026-08-12 16:02:56.208981] [0x00000001f62b9d80] [info] Max movable cell width: 22
[2026-08-12 16:02:56.208983] [0x00000001f62b9d80] [info] Using default gridded row width: 2*max_unplug_length_
[2026-08-12 16:02:56.208984] [0x00000001f62b9d80] [info]   Total number of columns: 9
[2026-08-12 16:02:56.208986] [0x00000001f62b9d80] [info]   Gridded row width: 138um, 230
[2026-08-12 16:02:56.210221] [0x00000001f62b9d80] [info] Maximum possible number of gridded rows in a column: 461
[2026-08-12 16:02:56.211005] [0x00000001f62b9d80] [info] Form block clustering
[2026-08-12 16:02:56.212856] [0x00000001f62b9d80] [info]   current weighted HPWL: 125683um
[2026-08-12 16:02:56.213032] [0x00000001f62b9d80] [info] Flip cluster orientation
[2026-08-12 16:02:56.213048] [0x00000001f62b9d80] [info]   current weighted HPWL: 130509um
[2026-08-12 16:02:56.213217] [0x00000001f62b9d80] [info] Perform local reordering
[2026-08-12 16:02:56.213218] [0x00000001f62b9d80] [info] reorder iteration: 0
[2026-08-12 16:02:56.229601] [0x00000001f62b9d80] [info]   current weighted HPWL: 126766um
[2026-08-12 16:02:56.229790] [0x00000001f62b9d80] [info] reorder iteration: 1
[2026-08-12 16:02:56.246070] [0x00000001f62b9d80] [info]   current weighted HPWL: 125657um
[2026-08-12 16:02:56.246255] [0x00000001f62b9d80] [info] reorder iteration: 2
[2026-08-12 16:02:56.262548] [0x00000001f62b9d80] [info]   current weighted HPWL: 125494um
[2026-08-12 16:02:56.262739] [0x00000001f62b9d80] [info] reorder iteration: 3
[2026-08-12 16:02:56.279009] [0x00000001f62b9d80] [info]   current weighted HPWL: 125569um
[2026-08-12 16:02:56.279192] [0x00000001f62b9d80] [info] reorder iteration: 4
[2026-08-12 16:02:56.295432] [0x00000001f62b9d80] [info]   current weighted HPWL: 125725um
[2026-08-12 16:02:56.295621] [0x00000001f62b9d80] [info] reorder iteration: 5
[2026-08-12 16:02:56.311825] [0x00000001f62b9d80] [info]   current weighted HPWL: 125950um
[2026-08-12 16:02:56.312003] [0x00000001f62b9d80] [info] Insert well tap cells
[2026-08-12 16:02:56.312149] [0x00000001f62b9d80] [info] Insertion complete: 594 well tap cell created
[2026-08-12 16:02:56.312151] [0x00000001f62b9d80] [info] Skip creating end cap cells
[2026-08-12 16:02:56.312153] [0x00000001f62b9d80] [info]   current weighted HPWL: 126911um
[2026-08-12 16:02:56.312362] [0x00000001f62b9d80] [info] [0;36mStandard Cluster Well Legalization completed[0m
[2026-08-12 16:02:56.312366] [0x00000001f62b9d80] [info] (wall time: 0.103671s, cpu time: 0.103605)
[2026-08-12 16:02:56.312369] [0x00000001f62b9d80] [info] (peak memory: 26MB,  current memory: 26MB)
[2026-08-12 16:02:56.312381] [0x00000001f62b9d80] [info] Writing PP and NP rect file: dali_outppnp.rect
[2026-08-12 16:02:56.313098] [0x00000001f62b9d80] [info] Writing N-well rect file: dali_outwell.rect
[2026-08-12 16:02:56.313253] [0x00000001f62b9d80] [info] Writing cluster rect file: dali_out_router.cluster
[2026-08-12 16:02:56.313437] [0x00000001f62b9d80] [info] ------------------------------------------------------------
[2026-08-12 16:02:56.313439] [0x00000001f62b9d80] [info] Start I/O Placement
[2026-08-12 16:02:56.313457] [0x00000001f62b9d80] [info] [0;36mI/O Placement complete![0m
[2026-08-12 16:02:56.313484] [0x00000001f62b9d80] [info] Writing DEF file: placed_test.def
[2026-08-12 16:02:56.318522] [0x00000001f62b9d80] [info] Writing DEF file: placed_test_io.def
[2026-08-12 16:02:56.323904] [0x00000001f62b9d80] [info] Writing DEF file: placed_test_filling.def
[2026-08-12 16:02:56.326509] [0x00000001f62b9d80] [info] Writing DEF file: placed_test_comp.def
[2026-08-12 16:02:56.331684] [0x00000001f62b9d80] [info] 
[2026-08-12 16:02:56.331687] [0x00000001f62b9d80] [info]                                          Net histogram
[2026-08-12 16:02:56.331688] [0x00000001f62b9d80] [info] =================================================================================================
[2026-08-12 16:02:56.331690] [0x00000001f62b9d80] [info]   Net         Count     Percent/%      sum HPWL        ave HPWL        min HPWL        max HPWL
[2026-08-12 16:02:56.331694] [0x00000001f62b9d80] [info]    2           3346       60.2         8.24e+04        2.46e+01        5.00e+00        3.36e+02
[2026-08-12 16:02:56.331696] [0x00000001f62b9d80] [info]    3           1609       28.9         7.08e+04        4.40e+01        1.00e+01        2.14e+02
[2026-08-12 16:02:56.331699] [0x00000001f62b9d80] [info]    4-19         570       10.2         4.64e+04        8.15e+01        1.60e+01        3.50e+02
[2026-08-12 16:02:56.331701] [0x00000001f62b9d80] [info]   20-39           4        0.1         6.62e+02        1.66e+02        1.50e+02        1.83e+02
[2026-08-12 16:02:56.331703] [0x00000001f62b9d80] [info]   40-79          31        0.6         1.01e+04        3.27e+02        2.22e+02        4.61e+02
[2026-08-12 16:02:56.331705] [0x00000001f62b9d80] [info]   80-159          0        0.0         0.00e+00        0.00e+00        0.00e+00        0.00e+00
[2026-08-12 16:02:56.331707] [0x00000001f62b9d80] [info]  160+             1        0.0         1.13e+03        1.13e+03        1.13e+03        1.13e+03
[2026-08-12 16:02:56.331708] [0x00000001f62b9d80] [info] =================================================================================================
[2026-08-12 16:02:56.331709] [0x00000001f62b9d80] [info]  * HPWL unit, grid value in X: 0.6 um
[2026-08-12 16:02:56.331711] [0x00000001f62b9d80] [info] 
[2026-08-12 16:02:56.331908] [0x00000001f62b9d80] [info] 
[2026-08-12 16:02:56.331910] [0x00000001f62b9d80] [info]                   HPWL histogram (linear scale bins)
[2026-08-12 16:02:56.331911] [0x00000001f62b9d80] [info] ===================================================================
[2026-08-12 16:02:56.331913] [0x00000001f62b9d80] [info]    HPWL interval         Count
[2026-08-12 16:02:56.331915] [0x00000001f62b9d80] [info]   [0.0e+00, 1.1e+02)     5600  ************************************************
[2026-08-12 16:02:56.331917] [0x00000001f62b9d80] [info]   [1.1e+02, 2.3e+02)      207  **
[2026-08-12 16:02:56.331918] [0x00000001f62b9d80] [info]   [2.3e+02, 3.4e+02)       43  *
[2026-08-12 16:02:56.331920] [0x00000001f62b9d80] [info]   [3.4e+02, 4.5e+02)       15  *
[2026-08-12 16:02:56.331921] [0x00000001f62b9d80] [info]   [4.5e+02, 5.6e+02)        1  *
[2026-08-12 16:02:56.331923] [0x00000001f62b9d80] [info]   [5.6e+02, 6.8e+02)        0  
[2026-08-12 16:02:56.331935] [0x00000001f62b9d80] [info]   [6.8e+02, 7.9e+02)        0  
[2026-08-12 16:02:56.331937] [0x00000001f62b9d80] [info]   [7.9e+02, 9.0e+02)        0  
[2026-08-12 16:02:56.331939] [0x00000001f62b9d80] [info]   [9.0e+02, 1.0e+03)        0  
[2026-08-12 16:02:56.331940] [0x00000001f62b9d80] [info]   [1.0e+03, 1.1e+03)        1  *
[2026-08-12 16:02:56.331941] [0x00000001f62b9d80] [info] ===================================================================
[2026-08-12 16:02:56.331943] [0x00000001f62b9d80] [info]  * HPWL unit, grid value in X: 0.6 um
[2026-08-12 16:02:56.331945] [0x00000001f62b9d80] [info] 
[2026-08-12 16:02:56.332148] [0x00000001f62b9d80] [info] 
[2026-08-12 16:02:56.332150] [0x00000001f62b9d80] [info]                   HPWL histogram (log scale bins)
[2026-08-12 16:02:56.332151] [0x00000001f62b9d80] [info] ===================================================================
[2026-08-12 16:02:56.332152] [0x00000001f62b9d80] [info]    HPWL interval         Count
[2026-08-12 16:02:56.332155] [0x00000001f62b9d80] [info]   [5.0e+00, 8.6e+00)      587  *****
[2026-08-12 16:02:56.332156] [0x00000001f62b9d80] [info]   [8.6e+00, 1.5e+01)     1035  ********
[2026-08-12 16:02:56.332158] [0x00000001f62b9d80] [info]   [1.5e+01, 2.5e+01)     1333  ***********
[2026-08-12 16:02:56.332160] [0x00000001f62b9d80] [info]   [2.5e+01, 4.4e+01)     1150  *********
[2026-08-12 16:02:56.332161] [0x00000001f62b9d80] [info]   [4.4e+01, 7.5e+01)      829  *******
[2026-08-12 16:02:56.332163] [0x00000001f62b9d80] [info]   [7.5e+01, 1.3e+02)      428  ***
[2026-08-12 16:02:56.332164] [0x00000001f62b9d80] [info]   [1.3e+02, 2.2e+02)      139  *
[2026-08-12 16:02:56.332166] [0x00000001f62b9d80] [info]   [2.2e+02, 3.8e+02)       50  
[2026-08-12 16:02:56.332167] [0x00000001f62b9d80] [info]   [3.8e+02, 6.6e+02)        9  
[2026-08-12 16:02:56.332169] [0x00000001f62b9d80] [info]   [6.6e+02, 1.1e+03)        1  
[2026-08-12 16:02:56.332170] [0x00000001f62b9d80] [info] ===================================================================
[2026-08-12 16:02:56.332171] [0x00000001f62b9d80] [info]  * HPWL unit, grid value in X: 0.6 um
[2026-08-12 16:02:56.332173] [0x00000001f62b9d80] [info] 
[2026-08-12 16:02:56.332633] [0x00000001f62b9d80] [info] Export Pplus/Nplus fillings to PhyDB
[2026-08-12 16:02:56.332653] [0x00000001f62b9d80] [info] Export N wells to PhyDB
[2026-08-12 16:02:56.341395] [0x00000001f62b9d80] [info] ****End of placement (wall time: 0.771236s, cpu time: 0.780432s)****
