== layout saved 2026-09-22 21:46:15
== 1. export openDVS_pixel2x2_top -> rcc/openDVS_pixel2x2_top.r16.gds
== 2. Magic RCC on rpgraca-ini.wg0
{"accepted": true, "output_sha256": "0641798ac15c43068ce6d97db171bc7e0e654f69e4d9160469d29bddb7a1a620", "report": "/home/rpgraca/.cache/opencode/opendvs-pex/edited-pixel-magic-20260921-v1/r16/composition_report.json"}
== ngspice unit adapter (production_v2 transforms, hash/inventory gates lifted)
   inventory {'capacitors': 665, 'resistors': 3209, 'mos': 80, 'mim': 12, 'diodes': 4}
   sha256 f1322a92a47115419d0c114bc56e056617d06de420921ba604a60ec83d6ae879
   caps: 665  res: 3209
== 3. install into /home/rpgraca/research/projects/telluride/2025/nic_eventcam/openDVS-layout/debug/opendvs_reset_rise_20260921 as source/openDVS_pixel2x2_magic_rcc_ngspice.reset_physical_pd.r16.spice
Traceback (most recent call last):
  File "/home/rpgraca/research/projects/telluride/2025/nic_eventcam/openDVS-layout/debug/opendvs_reset_rise_20260921/./validate_package.py", line 176, in <module>
    main()
    ~~~~^^
  File "/home/rpgraca/research/projects/telluride/2025/nic_eventcam/openDVS-layout/debug/opendvs_reset_rise_20260921/./validate_package.py", line 168, in main
    report = static_checks()
  File "/home/rpgraca/research/projects/telluride/2025/nic_eventcam/openDVS-layout/debug/opendvs_reset_rise_20260921/./validate_package.py", line 79, in static_checks
    require('main circuit differs beyond normalized include relocation, interactive save-all, and stop time', normalize_circuit(main) == expected_main_circuit)
    ~~~~~~~^^^^^^^^^^^^^^^^^^^^^^^^^^^^^^^^^^^^^^^^^^^^^^^^^^^^^^^^^^^^^^^^^^^^^^^^^^^^^^^^^^^^^^^^^^^^^^^^^^^^^^^^^^^^^^^^^^^^^^^^^^^^^^^^^^^^^^^^^^^^^^^^^^^^
  File "/home/rpgraca/research/projects/telluride/2025/nic_eventcam/openDVS-layout/debug/opendvs_reset_rise_20260921/./validate_package.py", line 45, in require
    raise RuntimeError(label)
RuntimeError: main circuit differs beyond normalized include relocation, interactive save-all, and stop time
!! validate_package.py failed
  File "/home/rpgraca/research/projects/telluride/2025/nic_eventcam/openDVS-layout/debug/opendvs_reset_rise_20260921/./validate_package.py", line 45, in require
    raise RuntimeError(label)
RuntimeError: main circuit differs beyond normalized include relocation, interactive save-all, and stop time
