== layout saved 2026-09-22 09:26:53
== 1. export openDVS_pixel2x2_top -> rcc/openDVS_pixel2x2_top.edit20260922l.gds
== 2. Magic RCC on rpgraca-ini.wg0
{"accepted": true, "output_sha256": "659b9a7e00e9539aa0d0e360d79596951d7e05a1329d7020a2920e4e351b777f", "report": "/home/rpgraca/.cache/opencode/opendvs-pex/edited-pixel-magic-20260921-v1/edit20260922l/composition_report.json"}
== ngspice unit adapter (production_v2 transforms, hash/inventory gates lifted)
   inventory {'capacitors': 657, 'resistors': 3209, 'mos': 80, 'mim': 12, 'diodes': 4}
   sha256 77ec457eb4aab05f9b8ba479351c856136f353321d5ee42fa08ce7e685601f38
   caps: 657  res: 3209
== 3. install into /home/rpgraca/research/projects/telluride/2025/nic_eventcam/openDVS-layout/debug/opendvs_reset_rise_20260921 as source/openDVS_pixel2x2_magic_rcc_ngspice.reset_physical_pd.edit20260922l.spice
Traceback (most recent call last):
  File "/home/rpgraca/research/projects/telluride/2025/nic_eventcam/openDVS-layout/debug/opendvs_reset_rise_20260921/./validate_package.py", line 176, in <module>
    main()
    ~~~~^^
  File "/home/rpgraca/research/projects/telluride/2025/nic_eventcam/openDVS-layout/debug/opendvs_reset_rise_20260921/./validate_package.py", line 168, in main
    report = static_checks()
  File "/home/rpgraca/research/projects/telluride/2025/nic_eventcam/openDVS-layout/debug/opendvs_reset_rise_20260921/./validate_package.py", line 79, in static_checks
    require('main circuit differs beyond normalized include relocation, interactive save-all, and stop time', normalize_circuit(main) == expected_main_circuit)
    ~~~~~~~^^^^^^^^^^^^^^^^^^^^^^^^^^^^^^^^^^^^^^^^^^^^^^^^^^^^^^^^^^^^^^^^^^^^^^^^^^^^^^^^^^^^^^^^^^^^^^^^^^^^^^^^^^^^^^^^^^^^^^^^^^^^^^^^^^^^^^^^^^^^^^^^^^^^
  File "/home/rpgraca/research/projects/telluride/2025/nic_eventcam/openDVS-layout/debug/opendvs_reset_rise_20260921/./validate_package.py", line 45, in require
    raise RuntimeError(label)
RuntimeError: main circuit differs beyond normalized include relocation, interactive save-all, and stop time
!! validate_package.py failed
  File "/home/rpgraca/research/projects/telluride/2025/nic_eventcam/openDVS-layout/debug/opendvs_reset_rise_20260921/./validate_package.py", line 45, in require
    raise RuntimeError(label)
RuntimeError: main circuit differs beyond normalized include relocation, interactive save-all, and stop time
